DIAG: {
 "fullcalendar_classes_present": 75,
 "sample": [
  "fc-media-screen",
  "fc-direction-ltr",
  "fc-theme-standard",
  "fc-view-harness",
  "fc-view-harness-active",
  "fc-resourceTimelineDay-view",
  "fc-view",
  "fc-resource-timeline",
  "fc-timeline",
  "fc-timeline-overlap-enabled",
  "fc-scrollgrid",
  "fc-scrollgrid-liquid",
  "fc-scrollgrid-section",
  "fc-scrollgrid-section-header",
  "fc-scroller-harness",
  "fc-scroller",
  "fc-datagrid-header",
  "fc-scrollgrid-sync-table"
 ],
 "grid_found": true,
 "grid_class": "fc fc-media-screen fc-direction-ltr fc-theme-standard",
 "card_classes": "sidebar-card sidebar-card--approved sidebar-card--draggable sidebar-card--openable schedule-sidebar__card",
 "card_html_head": "<div data-v-c106551b=\"\" data-v-dab0358e=\"\" class=\"sidebar-card sidebar-card--approved sidebar-card--draggable sidebar-card--openable schedule-sidebar__card\" data-schedule-drag=\"wo:582a8993-793d-4e6f-8dd0-abec5b4a3be0\" data-work-order-id=\"582a8993-793d-4e6f-8dd0-abec5b4a3be0\" role=\"button\" tabindex=\"0\" data-test-id=\"sidebar_work_order_card\"><div data-v-c106551b=\"\" class=\"row items-start no-wrap sidebar-card__top\"><spa",
 "fc_draggable_els": 0,
 "any_draggable_attr": 0,
 "has_FullCalendar": false
}
EMPTY CELL: {"x":852,"y":357.75,"tag":"TD","cls":"fc-timeline-slot fc-timeline-slot-lane fc-timeline-slot-major fc-slot fc-slot-tue fc-slot-","tid":null}
technique D: from DRAG HANDLE 259,433
  [D-handle-slow] scope picker visible: false
  technique E error: Error: page.$: Unexpected token "=" while parsing css selector "[class*=drag_indicator], text=drag_indicator". Did you mean to CSS.escape it?
RESULT: scope picker DID NOT OPEN