BOARD BEFORE: shifts=11 events=3 series=4
dragging S8685-13014 (6 lines) -> empty lane cell
  [01-picker] texts=254
  [02] clicked "Select multiple"
  [02-select-multiple] texts=254
  checkboxes found: 2
  [03-lines-ticked] texts=254
FOUR-LABEL PROBE: {
 "Select all": {
  "in_markup": false,
  "exact_text_nodes": 0,
  "visible": false,
  "variants": [
   "Select multiple",
   "2 selected · 1.7h"
  ]
 },
 "Cancel": {
  "in_markup": false,
  "exact_text_nodes": 0,
  "visible": false,
  "variants": []
 },
 "Change scope": {
  "in_markup": false,
  "exact_text_nodes": 0,
  "visible": false,
  "variants": []
 },
 "Full estimate": {
  "in_markup": false,
  "exact_text_nodes": 0,
  "visible": false,
  "variants": []
 }
}
BOARD AFTER : shifts=11 events=3 series=4
DIFF NOW: added=0 [] removed=0