
===== /administration/roles-permissions =====
DOM: rows=2 emptyState=true tabs=[]
API CALLS THE PAGE MADE (15):
  {"m":"GET","u":"/api/organization/feature-flags?organization_id=","s":400,"ct":"application/problem+json","collection_count":null,"accept":"application/json, text/plain, */*","body_head":"{\"errors\":[{\"organization_id\":\"Invalid parameter type\"}]}","post":null}
  {"m":"GET","u":"/api/organization/feature-flags?organization_id=","s":400,"ct":"application/problem+json","collection_count":null,"accept":"application/json, text/plain, */*","body_head":"{\"errors\":[{\"organization_id\":\"Invalid parameter type\"}]}","post":null}
  {"m":"GET","u":"/api/staff/my-workplaces","s":200,"ct":"application/json","collection_count":2,"accept":"application/json, text/plain, */*","body_head":"{\"data\":{\"collection\":[{\"id\":\"b3c8c820-f815-4cf1-8938-10956c5ee71a\",\"name\":\"Staging Heavy Duty - 9919\",\"color\":\"#d66c00\",\"timezone\":\"America/Edmonton\",\"country_code\":\"CA\",\"telephone\":\"(403) 523 - 0488\",\"shop_id\":\"8685\",\"remit_to\":\"b
  {"m":"GET","u":"/api/iam/view-profile/","s":200,"ct":"application/json","collection_count":null,"accept":"application/json, text/plain, */*","body_head":"{\"data\":{\"user\":{\"first_name\":\"Admin\",\"email\":\"admin@shopview.com\",\"last_name\":\"ShopView\",\"job_title\":\"Admin\",\"confirmed_invitation_on\":\"2026-06-14 06:41:27\",\"role_id\":\"d7f80014-a279-42b4-a797-674da80c22ed\",\"avatar_url\":null,\"enrollmen
  {"m":"GET","u":"/api/workplaces/timezones","s":200,"ct":"application/json","collection_count":null,"accept":"application/json, text/plain, */*","body_head":"{\"data\":[{\"name\":\"Africa/Abidjan\",\"offset\":0},{\"name\":\"Africa/Accra\",\"offset\":0},{\"name\":\"Africa/Addis_Ababa\",\"offset\":180},{\"name\":\"Africa/Algiers\",\"offset\":60},{\"name\":\"Africa/Asmara\",\"offset\":180},{\"name\":\"Africa/Bamako\",\"o
  {"m":"GET","u":"/api/notes?mention_id=0eabf741-019e-4b02-84ce-66097c140b3a&is_read=false","s":200,"ct":"application/json","collection_count":null,"accept":"application/json, text/plain, */*","body_head":"{\"data\":{\"notes\":[],\"pagination\":{\"sortBy\":null,\"descending\":false,\"page\":1,\"rowsPerPage\":100}}}","post":null}
  {"m":"GET","u":"/api/technicians","s":200,"ct":"application/json","collection_count":50,"accept":"application/json, text/plain, */*","body_head":"{\"data\":{\"collection\":[{\"id\":\"ccbacb31-53f3-488e-9a7e-28f781761e62\",\"user_id\":\"0eabf741-019e-4b02-84ce-66097c140b3a\",\"first_name\":\"Admin\",\"last_name\":\"ShopView\",\"name\":\"Admin ShopView\"},{\"id\":\"02b06910-a3ff-4057-81d2-3956d10f1236\",\"user_id\":\"5
  {"m":"GET","u":"/api/technician-tasks/my-current-task","s":200,"ct":"application/json","collection_count":null,"accept":"application/json, text/plain, */*","body_head":"{\"data\":{\"technician_task\":[]}}","post":null}
  {"m":"GET","u":"/api/workplaces","s":200,"ct":"application/json","collection_count":2,"accept":"application/json, text/plain, */*","body_head":"{\"data\":{\"collection\":[{\"id\":\"f8a8b802-7780-4b16-bf10-343caeb616b2\",\"name\":\"Staging Lethbridge - 4310\",\"address_1\":\"4310 9 Avenue North\",\"address_2\":null,\"state_or_province\":\"Alberta\",\"postal_code\":\"T1H 6N4\",\"city\":\"Lethbridge\",\"telephone\":\"(4
  {"m":"GET","u":"/api/organizations//roles?pagination%5Bpage%5D=1&pagination%5BrowsPerPage%5D=30&pagination%5BsortBy%5D=is_default&pagination%5Bdescending%5D=true","s":404,"ct":"application/problem+json","collection_count":null,"accept":"application/json, text/plain, */*","body_head":"{\"errors\":[{\"error\":\"'resource' was not found.\"}]}","post":null}
  {"m":"GET","u":"/api/reporting/individual-punch-clock/today?range=today","s":200,"ct":"application/json","collection_count":0,"accept":"application/json, text/plain, */*","body_head":"{\"data\":{\"collection\":[],\"pagination\":{\"sortBy\":null,\"descending\":false,\"page\":1,\"rowsPerPage\":100}}}","post":null}
  {"m":"GET","u":"/api/notifications/subscribe-token","s":200,"ct":"application/json","collection_count":null,"accept":"application/json, text/plain, */*","body_head":"{\"data\":{\"token\":\"[REDACTED — Mercure JWT bearer token, removed 11 August 2026]\",\"hubUrl
  {"m":"GET","u":"/api/global-search/fetch","s":200,"ct":"application/json","collection_count":45966,"accept":"application/json, text/plain, */*","body_head":"{\"data\":{\"collection\":[{\"id\":\"c74be862-ee85-4f73-ae60-c21ac88b4521\",\"label\":\"S8685-15888 Aadale Motors\",\"more_info\":\"06 Aug 2026\",\"type\":\"Work Order\",\"search\":\"Aadale Motors 15888s15888s868515888s8685-158888685-15888s-15888aadalemotorsdecli
  {"m":"GET","u":"/api/organizations//roles?pagination%5Bpage%5D=1&pagination%5BrowsPerPage%5D=30&pagination%5BsortBy%5D=is_default&pagination%5Bdescending%5D=true","s":404,"ct":"application/problem+json","collection_count":null,"accept":"application/json, text/plain, */*","body_head":"{\"errors\":[{\"error\":\"'resource' was not found.\"}]}","post":null}
  {"m":"GET","u":"/api/reporting/individual-punch-clock/today?range=today","s":200,"ct":"application/json","collection_count":0,"accept":"application/json, text/plain, */*","body_head":"{\"data\":{\"collection\":[],\"pagination\":{\"sortBy\":null,\"descending\":false,\"page\":1,\"rowsPerPage\":100}}}","post":null}
JS ERRORS (13): ["console: Failed to load resource: net::ERR_FAILED","console: Failed to load resource: net::ERR_FAILED","console: Failed to load resource: net::ERR_FAILED","console: Failed to load resource: net::ERR_FAILED"]

===== /administration/staff =====
DOM: rows=2 emptyState=true tabs=["Active(0)","Deactivated(0)"]
API CALLS THE PAGE MADE (12):
  {"m":"GET","u":"/api/technicians","s":200,"ct":"application/json","collection_count":50,"accept":"application/json, text/plain, */*","body_head":"{\"data\":{\"collection\":[{\"id\":\"ccbacb31-53f3-488e-9a7e-28f781761e62\",\"user_id\":\"0eabf741-019e-4b02-84ce-66097c140b3a\",\"first_name\":\"Admin\",\"last_name\":\"ShopView\",\"name\":\"Admin ShopView\"},{\"id\":\"02b06910-a3ff-4057-81d2-3956d10f1236\",\"user_id\":\"5
  {"m":"GET","u":"/api/staff/my-workplaces","s":200,"ct":"application/json","collection_count":2,"accept":"application/json, text/plain, */*","body_head":"{\"data\":{\"collection\":[{\"id\":\"b3c8c820-f815-4cf1-8938-10956c5ee71a\",\"name\":\"Staging Heavy Duty - 9919\",\"color\":\"#d66c00\",\"timezone\":\"America/Edmonton\",\"country_code\":\"CA\",\"telephone\":\"(403) 523 - 0488\",\"shop_id\":\"8685\",\"remit_to\":\"b
  {"m":"GET","u":"/api/technician-tasks/my-current-task","s":200,"ct":"application/json","collection_count":null,"accept":"application/json, text/plain, */*","body_head":"{\"data\":{\"technician_task\":[]}}","post":null}
  {"m":"GET","u":"/api/organization/feature-flags?organization_id=","s":400,"ct":"application/problem+json","collection_count":null,"accept":"application/json, text/plain, */*","body_head":"{\"errors\":[{\"organization_id\":\"Invalid parameter type\"}]}","post":null}
  {"m":"GET","u":"/api/workplaces/timezones","s":200,"ct":"application/json","collection_count":null,"accept":"application/json, text/plain, */*","body_head":"{\"data\":[{\"name\":\"Africa/Abidjan\",\"offset\":0},{\"name\":\"Africa/Accra\",\"offset\":0},{\"name\":\"Africa/Addis_Ababa\",\"offset\":180},{\"name\":\"Africa/Algiers\",\"offset\":60},{\"name\":\"Africa/Asmara\",\"offset\":180},{\"name\":\"Africa/Bamako\",\"o
  {"m":"GET","u":"/api/workplaces","s":200,"ct":"application/json","collection_count":2,"accept":"application/json, text/plain, */*","body_head":"{\"data\":{\"collection\":[{\"id\":\"f8a8b802-7780-4b16-bf10-343caeb616b2\",\"name\":\"Staging Lethbridge - 4310\",\"address_1\":\"4310 9 Avenue North\",\"address_2\":null,\"state_or_province\":\"Alberta\",\"postal_code\":\"T1H 6N4\",\"city\":\"Lethbridge\",\"telephone\":\"(4
  {"m":"GET","u":"/api/iam/view-profile/","s":200,"ct":"application/json","collection_count":null,"accept":"application/json, text/plain, */*","body_head":"{\"data\":{\"user\":{\"first_name\":\"Admin\",\"email\":\"admin@shopview.com\",\"last_name\":\"ShopView\",\"job_title\":\"Admin\",\"confirmed_invitation_on\":\"2026-06-14 06:41:27\",\"role_id\":\"d7f80014-a279-42b4-a797-674da80c22ed\",\"avatar_url\":null,\"enrollmen
  {"m":"GET","u":"/api/reporting/individual-punch-clock/today?range=today","s":200,"ct":"application/json","collection_count":0,"accept":"application/json, text/plain, */*","body_head":"{\"data\":{\"collection\":[],\"pagination\":{\"sortBy\":null,\"descending\":false,\"page\":1,\"rowsPerPage\":100}}}","post":null}
  {"m":"GET","u":"/api/notes?mention_id=0eabf741-019e-4b02-84ce-66097c140b3a&is_read=false","s":200,"ct":"application/json","collection_count":null,"accept":"application/json, text/plain, */*","body_head":"{\"data\":{\"notes\":[],\"pagination\":{\"sortBy\":null,\"descending\":false,\"page\":1,\"rowsPerPage\":100}}}","post":null}
  {"m":"GET","u":"/api/notifications/subscribe-token","s":200,"ct":"application/json","collection_count":null,"accept":"application/json, text/plain, */*","body_head":"{\"data\":{\"token\":\"[REDACTED — Mercure JWT bearer token, removed 11 August 2026]\",\"hubUrl
  {"m":"GET","u":"/api/reporting/individual-punch-clock/today?range=today","s":200,"ct":"application/json","collection_count":0,"accept":"application/json, text/plain, */*","body_head":"{\"data\":{\"collection\":[],\"pagination\":{\"sortBy\":null,\"descending\":false,\"page\":1,\"rowsPerPage\":100}}}","post":null}
  {"m":"GET","u":"/api/global-search/fetch","s":200,"ct":"application/json","collection_count":45966,"accept":"application/json, text/plain, */*","body_head":"{\"data\":{\"collection\":[{\"id\":\"c74be862-ee85-4f73-ae60-c21ac88b4521\",\"label\":\"S8685-15888 Aadale Motors\",\"more_info\":\"06 Aug 2026\",\"type\":\"Work Order\",\"search\":\"Aadale Motors 15888s15888s868515888s8685-158888685-15888s-15888aadalemotorsdecli
JS ERRORS (11): ["console: Failed to load resource: net::ERR_FAILED","console: Failed to load resource: net::ERR_FAILED","console: Failed to load resource: net::ERR_FAILED","console: Failed to load resource: net::ERR_FAILED"]