C53518
  field0 fr-view=false escaped=false literalTagInText=false :: ""
  field1 fr-view=true escaped=false literalTagInText=false :: " 1. Log in to the shop app as a user who has access to "
  field2 fr-view=true escaped=false literalTagInText=false :: " 1. In the left menu open Settings, then click the Invo"
  field3 fr-view=true escaped=false literalTagInText=false :: " 1. A pick list is present on the Invoice Settings page"
  field4 fr-view=false escaped=false literalTagInText=false :: ""
C53519
  field0 fr-view=false escaped=false literalTagInText=false :: ""
  field1 fr-view=true escaped=false literalTagInText=false :: " 1. Logged in as a user with access to invoice settings"
  field2 fr-view=true escaped=false literalTagInText=false :: " 1. Open the “Invoice Design” pick list.2. Read every o"
  field3 fr-view=true escaped=false literalTagInText=false :: " 1. The pick list offers exactly two options, labeled e"
  field4 fr-view=false escaped=false literalTagInText=false :: ""
C53520
  field0 fr-view=false escaped=false literalTagInText=false :: ""
  field1 fr-view=true escaped=false literalTagInText=false :: " 1. Logged in as a user with access to invoice settings"
  field2 fr-view=true escaped=false literalTagInText=false :: " 1. Locate the explanatory text shown directly below th"
  field3 fr-view=true escaped=false literalTagInText=false :: " 1. The explanatory text below the setting reads exactl"
  field4 fr-view=false escaped=false literalTagInText=false :: ""
C53521
  field0 fr-view=false escaped=false literalTagInText=false :: ""
  field1 fr-view=true escaped=false literalTagInText=false :: " 1. An organization that has more than one location.2. "
  field2 fr-view=true escaped=false literalTagInText=false :: " 1. Confirm the “Invoice Design” setting appears once o"
  field3 fr-view=true escaped=false literalTagInText=false :: " 1. The \"Invoice Design\" setting appears exactly once a"
  field4 fr-view=false escaped=false literalTagInText=false :: ""
C53522
  field0 fr-view=false escaped=false literalTagInText=false :: ""
  field1 fr-view=true escaped=false literalTagInText=false :: " 1. An organization that already existed at the moment "
  field2 fr-view=true escaped=false literalTagInText=false :: " 1. Read the currently selected value of the “Invoice D"
  field3 fr-view=true escaped=false literalTagInText=false :: " 1. For an organization that already existed when this "
  field4 fr-view=false escaped=false literalTagInText=false :: ""
C53523
  field0 fr-view=false escaped=false literalTagInText=false :: ""
  field1 fr-view=true escaped=false literalTagInText=false :: " 1. A brand-new organization created after this setting"
  field2 fr-view=true escaped=false literalTagInText=false :: " 1. Read the currently selected value of the “Invoice D"
  field3 fr-view=true escaped=false literalTagInText=false :: " 1. For an organization created after this shipped, the"
  field4 fr-view=false escaped=false literalTagInText=false :: ""
C53524
  field0 fr-view=false escaped=false literalTagInText=false :: ""
  field1 fr-view=true escaped=false literalTagInText=false :: " 1. Logged in with access to invoice settings.2. In the"
  field2 fr-view=true escaped=false literalTagInText=false :: " 1. Open the “Invoice Design” pick list and choose “Leg"
  field3 fr-view=true escaped=false literalTagInText=false :: " 1. A confirmation dialog is shown before the change is"
  field4 fr-view=false escaped=false literalTagInText=false :: ""
C53525
  field0 fr-view=false escaped=false literalTagInText=false :: ""
  field1 fr-view=true escaped=false literalTagInText=false :: " 1. Logged in with access to invoice settings.2. In the"
  field2 fr-view=true escaped=false literalTagInText=false :: " 1. Open the “Invoice Design” pick list and choose “Mod"
  field3 fr-view=true escaped=false literalTagInText=false :: " 1. A confirmation dialog is shown before the change is"
  field4 fr-view=false escaped=false literalTagInText=false :: ""
C53526
  field0 fr-view=false escaped=false literalTagInText=false :: ""
  field1 fr-view=true escaped=false literalTagInText=false :: " 1. Logged in with access to invoice settings.2. In the"
  field2 fr-view=true escaped=false literalTagInText=false :: " 1. Choose “Legacy” and, in the confirmation dialog, cl"
  field3 fr-view=true escaped=false literalTagInText=false :: " 1. After confirming, a success toast is shown reading "
  field4 fr-view=false escaped=false literalTagInText=false :: ""
C53527
  field0 fr-view=false escaped=false literalTagInText=false :: ""
  field1 fr-view=true escaped=false literalTagInText=false :: " 1. On the Invoice Settings page; \"Invoice Design\" is s"
  field2 fr-view=true escaped=false literalTagInText=false :: " 1. Change the setting to \"Legacy\" and confirm.2. Immed"
  field3 fr-view=true escaped=false literalTagInText=false :: " 1. The change takes effect immediately, with no delay "
  field4 fr-view=false escaped=false literalTagInText=false :: ""
C53528
  field0 fr-view=false escaped=false literalTagInText=false :: ""
  field1 fr-view=true escaped=false literalTagInText=false :: " 1. Logged in with access to invoice settings.2. In the"
  field2 fr-view=true escaped=false literalTagInText=false :: " 1. Change the setting from “Modern” to “Legacy” and co"
  field3 fr-view=true escaped=false literalTagInText=false :: " 1. Each change is accepted; the setting can be changed"
  field4 fr-view=false escaped=false literalTagInText=false :: ""
C53529
  field0 fr-view=false escaped=false literalTagInText=false :: ""
  field1 fr-view=true escaped=false literalTagInText=false :: " 1. A user account that does NOT have access to the sho"
  field2 fr-view=true escaped=false literalTagInText=false :: " 1. Log in as the user without access and attempt to op"
  field3 fr-view=true escaped=false literalTagInText=false :: " 1. The user without access does not see the \"Invoice D"
  field4 fr-view=false escaped=false literalTagInText=false :: ""
C53530
  field0 fr-view=false escaped=false literalTagInText=false :: ""
  field1 fr-view=true escaped=false literalTagInText=false :: " 1. Logged in with access to invoice settings.2. In the"
  field2 fr-view=true escaped=false literalTagInText=false :: " 1. Choose “Legacy” so the confirmation dialog appears."
  field3 fr-view=true escaped=false literalTagInText=false :: " 1. After cancelling, the selection reverts to what it "
  field4 fr-view=false escaped=false literalTagInText=false :: ""
C53531
  field0 fr-view=false escaped=false literalTagInText=false :: ""
  field1 fr-view=true escaped=false literalTagInText=false :: " 1. \"Invoice Design\" is set to \"Modern\".2. A Work Order"
  field2 fr-view=true escaped=false literalTagInText=false :: " 1. Open the Invoice Settings page, change the setting "
  field3 fr-view=true escaped=false literalTagInText=false :: " 1. Changing the Invoice Design setting does not alter "
  field4 fr-view=false escaped=false literalTagInText=false :: ""
C53532
  field0 fr-view=false escaped=false literalTagInText=false :: ""
  field1 fr-view=true escaped=false literalTagInText=false :: " 1. Logged in with access to invoice settings.2. In the"
  field2 fr-view=true escaped=false literalTagInText=false :: " 1. Change the \"Invoice Design\" setting to the other op"
  field3 fr-view=true escaped=false literalTagInText=false :: " 1. Changing the Invoice Design setting does not change"
  field4 fr-view=false escaped=false literalTagInText=false :: ""
C53533
  field0 fr-view=false escaped=false literalTagInText=false :: ""
  field1 fr-view=true escaped=false literalTagInText=false :: " 1. Logged in with access to invoice settings.2. In the"
  field2 fr-view=true escaped=false literalTagInText=false :: " 1. Change the selection to \"Legacy\" and confirm so a s"
  field3 fr-view=true escaped=false literalTagInText=false :: " 1. When the change cannot be saved, an alert toast is "
  field4 fr-view=false escaped=false literalTagInText=false :: ""
C53534
  field0 fr-view=false escaped=false literalTagInText=false :: ""
  field1 fr-view=true escaped=false literalTagInText=false :: " 1. \"Invoice Design\" is set to \"Legacy\".2. A work order"
  field2 fr-view=true escaped=false literalTagInText=false :: " 1. Create a Work Order Invoice for the work order whil"
  field3 fr-view=true escaped=false literalTagInText=false :: " 1. A Work Order Invoice renders in the organization’s "
  field4 fr-view=false escaped=false literalTagInText=false :: ""
C53535
  field0 fr-view=false escaped=false literalTagInText=false :: ""
  field1 fr-view=true escaped=false literalTagInText=false :: " 1. \"Invoice Design\" is set to \"Legacy\".2. A parts sale"
  field2 fr-view=true escaped=false literalTagInText=false :: " 1. Create a Parts Sale Invoice while the setting is \"L"
  field3 fr-view=true escaped=false literalTagInText=false :: " 1. A Parts Sale Invoice renders in the organization’s "
  field4 fr-view=false escaped=false literalTagInText=false :: ""
C53536
  field0 fr-view=false escaped=false literalTagInText=false :: ""
  field1 fr-view=true escaped=false literalTagInText=false :: " 1. An existing Work Order Invoice that was created and"
  field2 fr-view=true escaped=false literalTagInText=false :: " 1. Raise a Credit Invoice against that single \"Legacy\""
  field3 fr-view=true escaped=false literalTagInText=false :: " 1. A Credit Invoice renders in the current Invoice Des"
  field4 fr-view=false escaped=false literalTagInText=false :: ""
C53537
  field0 fr-view=false escaped=false literalTagInText=false :: ""
  field1 fr-view=true escaped=false literalTagInText=false :: " 1. Two or more existing invoices that can be credited "
  field2 fr-view=true escaped=false literalTagInText=false :: " 1. Raise a single Credit Invoice that covers several i"
  field3 fr-view=true escaped=false literalTagInText=false :: " 1. A Credit Invoice raised against several invoices at"
  field4 fr-view=false escaped=false literalTagInText=false :: ""
C53538
  field0 fr-view=false escaped=false literalTagInText=false :: ""
  field1 fr-view=true escaped=false literalTagInText=false :: " 1. \"Invoice Design\" is set to \"Modern\".Route: to reach"
  field2 fr-view=true escaped=false literalTagInText=false :: " 1. Raise a Credit Invoice with no originating invoice "
  field3 fr-view=true escaped=false literalTagInText=false :: " 1. A Credit Invoice raised with no originating invoice"
  field4 fr-view=false escaped=false literalTagInText=false :: ""
C53539
  field0 fr-view=false escaped=false literalTagInText=false :: ""
  field1 fr-view=true escaped=false literalTagInText=false :: " 1. A Work Order Invoice created and captured in the \"L"
  field2 fr-view=true escaped=false literalTagInText=false :: " 1. View the unpaid invoice and note its design.2. Reco"
  field3 fr-view=true escaped=false literalTagInText=false :: " 1. An invoice renders in the current Invoice Design se"
  field4 fr-view=false escaped=false literalTagInText=false :: ""
C53540
  field0 fr-view=false escaped=false literalTagInText=false :: ""
  field1 fr-view=true escaped=false literalTagInText=false :: " 1. A Work Order Invoice created and captured in the \"L"
  field2 fr-view=true escaped=false literalTagInText=false :: " 1. Record payment(s) until the invoice is fully paid ("
  field3 fr-view=true escaped=false literalTagInText=false :: " 1. A fully paid invoice — the customer’s receipt — ren"
  field4 fr-view=false escaped=false literalTagInText=false :: ""
C53541
  field0 fr-view=false escaped=false literalTagInText=false :: ""
  field1 fr-view=true escaped=false literalTagInText=false :: " 1. \"Invoice Design\" is set to \"Modern\".2. A Work Order"
  field2 fr-view=true escaped=false literalTagInText=false :: " 1. Reverse the \"Modern\" Work Order Invoice.2. Change t"
  field3 fr-view=true escaped=false literalTagInText=false :: " 1. An invoice that is reversed and then recreated rend"
  field4 fr-view=false escaped=false literalTagInText=false :: ""
C53542
  field0 fr-view=false escaped=false literalTagInText=false :: ""
  field1 fr-view=true escaped=false literalTagInText=false :: " 1. An existing Work Order Invoice with a captured desi"
  field2 fr-view=true escaped=false literalTagInText=false :: " 1. Open Work Orders, open the work order, and click th"
  field3 fr-view=true escaped=false literalTagInText=false :: " 1. There is no way to choose a design for one individu"
  field4 fr-view=false escaped=false literalTagInText=false :: ""
C53543
  field0 fr-view=false escaped=false literalTagInText=false :: ""
  field1 fr-view=true escaped=false literalTagInText=false :: " 1. \"Invoice Design\" is set to \"Modern\".2. Ability to c"
  field2 fr-view=true escaped=false literalTagInText=false :: " 1. With the setting on \"Modern\", create a Work Order I"
  field3 fr-view=true escaped=false literalTagInText=false :: " 1. The Invoice Design setting governs all six customer"
  field4 fr-view=false escaped=false literalTagInText=false :: ""
C53544
  field0 fr-view=false escaped=false literalTagInText=false :: ""
  field1 fr-view=true escaped=false literalTagInText=false :: " 1. A work order with an estimate, whose work order has"
  field2 fr-view=true escaped=false literalTagInText=false :: " 1. View the estimate while the setting is \"Modern\" and"
  field3 fr-view=true escaped=false literalTagInText=false :: " 1. An estimate renders in the current Invoice Design s"
  field4 fr-view=false escaped=false literalTagInText=false :: ""
C53545
  field0 fr-view=false escaped=false literalTagInText=false :: ""
  field1 fr-view=true escaped=false literalTagInText=false :: " 1. A Work Order Invoice created and captured in the \"L"
  field2 fr-view=true escaped=false literalTagInText=false :: " 1. Open Work Orders, open the work order, and click th"
  field3 fr-view=true escaped=false literalTagInText=false :: " 1. An invoice renders in the current Invoice Design se"
  field4 fr-view=false escaped=false literalTagInText=false :: ""
C53547
  field0 fr-view=false escaped=false literalTagInText=false :: ""
  field1 fr-view=true escaped=false literalTagInText=false :: " 1. Log in to the shop app as a user who can reach Sett"
  field2 fr-view=true escaped=false literalTagInText=false :: " 1. Open the work order and go to its Finance tab > Est"
  field3 fr-view=true escaped=false literalTagInText=false :: " 1. The estimate renders in the Modern design, i.e. \"wh"
  field4 fr-view=false escaped=false literalTagInText=false :: ""
C53549
  field0 fr-view=false escaped=false literalTagInText=false :: ""
  field1 fr-view=true escaped=false literalTagInText=false :: " 1. Log in as a user who can reach Settings and work or"
  field2 fr-view=true escaped=false literalTagInText=false :: " 1. Open the old work order's Finance tab > Estimate vi"
  field3 fr-view=true escaped=false literalTagInText=false :: " 1. When the Invoice Design setting changes, every esti"
  field4 fr-view=false escaped=false literalTagInText=false :: ""
C53550
  field0 fr-view=false escaped=false literalTagInText=false :: ""
  field1 fr-view=true escaped=false literalTagInText=false :: " 1. Log in as a user who can reach Settings and work or"
  field2 fr-view=true escaped=false literalTagInText=false :: " 1. From the estimate, download (or email) a PDF while "
  field3 fr-view=true escaped=false literalTagInText=false :: " 1. The previously downloaded PDF file is unchanged - s"
  field4 fr-view=false escaped=false literalTagInText=false :: ""
C53551
  field0 fr-view=false escaped=false literalTagInText=false :: ""
  field1 fr-view=true escaped=false literalTagInText=false :: " 1. Log in as a user who can reach Settings and work or"
  field2 fr-view=true escaped=false literalTagInText=false :: " 1. Email/Send the estimate to the customer while the s"
  field3 fr-view=true escaped=false literalTagInText=false :: " 1. An estimate re-sent after the setting changed reach"
  field4 fr-view=false escaped=false literalTagInText=false :: ""
C53553
  field0 fr-view=false escaped=false literalTagInText=false :: ""
  field1 fr-view=true escaped=false literalTagInText=false :: " 1. Log in as a user who can reach Settings and work or"
  field2 fr-view=true escaped=false literalTagInText=false :: " 1. Open the work order's Finance tab > Estimate view, "
  field3 fr-view=true escaped=false literalTagInText=false :: " 1. An estimate for a work order created before the ref"
  field4 fr-view=false escaped=false literalTagInText=false :: ""
C53563
  field0 fr-view=false escaped=false literalTagInText=false :: ""
  field1 fr-view=true escaped=false literalTagInText=false :: " 1. Log in as a user who can reach Settings and invoice"
  field2 fr-view=true escaped=false literalTagInText=false :: " 1. Open Work Orders, open the work order, and click th"
  field3 fr-view=true escaped=false literalTagInText=false :: " 1. The in-app document preview renders the current Inv"
  field4 fr-view=false escaped=false literalTagInText=false :: ""
C53564
  field0 fr-view=false escaped=false literalTagInText=false :: ""
  field1 fr-view=true escaped=false literalTagInText=false :: " 1. Log in as a user who can reach Settings and invoice"
  field2 fr-view=true escaped=false literalTagInText=false :: " 1. Open Work Orders, open the work order, and click th"
  field3 fr-view=true escaped=false literalTagInText=false :: " 1. An in-app print or a PDF generated from the shop ap"
  field4 fr-view=false escaped=false literalTagInText=false :: ""
C53565
  field0 fr-view=false escaped=false literalTagInText=false :: ""
  field1 fr-view=true escaped=false literalTagInText=false :: " 1. Log in as a user who can reach Settings and invoice"
  field2 fr-view=true escaped=false literalTagInText=false :: " 1. Email the document PDF to the customer.2. Open the "
  field3 fr-view=true escaped=false literalTagInText=false :: " 1. A PDF emailed to a customer renders the current Inv"
  field4 fr-view=false escaped=false literalTagInText=false :: ""
C53566
  field0 fr-view=false escaped=false literalTagInText=false :: ""
  field1 fr-view=true escaped=false literalTagInText=false :: " 1. Log in as a user who can reach invoices, plus a cus"
  field2 fr-view=true escaped=false literalTagInText=false :: " 1. Open the customer portal (staging) and view the doc"
  field3 fr-view=true escaped=false literalTagInText=false :: " 1. The customer portal renders the current Invoice Des"
  field4 fr-view=false escaped=false literalTagInText=false :: ""
C53567
  field0 fr-view=false escaped=false literalTagInText=false :: ""
  field1 fr-view=true escaped=false literalTagInText=false :: " 1. Log in as a user who can reach invoices, plus a cus"
  field2 fr-view=true escaped=false literalTagInText=false :: " 1. On the customer portal (staging), generate the Invo"
  field3 fr-view=true escaped=false literalTagInText=false :: " 1. The paid banner continues to appear only on portal-"
  field4 fr-view=false escaped=false literalTagInText=false :: ""
C53568
  field0 fr-view=false escaped=false literalTagInText=false :: ""
  field1 fr-view=true escaped=false literalTagInText=false :: " 1. Log in as a user who can reach Settings and invoice"
  field2 fr-view=true escaped=false literalTagInText=false :: " 1. Reprint / preview the batch invoice and the importe"
  field3 fr-view=true escaped=false literalTagInText=false :: " 1. \"Batch invoices and imported invoices are unaffecte"
  field4 fr-view=false escaped=false literalTagInText=false :: ""
C53569
  field0 fr-view=false escaped=false literalTagInText=false :: ""
  field1 fr-view=true escaped=false literalTagInText=false :: " 1. Log in as a user who can reach Settings, plus a cus"
  field2 fr-view=true escaped=false literalTagInText=false :: " 1. On the customer portal (staging), open the standalo"
  field3 fr-view=true escaped=false literalTagInText=false :: " 1. \"The standalone portal Payment Receipt is unaffecte"
  field4 fr-view=false escaped=false literalTagInText=false :: ""
C53570
  field0 fr-view=false escaped=false literalTagInText=false :: ""
  field1 fr-view=true escaped=false literalTagInText=false :: " 1. Log in as a user who can reach Settings, work order"
  field2 fr-view=true escaped=false literalTagInText=false :: " 1. Print / preview the legacy-design invoice and check"
  field3 fr-view=true escaped=false literalTagInText=false :: " 1. \"The legacy invoice and parts sale templates print "
  field4 fr-view=false escaped=false literalTagInText=false :: ""
C53571
  field0 fr-view=false escaped=false literalTagInText=false :: ""
  field1 fr-view=true escaped=false literalTagInText=false :: " 1. Log in as a user who can reach Settings and invoice"
  field2 fr-view=true escaped=false literalTagInText=false :: " 1. Open the shop's document / invoice list.2. Reprint "
  field3 fr-view=true escaped=false literalTagInText=false :: " 1. An organization’s document list is always in a sing"
  field4 fr-view=false escaped=false literalTagInText=false :: ""
C53590
  field0 fr-view=false escaped=false literalTagInText=false :: ""
  field1 fr-view=true escaped=false literalTagInText=false :: " An organization with at least one work order that has "
  field2 fr-view=true escaped=false literalTagInText=false :: " 1. With the organization on Modern, open the document'"
  field3 fr-view=true escaped=false literalTagInText=false :: " 1. On step 1 the snapshot renders in Modern (the curre"
  field4 fr-view=false escaped=false literalTagInText=false :: ""
C53591
  field0 fr-view=false escaped=false literalTagInText=false :: ""
  field1 fr-view=true escaped=false literalTagInText=false :: " An organization on Modern with a spread of existing do"
  field2 fr-view=true escaped=false literalTagInText=false :: " 1. Note how the existing documents render on Modern (p"
  field3 fr-view=true escaped=false literalTagInText=false :: " 1. After step 2 every one of the documents, new and ol"
  field4 fr-view=false escaped=false literalTagInText=false :: ""
C53592
  field0 fr-view=false escaped=false literalTagInText=false :: ""
  field1 fr-view=true escaped=false literalTagInText=false :: " An organization with an invoice that has line items, t"
  field2 fr-view=true escaped=false literalTagInText=false :: " 1. With the organization on Modern, open the invoice a"
  field3 fr-view=true escaped=false literalTagInText=false :: " 1. The figures, totals, line items and document number"
  field4 fr-view=false escaped=false literalTagInText=false :: ""
DONE
