{
 "live": [
  {
   "tag": "DIV",
   "live": "polite",
   "role": "status",
   "text": "160 results found across 8 categories"
  },
  {
   "tag": "DIV",
   "live": null,
   "role": "status",
   "text": "Approved"
  },
  {
   "tag": "DIV",
   "live": null,
   "role": "status",
   "text": "Approved"
  },
  {
   "tag": "DIV",
   "live": null,
   "role": "status",
   "text": "Approved"
  },
  {
   "tag": "DIV",
   "live": null,
   "role": "status",
   "text": "Approved"
  },
  {
   "tag": "DIV",
   "live": null,
   "role": "status",
   "text": "Approved"
  },
  {
   "tag": "DIV",
   "live": null,
   "role": "status",
   "text": "1 Available"
  },
  {
   "tag": "DIV",
   "live": null,
   "role": "status",
   "text": "1 Available"
  },
  {
   "tag": "DIV",
   "live": null,
   "role": "status",
   "text": "2 Available"
  },
  {
   "tag": "DIV",
   "live": null,
   "role": "status",
   "text": "1 Available"
  },
  {
   "tag": "DIV",
   "live": null,
   "role": "status",
   "text": "71 Available"
  },
  {
   "tag": "DIV",
   "live": null,
   "role": "status",
   "text": "Approved"
  },
  {
   "tag": "DIV",
   "live": null,
   "role": "status",
   "text": "Paid"
  },
  {
   "tag": "DIV",
   "live": null,
   "role": "status",
   "text": "Paid"
  },
  {
   "tag": "DIV",
   "live": null,
   "role": "status",
   "text": "Paid"
  },
  {
   "tag": "DIV",
   "live": null,
   "role": "status",
   "text": "Paid"
  },
  {
   "tag": "DIV",
   "live": null,
   "role": "status",
   "text": "Partial Delivery"
  },
  {
   "tag": "DIV",
   "live": null,
   "role": "status",
   "text": "Ordered"
  },
  {
   "tag": "DIV",
   "live": null,
   "role": "status",
   "text": "Ordered"
  },
  {
   "tag": "DIV",
   "live": null,
   "role": "status",
   "text": "Ordered"
  },
  {
   "tag": "DIV",
   "live": null,
   "role": "status",
   "text": "Partial Delivery"
  },
  {
   "tag": "DIV",
   "live": null,
   "role": "status",
   "text": "Unpaid"
  },
  {
   "tag": "DIV",
   "live": null,
   "role": "status",
   "text": "Unpaid"
  },
  {
   "tag": "DIV",
   "live": null,
   "role": "status",
   "text": "Unpaid"
  },
  {
   "tag": "DIV",
   "live": null,
   "role": "status",
   "text": "Unpaid"
  },
  {
   "tag": "DIV",
   "live": null,
   "role": "status",
   "text": "Unpaid"
  }
 ],
 "dialogRole": "dialog name=\"\"",
 "tabRoles": [
  "tab/true",
  "tab/false",
  "tab/false"
 ],
 "rowRoles": [
  "option/false",
  "option/false",
  "option/false"
 ],
 "inputAria": "Search",
 "announcement": "160 results found across 8 categories"
}
announcement after narrowing: 6 results found across 2 categories
EXIT=0
