list after searching "ZZOPENCOUNT": ["Complete","In Progress"]
list after searching "ZZAUTOTEST Fibridge": ["Complete","In Progress","Estimate","Approved","Ready For Review","Declined","Invoiced","Paid"]
list after searching "Truck": ["Complete","In Progress","Estimate","Approved","Ready For Review","Declined","Invoiced","Paid"]

STATUS COLOURS ON THE JOBS LIST:
   Complete          {"bg":"rgb(255, 239, 202)","fg":"rgb(188, 56, 3)"}
   In Progress       {"bg":"rgb(217, 251, 208)","fg":"rgb(81, 102, 62)"}
   Estimate          {"bg":"rgb(229, 237, 255)","fg":"rgb(1, 87, 155)"}
   Approved          {"bg":"rgb(224, 242, 241)","fg":"rgb(0, 105, 92)"}
   Ready For Review  {"bg":"rgb(255, 239, 202)","fg":"rgb(188, 56, 3)"}
   Declined          {"bg":"rgb(255, 224, 219)","fg":"rgb(184, 24, 0)"}
   Invoiced          {"bg":"rgba(37, 176, 3, 0.08)","fg":"rgb(67, 160, 71)"}
   Paid              {"bg":"rgb(224, 242, 241)","fg":"rgb(0, 105, 92)"}

STATUS COLOURS IN SEARCH:
   In Progress       {"bg":"rgb(217, 251, 208)","fg":"rgb(81, 102, 62)"}
   Complete          {"bg":"rgb(255, 239, 202)","fg":"rgb(188, 56, 3)"}
   Approved          {"bg":"rgb(224, 242, 241)","fg":"rgb(0, 105, 92)"}
   Ready For Review  {"bg":"rgb(255, 239, 202)","fg":"rgb(188, 56, 3)"}
   Estimate          {"bg":"rgb(229, 237, 255)","fg":"rgb(1, 87, 155)"}
   Invoiced          {"bg":"rgba(37, 176, 3, 0.08)","fg":"rgb(67, 160, 71)"}
   Declined          {"bg":"rgb(255, 224, 219)","fg":"rgb(184, 24, 0)"}

COMPARED WHERE BOTH EXIST (7):
   In Progress       SAME
        search {"bg":"rgb(217, 251, 208)","fg":"rgb(81, 102, 62)"}
        list   {"bg":"rgb(217, 251, 208)","fg":"rgb(81, 102, 62)"}
   Complete          SAME
        search {"bg":"rgb(255, 239, 202)","fg":"rgb(188, 56, 3)"}
        list   {"bg":"rgb(255, 239, 202)","fg":"rgb(188, 56, 3)"}
   Approved          SAME
        search {"bg":"rgb(224, 242, 241)","fg":"rgb(0, 105, 92)"}
        list   {"bg":"rgb(224, 242, 241)","fg":"rgb(0, 105, 92)"}
   Ready For Review  SAME
        search {"bg":"rgb(255, 239, 202)","fg":"rgb(188, 56, 3)"}
        list   {"bg":"rgb(255, 239, 202)","fg":"rgb(188, 56, 3)"}
   Estimate          SAME
        search {"bg":"rgb(229, 237, 255)","fg":"rgb(1, 87, 155)"}
        list   {"bg":"rgb(229, 237, 255)","fg":"rgb(1, 87, 155)"}
   Invoiced          SAME
        search {"bg":"rgba(37, 176, 3, 0.08)","fg":"rgb(67, 160, 71)"}
        list   {"bg":"rgba(37, 176, 3, 0.08)","fg":"rgb(67, 160, 71)"}
   Declined          SAME
        search {"bg":"rgb(255, 224, 219)","fg":"rgb(184, 24, 0)"}
        list   {"bg":"rgb(255, 224, 219)","fg":"rgb(184, 24, 0)"}

matching: 7 of 7
EXIT=0
