C45133 chips for a query that matches ONE type only: ["All (35)","Customers (2)","Parts (13)","Purchase orders (20)"]

=== Recent activity
C44857 time headings: [] | C45128 Clear all present: false
C44858 recent rows: 12
  panel reads: All (35) Work orders (0) Customers (2) Assets (0) Parts (13) Vendors (0) Part sales (0) Purchase orders (20) Vendor invoices (0) 35 results found across 3 categories Customers (2) ZZSECONDARYQ Direct Haulage 1 Ranking Way, Fernvale, Ohio Me
    recent 1: ZZSECONDARYQ Direct Haulage 1 Ranking Way, Fer
    recent 2: Mercer Cartage Rival Contact match · 1 Ranking
    recent 3: ≈ close match: Engine Air Filter, Freightliner
    recent 4: ≈ close match: LOCK-SECONDARY, 2 POS,FMAL 10 A
    recent 5: ≈ close match: Secondary Engine Air Filter, Ku
    recent 6: ≈ close match: SECONDARY AIR FILTER (AF25963, 
    recent 7: ≈ close match: SECONDARY AIR FILTER (490495, A
    recent 8: S2-4915 Grand Haven Diesel Services LLC Ordere

C44859 clicking a recent item opens that record
  url changed: true -> c59b1417-0eb7-41a4-a9a9-9db74c4239a7/work-orders
  C44860 the record just opened is now at the top of recents: "ZZSECONDARYQ Direct Haulage 1 Ranking Way, Fer"

=== In-page Work Orders list search
  the list has its own search box: null

=== C44897 is the old search path gone?
    /api/global-search/fetch -> 404
    /api/global-search -> 404
EXIT=0
