C45132 panel on a phone: {"w":390,"h":844,"top":0,"left":0,"vw":390,"vh":844}
  full width: true | starts at the top: true | covers the screen: true
  Cancel present: true | placeholder: "Search work orders, parts…"
  empty state reads: Cancel Search for something
  horizontal page scroll: false

C45133 the chip row appears only once there is a query, and lists only what matched
  chips before typing: 0
  chips after typing: []

C45134 / C45136 rows= 160 | any show-all: false
    rows= 20  heading position=sticky  | Work orders (20) S9160-176
    rows= 20  heading position=sticky  | Customers (20) Truckmaster
    rows= 19  heading position=sticky  | Assets (20) Truck · 2007 K
    rows= 20  heading position=sticky  | Parts (20) TRUCK BOX TARP 
    rows= 20  heading position=sticky  | Vendors (20) Jefferson Tru
    rows= 20  heading position=sticky  | Part sales (20) P9160-263 
    rows= 20  heading position=sticky  | Purchase orders (20) P9160
    rows= 20  heading position=sticky  | Vendor invoices (20) dfgds
  footer keyboard legend on a phone: (none)

C45135 no-results on a phone
  reads: Cancel No results found No results for “ZZNOTHINGATALL”
  any create buttons: false
EXIT=0
