=== C55716 ZZTIEBREAK — which customer was updated more recently?
   ZZTIEBREAK Transport Two                   updated: undefined | created: undefined
   ZZTIEBREAK Transport One                   updated: undefined | created: undefined

=== C55722 ZZTALLYQ — open work order counts
   ZZTALLYQ Beta Freight                      badge/fields: {"addressLine1":"3 Toggle Street","addressLine2":null,"city":"Fernvale","state":"Ohio","postalCode":"44872-3001","countr
   ZZTALLYQ Alpha Freight                     badge/fields: {"addressLine1":"3 Toggle Street","addressLine2":null,"city":"Fernvale","state":"Ohio","postalCode":"44872-3001","countr

=== C55710 ZZVENDORPO — open purchase orders per vendor
   ZZVENDORPO Supply Open                     {"phone":"(264) 400-0001","email":"ap@zzrank.test","addressLine1":"2 Ranking Road","city":"Fernvale","hasOpenPurchaseOrd
   ZZVENDORPO Supply Quiet                    {"phone":"(264) 400-0001","email":"ap@zzrank.test","addressLine1":"2 Ranking Road","city":"Fernvale","hasOpenPurchaseOrd

=== C55712 ZZPARTBUSY — recent sale/view state
   ZZPARTBUSY Alternator Active               {"partNumber":"ZZPARTBUSY-2001","tags":[],"category":"Uncategorized","manufacturer":null,"vendorId":null,"vendorName":null,"binLocation":"H3
   ZZPARTBUSY Alternator Quiet                {"partNumber":"ZZPARTBUSY-2002","tags":[],"category":"Uncategorized","manufacturer":null,"vendorId":null,"vendorName":null,"binLocation":"H3

=== C55711 ZZPSRANK — part sale dates, status, creator
   P9160-261                                      Tannus Diesel Services Inc ZZPSRANK
   P9160-260                                      ZZAUTOTEST Bridgeport Hauling ZZPSRANK
   P9160-262                                      Tannus Diesel Services Inc ZZPSRANK
   P9160-246                                      Rainsville Truck Repair ZZPSRANK
   P2-13                                          Mobile Truck & Trailer Repair Muscatine ZZPSRANK
   P9160-243                                      Tannus Diesel Services Inc ZZPSRANK

=== C55723 ZZPHON — is either one a CONTACT match? (the row label is the tell)
   1. ZZPHON Knight Haulage 1 Ranking Way, Fernvale, Ohio
   2. ZZPHON Alternator Co 1 Ranking Way, Fernvale, Ohio
   3. ZZPHON Knight Bracket 6 Available ZZPHON-3002
   4. ZZPHON Alternator Assembly 8 Available ZZPHON-3001
   5. Savannah Truck Service & Repair 541-939-3388 · ≈ close match: 738 Thompson Inlet Suite 243
   any row labelled "Contact match": false

=== C55729 ZZPINRIVAL — what identifier should be typed?
   group work_orders -> 
   group customers -> ZZPINRIVAL Holdings
   group assets -> 
   group parts -> 
   group vendors -> 
   group part_sales -> 
   group purchase_orders -> 
   group vendor_invoices -> 

=== C55709 ZZOBSIDIAN assets — open work order per asset?
   2019 ZZOBSIDIAN Trucks Hauler                      {"year":2019,"make":"ZZOBSIDIAN Trucks","model":"Hauler","unit":"PERTAB-A1","vin":"PERTABAST0000001","customerId":"8817c
   2019 Western Heavy ZZOBSIDIAN Hauler               {"year":2019,"make":"Western","model":"Heavy ZZOBSIDIAN Hauler","unit":"PERTAB-B2","vin":"PERTABAST0000002","customerId"
   2019 ZZOBSIDIAM Trucks Hauler                      {"year":2019,"make":"ZZOBSIDIAM Trucks","model":"Hauler","unit":"PERTAB-C3","vin":"PERTABAST0000003","customerId":"8817c
EXIT=0
