=== C45137 purchase orders
  r1 1. I9160-1339 Port Lavaca Truck Service & Repair Fulfilled $1,972.97 · Aug 4, 2026
  r1 2. S2-11696 Port Lavaca Truck Service & Repair Fulfilled $1,194.71 · Dec 2, 2025
  r1 3. S9160-17466 Willoughby Mechanical Services Partial Delivery $531.88 · Aug 28, 2026 · P
  r1 4. I9160-1315 Butautas' Truck & Trailer Repair LLC Partial Delivery $2,333.91 · Jul 25, 2
  r1 5. S2-13288 Fate Roadside Truck Repair Ordered $1,384.18 · Feb 26, 2026 · Part name:Po
  r1 6. S2-12920 Revere Truck and Trailer Repair Ordered $11,446.49 · Feb 2, 2026 · Part name:
  r2 1. I9160-1339 Port Lavaca Truck Service & Repair Fulfilled $1,972.97 · Aug 4, 2026
  r2 2. S2-11696 Port Lavaca Truck Service & Repair Fulfilled $1,194.71 · Dec 2, 2025
  r2 3. S9160-17466 Willoughby Mechanical Services Partial Delivery $531.88 · Aug 28, 2026 · P
  r2 4. I9160-1315 Butautas' Truck & Trailer Repair LLC Partial Delivery $2,333.91 · Jul 25, 2
  r2 5. S2-13288 Fate Roadside Truck Repair Ordered $1,384.18 · Feb 26, 2026 · Part name:Po
  r2 6. S2-12920 Revere Truck and Trailer Repair Ordered $11,446.49 · Feb 2, 2026 · Part name:

=== C45138 vendor invoices
  r1 1. dfgdsgsfggsfdgsd 5 Star Truck Repair Unpaid $138.60 · Sep 18, 2026 · PO number:S9
  r1 2. fdsgsdgsg Airway Heights Truck & Trailer Repair Unpaid $23.10 · Sep 18, 2026 · PO numb
  r1 3. 445456 Airway Heights Truck & Trailer Repair Unpaid $52.50 · Sep 17, 2026 · PO number:
  r1 4. 5445546 ZZAUTOTEST Fibridge Mining Unpaid $240.00 · Sep 17, 2026 · PO number:S9
  r1 5. 102-050011 Global Fleet Services Unpaid $107.94 · Aug 31, 2026 · PO number:S9
  r1 6. X101366629:01 Willoughby Mechanical Services Unpaid $123.69 · Aug 28, 2026 · PO number
  r2 1. dfgdsgsfggsfdgsd 5 Star Truck Repair Unpaid $138.60 · Sep 18, 2026 · PO number:S9
  r2 2. fdsgsdgsg Airway Heights Truck & Trailer Repair Unpaid $23.10 · Sep 18, 2026 · PO numb
  r2 3. 445456 Airway Heights Truck & Trailer Repair Unpaid $52.50 · Sep 17, 2026 · PO number:
  r2 4. 5445546 ZZAUTOTEST Fibridge Mining Unpaid $240.00 · Sep 17, 2026 · PO number:S9
  r2 5. 102-050011 Global Fleet Services Unpaid $107.94 · Aug 31, 2026 · PO number:S9
  r2 6. X101366629:01 Willoughby Mechanical Services Unpaid $123.69 · Aug 28, 2026 · PO number

=== C55711 part sales (ZZPSRANK)
   1. P9160-261 Tannus Diesel Services Inc ZZPSRANK Estimate Admin ShopView · Sep 17, 2026
   2. P9160-260 ZZAUTOTEST Bridgeport Hauling ZZPSRANK Complete Admin ShopView · Sep 16, 2026
   3. P9160-262 Tannus Diesel Services Inc ZZPSRANK Estimate Tech ShopView · Sep 17, 2026
   4. P9160-246 Rainsville Truck Repair ZZPSRANK Paid Jeffrey Jordan · Aug 28, 2026
   5. P2-13 Mobile Truck & Trailer Repair Muscatine ZZPSRANK Paid Jeffrey Jordan · Mar 13, 2026
   6. P9160-243 Tannus Diesel Services Inc ZZPSRANK Complete Jeffrey Jordan · Aug 27, 2026

=== C55730 twenty-row cap (ZZBROAD parts)
   rows on the broad query: 20 | capped at 20: true
     1. ZZBROAD Widget 11 12 Available ZZBROAD-4011
     2. ZZBROAD Widget 14 12 Available ZZBROAD-4014
     3. ZZBROAD Widget 02 12 Available ZZBROAD-4002
   rows after narrowing: 0
   the narrowed target was absent from the broad list: true | present after narrowing: false

=== C44853 contextual boost on a Customer page (measured on the SCREEN, both pages)
   standing on customer: ZZAUTOTEST Fibridge Commercial 4b6f7023-e1f5-42db-95e0-9168d94c4fb5
   url: https://sv9160.qa.shopview.com/customers/4b6f7023-e1f5-42db-95e0-9168d94c4fb5/work-orders
   order from a NEUTRAL page:
     1. S9160-17671 ZZAUTOTEST Fibridge Logistics Approved 2021 KEN WORTH 
     2. S9160-17670 ZZAUTOTEST Fibridge Logistics Approved 2021 KEN WORTH 
     3. S9160-17664 ZZAUTOTEST Fibridge Commercial Ready For Review TRK 41
     4. S9160-17660 ZZAUTOTEST Fibridge Commercial In Progress TRK 412 · 2
     5. S9160-17662 ZZAUTOTEST Fibridge Commercial Ready For Review TRK 41
     6. ZZAUTOTEST Fibridge Commercial 11 open 4120 Fibridge Commerce Way,
     7. ZZAUTOTEST Fibridge Logistics 2 open 77 Fibridge Yard Road, Fernva
     8. ZZAUTOTEST Fibridge Retail 9 Fibridge Market Street, Fernvale, Ohi
   order from the CUSTOMER page:
     1. S9160-17662 ZZAUTOTEST Fibridge Commercial Ready For Review TRK 41
     2. S9160-17664 ZZAUTOTEST Fibridge Commercial Ready For Review TRK 41
     3. S9160-17663 ZZAUTOTEST Fibridge Commercial Ready For Review TRK 41
     4. S9160-17660 ZZAUTOTEST Fibridge Commercial In Progress TRK 412 · 2
     5. S9160-17658 ZZAUTOTEST Fibridge Commercial In Progress TRK 412 · 2
     6. ZZAUTOTEST Fibridge Commercial 11 open 4120 Fibridge Commerce Way,
     7. ZZAUTOTEST Fibridge Logistics 2 open 77 Fibridge Yard Road, Fernva
     8. ZZAUTOTEST Fibridge Retail 9 Fibridge Market Street, Fernvale, Ohi
   THE ORDER CHANGES WITH THE PAGE: true
EXIT=0
