
=== C44831 work order row
  row1 lines: ["S9160-17680 4 Star Truck Repair","Approved","2011 Hyundai Santa Fe"]
        icons: ["[object SVGAnimate"]  chips: [{"t":"Approved","bg":"rgb(224, 242, 241)","fg":"rgb(0, 105, 92)"}]
  row2 lines: ["S9160-17579 Buda Truck Repair","Approved","854"]
        icons: ["[object SVGAnimate"]  chips: [{"t":"Approved","bg":"rgb(224, 242, 241)","fg":"rgb(0, 105, 92)"}]
  row3 lines: ["S9160-17578 Buda Truck Repair","Approved","854"]
        icons: ["[object SVGAnimate"]  chips: [{"t":"Approved","bg":"rgb(224, 242, 241)","fg":"rgb(0, 105, 92)"}]

=== C44832 customer row
  row1 lines: ["Truckmaster Truck & Trailer Repair - Erie","639 Greene Squares, Markstad, Northwest Territories"]
        icons: ["[object SVGAnimate"]  chips: []
  row2 lines: ["Monroe Truck Service & Repair","16 open","938 Zachary Lodge Apt. 430, East Nancy, Manitoba"]
        icons: ["[object SVGAnimate","[object SVGAnimate"]  chips: [{"t":"16 open","bg":"rgb(238, 242, 246)","fg":"rgb(18, 25, 38)"}]
  row3 lines: ["Desert Edge Truck Service & Repair","8 open","2478 Dan Islands, West Joseph, Alberta"]
        icons: ["[object SVGAnimate","[object SVGAnimate"]  chips: [{"t":"8 open","bg":"rgb(238, 242, 246)","fg":"rgb(18, 25, 38)"}]

=== C44833 vehicle row
  row1 lines: ["2021 KEN WORTH T680","ZZAUTOTEST Fibridge Logistics"]
        icons: ["[object SVGAnimate"]  chips: []
  row2 lines: ["C77 · 2018 KEN WORTH T8 SERIES","Toronto Diesel & Fleet Repair"]
        icons: ["[object SVGAnimate"]  chips: []
  row3 lines: ["2023 KEN WORTH T880","Spanish Fork Diesel & Fleet Repair"]
        icons: ["[object SVGAnimate"]  chips: []

=== C44834 part row
  row1 lines: ["FILTER ASSY.","2 Available","CF19900"]
        icons: ["[object SVGAnimate"]  chips: [{"t":"2 Available","bg":"rgb(229, 120, 11)","fg":"rgb(255, 255, 255)"}]
  row2 lines: ["FILTER-AIR CAB EXTERIOR","2 Available","CFR20370"]
        icons: ["[object SVGAnimate"]  chips: [{"t":"2 Available","bg":"rgb(229, 120, 11)","fg":"rgb(255, 255, 255)"}]
  row3 lines: ["FILTER","1 Available","9R9925"]
        icons: ["[object SVGAnimate"]  chips: [{"t":"1 Available","bg":"rgb(229, 120, 11)","fg":"rgb(255, 255, 255)"}]

=== C44835 vendor row
  row1 lines: ["Jefferson Truck Center - Roanoke","285-069-2288","·"]
        icons: ["[object SVGAnimate"]  chips: []
  row2 lines: ["Vero Beach Heavy Duty Truck & Equipment Repair","719-297-2913","·"]
        icons: ["[object SVGAnimate"]  chips: []
  row3 lines: ["Connell & Sons Truck & Trailer Repair","187-255-3129","·"]
        icons: ["[object SVGAnimate"]  chips: []

=== C44836 part sale row
  row1 lines: ["P9160-265 ZZTOGPS Motors","Estimate","Admin ShopView"]
        icons: ["[object SVGAnimate"]  chips: [{"t":"Estimate","bg":"rgb(229, 237, 255)","fg":"rgb(1, 87, 155)"}]
  row2 lines: ["P9160-264 ZZAUTOTEST Bridgeport Hauling","Estimate","Admin ShopView"]
        icons: ["[object SVGAnimate"]  chips: [{"t":"Estimate","bg":"rgb(229, 237, 255)","fg":"rgb(1, 87, 155)"}]
  row3 lines: ["P9160-263 7 Star Truck Repair","Approved","Admin ShopView"]
        icons: ["[object SVGAnimate"]  chips: [{"t":"Approved","bg":"rgb(224, 242, 241)","fg":"rgb(0, 105, 92)"}]

=== C44899 purchase order row
  row1 lines: ["P9160-263 5 Star Truck Repair","Partial Delivery","$40.00"]
        icons: ["[object SVGAnimate"]  chips: [{"t":"Partial Delivery","bg":"rgb(255, 239, 202)","fg":"rgb(188, 56, 3)"}]
  row2 lines: ["P9160-243 Willoughby Mechanical Services","Fulfilled","$16.56"]
        icons: ["[object SVGAnimate"]  chips: [{"t":"Fulfilled","bg":"rgb(217, 251, 208)","fg":"rgb(81, 102, 62)"}]
  row3 lines: ["P9160-212 Global Fleet Services","Fulfilled","$90.90"]
        icons: ["[object SVGAnimate"]  chips: [{"t":"Fulfilled","bg":"rgb(217, 251, 208)","fg":"rgb(81, 102, 62)"}]

=== C44900 vendor invoice row
  row1 lines: ["dfgdsgsfggsfdgsd 5 Star Truck Repair","Unpaid","$138.60"]
        icons: ["[object SVGAnimate"]  chips: [{"t":"Unpaid","bg":"rgb(255, 224, 219)","fg":"rgb(184, 24, 0)"}]
  row2 lines: ["fdsgsdgsg Airway Heights Truck & Trailer Repair","Unpaid","$23.10"]
        icons: ["[object SVGAnimate"]  chips: [{"t":"Unpaid","bg":"rgb(255, 224, 219)","fg":"rgb(184, 24, 0)"}]
  row3 lines: ["445456 Airway Heights Truck & Trailer Repair","Unpaid","$52.50"]
        icons: ["[object SVGAnimate"]  chips: [{"t":"Unpaid","bg":"rgb(255, 224, 219)","fg":"rgb(184, 24, 0)"}]

=== C44837 / C44895 a contact-field match
  row1 lines: ["ZZSECONDARYQ Direct Haulage","1 Ranking Way, Fernvale, Ohio"]
        icons: ["[object SVGAnimate"]  chips: []
  row2 lines: ["Mercer Cartage Rival","Contact match","·"]
        icons: ["[object SVGAnimate"]  chips: []
EXIT=0
