C55729 inventory part -> 201 {"data":{"part_id":"07051746-f1c9-4935-ae3f-469a49d10430"}}

=== C55729 - exact identifier vs a strong name match, query ZZPINX9001
 round 1:
   1. Pin Rival Test Part 5 Available ZZPINX9001
   2. ZZPINX9001 Holdings Rival 1 Ranking Way, Fernvale, Ohio
 round 2:
   1. Pin Rival Test Part 5 Available ZZPINX9001
   2. ZZPINX9001 Holdings Rival 1 Ranking Way, Fernvale, Ohio

=== C55723 - name match vs contact-field match, query ZZSECONDARYQ
 round 1:
   1. ZZSECONDARYQ Direct Haulage 1 Ranking Way, Fernvale, Ohio
   2. Mercer Cartage Rival Contact match · 1 Ranking Way, Fernvale, Ohio
   3. ≈ close match: Engine Air Filter, Freightliner/Western Star (Use with Secondary Filt
   4. ≈ close match: LOCK-SECONDARY, 2 POS,FMAL 10 Available PAC-12052634-B
   5. ≈ close match: Secondary Engine Air Filter, Kubota 1 Available AF25484
   6. ≈ close match: SECONDARY AIR FILTER (AF25963, 46923, RS5329, P613335) 1 Available AT
 round 2:
   1. ZZSECONDARYQ Direct Haulage 1 Ranking Way, Fernvale, Ohio
   2. Mercer Cartage Rival Contact match · 1 Ranking Way, Fernvale, Ohio
   3. ≈ close match: Engine Air Filter, Freightliner/Western Star (Use with Secondary Filt
   4. ≈ close match: LOCK-SECONDARY, 2 POS,FMAL 10 Available PAC-12052634-B
   5. ≈ close match: Secondary Engine Air Filter, Kubota 1 Available AF25484
   6. ≈ close match: SECONDARY AIR FILTER (AF25963, 46923, RS5329, P613335) 1 Available AT
EXIT=0
