=== broad query "Truck", All tab
   panel open: true
  tabs: ["All (160)","Work orders (20)","Customers (20)","Assets (20)","Parts (20)","Vendors (20)","Part sales (20)","Purchase orders (20)","Vendor invoices (20)"]
  active: ["All\n(160)"] | rows in panel: 41
  counts in panel: [160,20,20,20,20,20,20,20,20,20,20,20,20,20,20,20,20] | any above 20: true
  show-all links: []
  groups:
     rows= 5  showAll=null  | Work orders (20) S9160-17680 4 Star Truck Repa
     rows= 5  showAll=null  | Customers (20) Truckmaster Truck & Trailer Rep
     rows= 5  showAll=null  | Assets (20) Truck · 2007 Kenworth T8 Series Th
     rows= 5  showAll=null  | Parts (20) TRUCK BOX TARP CRANK 1 Available 00
     rows= 5  showAll=null  | Vendors (20) Jefferson Truck Center - Roanoke 
     rows= 5  showAll=null  | Part sales (20) P9160-263 7 Star Truck Repair 
     rows= 5  showAll=null  | Purchase orders (20) P9160-263 5 Star Truck Re
     rows= 5  showAll=null  | Vendor invoices (20) dfgdsgsfggsfdgsd 5 Star T
  any mention of contacts: false
  panel text starts: All (160) Work orders (20) Customers (20) Assets (20) Parts (20) Vendors (20) Part sales (20) Purchase orders (20) Vendor invoices (20) 160 results found across 8 categories TRUCK 

=== each tab
  Work orders       active=["Work orders\n(20)"]  rows= 20  groups=1  <=20:true
  Customers         active=["Customers\n(20)"]    rows= 20  groups=1  <=20:true
  Assets            active=["Assets\n(20)"]       rows= 20  groups=1  <=20:true
  Parts             active=["Parts\n(20)"]        rows= 20  groups=1  <=20:true
  Vendors           active=["Vendors\n(20)"]      rows= 20  groups=1  <=20:true
  Part sales        active=["Part sales\n(20)"]   rows= 20  groups=1  <=20:true
  Purchase orders   active=["Purchase orders\n(20)"] rows= 20  groups=1  <=20:true
  Vendor invoices   active=["Vendor invoices\n(20)"] rows= 20  groups=1  <=20:true
EXIT=0
