# Report Suite Group C - re-pin the cited spec version to the live version (pass 2: byte-exact confirmation)
# Scope: ONLY cases proven content-current - each cites >=1 spec anchor and NONE of its cited anchors
# changed between the held and the live spec body. Stale-content cases were NOT re-pinned.
# run 2026-08-26T12:40:10.542612Z
# attempted 163 · byte-verified PASS 163 · FAIL 0
update_case · C30197 · NOT SENT · verification PASS (already byte-exact; version 22->24 re-pinned in pass 1)
update_case · C30198 · NOT SENT · verification PASS (already byte-exact; version 22->24 re-pinned in pass 1)
update_case · C30199 · NOT SENT · verification PASS (already byte-exact; version 22->24 re-pinned in pass 1)
update_case · C30200 · NOT SENT · verification PASS (already byte-exact; version 22->24 re-pinned in pass 1)
update_case · C30201 · NOT SENT · verification PASS (already byte-exact; version 22->24 re-pinned in pass 1)
update_case · C30202 · NOT SENT · verification PASS (already byte-exact; version 22->24 re-pinned in pass 1)
update_case · C30204 · NOT SENT · verification PASS (already byte-exact; version 22->24 re-pinned in pass 1)
update_case · C30209 · NOT SENT · verification PASS (already byte-exact; version 22->24 re-pinned in pass 1)
update_case · C30211 · NOT SENT · verification PASS (already byte-exact; version 22->24 re-pinned in pass 1)
update_case · C30212 · NOT SENT · verification PASS (already byte-exact; version 22->24 re-pinned in pass 1)
update_case · C30215 · NOT SENT · verification PASS (already byte-exact; version 22->24 re-pinned in pass 1)
update_case · C30216 · NOT SENT · verification PASS (already byte-exact; version 22->24 re-pinned in pass 1)
update_case · C30219 · NOT SENT · verification PASS (already byte-exact; version 22->24 re-pinned in pass 1)
update_case · C30222 · NOT SENT · verification PASS (already byte-exact; version 22->24 re-pinned in pass 1)
update_case · C30223 · NOT SENT · verification PASS (already byte-exact; version 22->24 re-pinned in pass 1)
update_case · C30224 · NOT SENT · verification PASS (already byte-exact; version 22->24 re-pinned in pass 1)
update_case · C30225 · NOT SENT · verification PASS (already byte-exact; version 22->24 re-pinned in pass 1)
update_case · C30227 · NOT SENT · verification PASS (already byte-exact; version 22->24 re-pinned in pass 1)
update_case · C30239 · NOT SENT · verification PASS (already byte-exact; version 22->24 re-pinned in pass 1)
update_case · C30242 · NOT SENT · verification PASS (already byte-exact; version 22->24 re-pinned in pass 1)
update_case · C30243 · NOT SENT · verification PASS (already byte-exact; version 22->24 re-pinned in pass 1)
update_case · C30244 · NOT SENT · verification PASS (already byte-exact; version 22->24 re-pinned in pass 1)
update_case · C30245 · NOT SENT · verification PASS (already byte-exact; version 22->24 re-pinned in pass 1)
update_case · C30249 · NOT SENT · verification PASS (already byte-exact; version 22->24 re-pinned in pass 1)
update_case · C30250 · NOT SENT · verification PASS (already byte-exact; version 22->24 re-pinned in pass 1)
update_case · C30251 · NOT SENT · verification PASS (already byte-exact; version 22->24 re-pinned in pass 1)
update_case · C30253 · NOT SENT · verification PASS (already byte-exact; version 22->24 re-pinned in pass 1)
update_case · C30254 · NOT SENT · verification PASS (already byte-exact; version 22->24 re-pinned in pass 1)
update_case · C30257 · NOT SENT · verification PASS (already byte-exact; version 22->24 re-pinned in pass 1)
update_case · C30258 · NOT SENT · verification PASS (already byte-exact; version 22->24 re-pinned in pass 1)
update_case · C30259 · NOT SENT · verification PASS (already byte-exact; version 22->24 re-pinned in pass 1)
update_case · C30260 · NOT SENT · verification PASS (already byte-exact; version 22->24 re-pinned in pass 1)
update_case · C30261 · NOT SENT · verification PASS (already byte-exact; version 22->24 re-pinned in pass 1)
update_case · C30264 · NOT SENT · verification PASS (already byte-exact; version 22->24 re-pinned in pass 1)
update_case · C30267 · NOT SENT · verification PASS (already byte-exact; version 22->24 re-pinned in pass 1)
update_case · C30268 · NOT SENT · verification PASS (already byte-exact; version 22->24 re-pinned in pass 1)
update_case · C30269 · NOT SENT · verification PASS (already byte-exact; version 22->24 re-pinned in pass 1)
update_case · C30273 · NOT SENT · verification PASS (already byte-exact; version 22->24 re-pinned in pass 1)
update_case · C30278 · NOT SENT · verification PASS (already byte-exact; version 22->24 re-pinned in pass 1)
update_case · C30279 · NOT SENT · verification PASS (already byte-exact; version 22->24 re-pinned in pass 1)
update_case · C30280 · NOT SENT · verification PASS (already byte-exact; version 22->24 re-pinned in pass 1)
update_case · C30281 · NOT SENT · verification PASS (already byte-exact; version 22->24 re-pinned in pass 1)
update_case · C30282 · NOT SENT · verification PASS (already byte-exact; version 22->24 re-pinned in pass 1)
update_case · C30283 · NOT SENT · verification PASS (already byte-exact; version 22->24 re-pinned in pass 1)
update_case · C30285 · NOT SENT · verification PASS (already byte-exact; version 22->24 re-pinned in pass 1)
update_case · C30286 · NOT SENT · verification PASS (already byte-exact; version 22->24 re-pinned in pass 1)
update_case · C30288 · NOT SENT · verification PASS (already byte-exact; version 22->24 re-pinned in pass 1)
update_case · C30289 · NOT SENT · verification PASS (already byte-exact; version 22->24 re-pinned in pass 1)
update_case · C30290 · NOT SENT · verification PASS (already byte-exact; version 22->24 re-pinned in pass 1)
update_case · C30291 · NOT SENT · verification PASS (already byte-exact; version 22->24 re-pinned in pass 1)
update_case · C30292 · NOT SENT · verification PASS (already byte-exact; version 22->24 re-pinned in pass 1)
update_case · C30294 · NOT SENT · verification PASS (already byte-exact; version 22->24 re-pinned in pass 1)
update_case · C30295 · NOT SENT · verification PASS (already byte-exact; version 22->24 re-pinned in pass 1)
update_case · C30296 · NOT SENT · verification PASS (already byte-exact; version 22->24 re-pinned in pass 1)
update_case · C30297 · NOT SENT · verification PASS (already byte-exact; version 22->24 re-pinned in pass 1)
update_case · C30298 · NOT SENT · verification PASS (already byte-exact; version 22->24 re-pinned in pass 1)
update_case · C30300 · NOT SENT · verification PASS (already byte-exact; version 22->24 re-pinned in pass 1)
update_case · C30301 · NOT SENT · verification PASS (already byte-exact; version 22->24 re-pinned in pass 1)
update_case · C30302 · NOT SENT · verification PASS (already byte-exact; version 22->24 re-pinned in pass 1)
update_case · C30303 · NOT SENT · verification PASS (already byte-exact; version 22->24 re-pinned in pass 1)
update_case · C30304 · NOT SENT · verification PASS (already byte-exact; version 22->24 re-pinned in pass 1)
update_case · C30305 · NOT SENT · verification PASS (already byte-exact; version 22->24 re-pinned in pass 1)
update_case · C30306 · NOT SENT · verification PASS (already byte-exact; version 22->24 re-pinned in pass 1)
update_case · C30307 · NOT SENT · verification PASS (already byte-exact; version 22->24 re-pinned in pass 1)
update_case · C30308 · NOT SENT · verification PASS (already byte-exact; version 22->24 re-pinned in pass 1)
update_case · C30309 · NOT SENT · verification PASS (already byte-exact; version 22->24 re-pinned in pass 1)
update_case · C30310 · NOT SENT · verification PASS (already byte-exact; version 22->24 re-pinned in pass 1)
update_case · C30311 · NOT SENT · verification PASS (already byte-exact; version 22->24 re-pinned in pass 1)
update_case · C30312 · NOT SENT · verification PASS (already byte-exact; version 22->24 re-pinned in pass 1)
update_case · C30313 · NOT SENT · verification PASS (already byte-exact; version 22->24 re-pinned in pass 1)
update_case · C30315 · NOT SENT · verification PASS (already byte-exact; version 22->24 re-pinned in pass 1)
update_case · C30316 · NOT SENT · verification PASS (already byte-exact; version 22->24 re-pinned in pass 1)
update_case · C30317 · NOT SENT · verification PASS (already byte-exact; version 22->24 re-pinned in pass 1)
update_case · C30318 · NOT SENT · verification PASS (already byte-exact; version 22->24 re-pinned in pass 1)
update_case · C30319 · NOT SENT · verification PASS (already byte-exact; version 22->24 re-pinned in pass 1)
update_case · C30320 · NOT SENT · verification PASS (already byte-exact; version 22->24 re-pinned in pass 1)
update_case · C30321 · NOT SENT · verification PASS (already byte-exact; version 22->24 re-pinned in pass 1)
update_case · C30323 · NOT SENT · verification PASS (already byte-exact; version 10->11 re-pinned in pass 1)
update_case · C30324 · NOT SENT · verification PASS (already byte-exact; version 10->11 re-pinned in pass 1)
update_case · C30327 · NOT SENT · verification PASS (already byte-exact; version 10->11 re-pinned in pass 1)
update_case · C30330 · NOT SENT · verification PASS (already byte-exact; version 10->11 re-pinned in pass 1)
update_case · C30331 · NOT SENT · verification PASS (already byte-exact; version 10->11 re-pinned in pass 1)
update_case · C30332 · NOT SENT · verification PASS (already byte-exact; version 10->11 re-pinned in pass 1)
update_case · C30334 · NOT SENT · verification PASS (already byte-exact; version 10->11 re-pinned in pass 1)
update_case · C30335 · NOT SENT · verification PASS (already byte-exact; version 10->11 re-pinned in pass 1)
update_case · C30336 · NOT SENT · verification PASS (already byte-exact; version 10->11 re-pinned in pass 1)
update_case · C30337 · NOT SENT · verification PASS (already byte-exact; version 10->11 re-pinned in pass 1)
update_case · C30339 · NOT SENT · verification PASS (already byte-exact; version 10->11 re-pinned in pass 1)
update_case · C30340 · NOT SENT · verification PASS (already byte-exact; version 10->11 re-pinned in pass 1)
update_case · C30341 · NOT SENT · verification PASS (already byte-exact; version 10->11 re-pinned in pass 1)
update_case · C30342 · NOT SENT · verification PASS (already byte-exact; version 10->11 re-pinned in pass 1)
update_case · C30343 · NOT SENT · verification PASS (already byte-exact; version 10->11 re-pinned in pass 1)
update_case · C30344 · NOT SENT · verification PASS (already byte-exact; version 10->11 re-pinned in pass 1)
update_case · C30347 · NOT SENT · verification PASS (already byte-exact; version 10->11 re-pinned in pass 1)
update_case · C30349 · NOT SENT · verification PASS (already byte-exact; version 10->11 re-pinned in pass 1)
update_case · C30355 · NOT SENT · verification PASS (already byte-exact; version 10->11 re-pinned in pass 1)
update_case · C30356 · NOT SENT · verification PASS (already byte-exact; version 10->11 re-pinned in pass 1)
update_case · C30358 · NOT SENT · verification PASS (already byte-exact; version 10->11 re-pinned in pass 1)
update_case · C30359 · NOT SENT · verification PASS (already byte-exact; version 10->11 re-pinned in pass 1)
update_case · C30360 · NOT SENT · verification PASS (already byte-exact; version 10->11 re-pinned in pass 1)
update_case · C30361 · NOT SENT · verification PASS (already byte-exact; version 10->11 re-pinned in pass 1)
update_case · C30362 · NOT SENT · verification PASS (already byte-exact; version 10->11 re-pinned in pass 1)
update_case · C30363 · NOT SENT · verification PASS (already byte-exact; version 10->11 re-pinned in pass 1)
update_case · C30364 · NOT SENT · verification PASS (already byte-exact; version 10->11 re-pinned in pass 1)
update_case · C30367 · NOT SENT · verification PASS (already byte-exact; version 10->11 re-pinned in pass 1)
update_case · C30372 · NOT SENT · verification PASS (already byte-exact; version 10->11 re-pinned in pass 1)
update_case · C30373 · NOT SENT · verification PASS (already byte-exact; version 10->11 re-pinned in pass 1)
update_case · C30374 · NOT SENT · verification PASS (already byte-exact; version 10->11 re-pinned in pass 1)
update_case · C30376 · NOT SENT · verification PASS (already byte-exact; version 10->11 re-pinned in pass 1)
update_case · C30378 · NOT SENT · verification PASS (already byte-exact; version 10->11 re-pinned in pass 1)
update_case · C30379 · NOT SENT · verification PASS (already byte-exact; version 10->11 re-pinned in pass 1)
update_case · C30380 · NOT SENT · verification PASS (already byte-exact; version 10->11 re-pinned in pass 1)
update_case · C30384 · NOT SENT · verification PASS (already byte-exact; version 10->11 re-pinned in pass 1)
update_case · C30385 · NOT SENT · verification PASS (already byte-exact; version 10->11 re-pinned in pass 1)
update_case · C30386 · NOT SENT · verification PASS (already byte-exact; version 10->11 re-pinned in pass 1)
update_case · C30387 · NOT SENT · verification PASS (already byte-exact; version 10->11 re-pinned in pass 1)
update_case · C30388 · NOT SENT · verification PASS (already byte-exact; version 10->11 re-pinned in pass 1)
update_case · C30389 · NOT SENT · verification PASS (already byte-exact; version 10->11 re-pinned in pass 1)
update_case · C30391 · NOT SENT · verification PASS (already byte-exact; version 10->11 re-pinned in pass 1)
update_case · C30456 · NOT SENT · verification PASS (already byte-exact; version 24->28 re-pinned in pass 1)
update_case · C30457 · NOT SENT · verification PASS (already byte-exact; version 22->28 re-pinned in pass 1)
update_case · C30458 · NOT SENT · verification PASS (already byte-exact; version 24->28 re-pinned in pass 1)
update_case · C30466 · NOT SENT · verification PASS (already byte-exact; version 22->28 re-pinned in pass 1)
update_case · C30467 · NOT SENT · verification PASS (already byte-exact; version 22->28 re-pinned in pass 1)
update_case · C30468 · NOT SENT · verification PASS (already byte-exact; version 22->28 re-pinned in pass 1)
update_case · C30469 · NOT SENT · verification PASS (already byte-exact; version 22->28 re-pinned in pass 1)
update_case · C30471 · NOT SENT · verification PASS (already byte-exact; version 22->28 re-pinned in pass 1)
update_case · C30472 · NOT SENT · verification PASS (already byte-exact; version 24->28 re-pinned in pass 1)
update_case · C30473 · NOT SENT · verification PASS (already byte-exact; version 22->28 re-pinned in pass 1)
update_case · C30481 · NOT SENT · verification PASS (already byte-exact; version 22->28 re-pinned in pass 1)
update_case · C30483 · NOT SENT · verification PASS (already byte-exact; version 22->28 re-pinned in pass 1)
update_case · C30484 · NOT SENT · verification PASS (already byte-exact; version 22->28 re-pinned in pass 1)
update_case · C30486 · NOT SENT · verification PASS (already byte-exact; version 22->28 re-pinned in pass 1)
update_case · C30494 · NOT SENT · verification PASS (already byte-exact; version 22->28 re-pinned in pass 1)
update_case · C30495 · NOT SENT · verification PASS (already byte-exact; version 22->28 re-pinned in pass 1)
update_case · C30499 · NOT SENT · verification PASS (already byte-exact; version 22->28 re-pinned in pass 1)
update_case · C30500 · NOT SENT · verification PASS (already byte-exact; version 22->28 re-pinned in pass 1)
update_case · C30503 · NOT SENT · verification PASS (already byte-exact; version 22->28 re-pinned in pass 1)
update_case · C30504 · NOT SENT · verification PASS (already byte-exact; version 22->28 re-pinned in pass 1)
update_case · C30505 · NOT SENT · verification PASS (already byte-exact; version 22->28 re-pinned in pass 1)
update_case · C30509 · NOT SENT · verification PASS (already byte-exact; version 22->28 re-pinned in pass 1)
update_case · C30513 · NOT SENT · verification PASS (already byte-exact; version 22->28 re-pinned in pass 1)
update_case · C30514 · NOT SENT · verification PASS (already byte-exact; version 22->28 re-pinned in pass 1)
update_case · C30516 · NOT SENT · verification PASS (already byte-exact; version 22->28 re-pinned in pass 1)
update_case · C30517 · NOT SENT · verification PASS (already byte-exact; version 22->28 re-pinned in pass 1)
update_case · C30519 · NOT SENT · verification PASS (already byte-exact; version 22->28 re-pinned in pass 1)
update_case · C30521 · NOT SENT · verification PASS (already byte-exact; version 22->28 re-pinned in pass 1)
update_case · C30522 · NOT SENT · verification PASS (already byte-exact; version 22->28 re-pinned in pass 1)
update_case · C30523 · NOT SENT · verification PASS (already byte-exact; version 22->28 re-pinned in pass 1)
update_case · C38885 · NOT SENT · verification PASS (already byte-exact; version 10->11 re-pinned in pass 1)
update_case · C38890 · NOT SENT · verification PASS (already byte-exact; version 22->28 re-pinned in pass 1)
update_case · C38914 · NOT SENT · verification PASS (already byte-exact; version 10->11 re-pinned in pass 1)
update_case · C43557 · NOT SENT · verification PASS (already byte-exact; version 22->28 re-pinned in pass 1)
update_case · C43559 · NOT SENT · verification PASS (already byte-exact; version 22->24 re-pinned in pass 1)
update_case · C43814 · NOT SENT · verification PASS (already byte-exact; version 22->28 re-pinned in pass 1)
update_case · C43815 · NOT SENT · verification PASS (already byte-exact; version 22->28 re-pinned in pass 1)
update_case · C43816 · NOT SENT · verification PASS (already byte-exact; version 22->28 re-pinned in pass 1)
update_case · C43817 · NOT SENT · verification PASS (already byte-exact; version 22->28 re-pinned in pass 1)
update_case · C43819 · NOT SENT · verification PASS (already byte-exact; version 22->28 re-pinned in pass 1)
update_case · C43829 · NOT SENT · verification PASS (already byte-exact; version 22->24 re-pinned in pass 1)
update_case · C43833 · NOT SENT · verification PASS (already byte-exact; version 22->24 re-pinned in pass 1)
update_case · C43834 · NOT SENT · verification PASS (already byte-exact; version 10->11 re-pinned in pass 1)
update_case · C43979 · NOT SENT · verification PASS (already byte-exact; version 24->28 re-pinned in pass 1)
