after real click, active= Full View
save buttons: 1
save err locator.click: Timeout 60000ms exceeded.
Call log:
[2m  - waiting for locator('button:has-text("Save"), .q-btn:has-text("Save")').last()[22m
[2m    - locator resolved to <button disabled tabindex="-1" type="button" filled="true" data-v-68e00a17="" data-v-af1a67a6="" aria-disabled="true" data-test-id="submit_edit_role" class="q-btn q-btn-item non-selectable no-outline q-btn--unelevated q-btn--rectangle bg-blue-10 text-white disabled">…</button>[22m
[2m  - attempting click action[22m
[2m    2 × waiting for element to be visible, enabled and stable[22m
[2m      - element is not enabled[22m
[2m    - retrying click action[22m
[2m    - waiting 20ms[22m
[2m    2 × waiting for element to be visible, enabled and stable[22m
[2m      - element is not enabled[22m
[2m    - retrying click action[22m
[2m      - waiting 100ms[22m
[2m    116 × waiting for element to be visible, enabled and stable[22m
[2m        - element is not enabled[22m
[2m      - retrying click action[22m
[2m        - waiting 500ms[22m

toast after save: []
LOGIN2 perms: woTechViewMode= true count= 42 template= administrator
STILL TECH VIEW - flip did not persist
