work order S9315-15591 lines tab: https://sv9315.qa.shopview.com/workorders/891e1767-bc87-4c14-a7e5-f68524fbd02d/lines

--- Parts section structure ---
  Add Part buttons      : 2 ["add Add Part"]
  all visible           : [true,true]
  Edit controls         : 3 ["edit"]
  existing part rows    : 3
  headers seen          : ["expand_less more_vert","Name/Description","Actual/Estimate","Progress","Status","Action","Rate","Margin","Total","Parts add Add Part"]

--- inline ADD row (Add Part clicked: true) ---
  NEW test-ids appearing: ["inline_part_row","input_inline_part_description","select_inline_part_number","input_inline_part_quantity","select_inline_part_category","input_inline_part_cost","input_inline_part_sell_price","button_more_options_inline_part","button_save_inline_part","button_cancel_inline_part","inline_part_row_legend"]
  fields on the row     : [{"label":"Search","testId":"","tag":"label"},{"label":"Search","testId":"select_global_search","tag":"input"},{"label":"Lead technician","testId":"","tag":"label"},{"label":"Lead technician","testId":"select_lead_technician","tag":"input"},{"label":"Service advisor","testId":"","tag":"label"},{"label":"Service advisor","testId":"select_service_advisor","tag":"input"},{"label":"Sales representative","testId":"","tag":"label"},{"label":"Sales representative","testId":"select_sales_rep","tag":"input"},{"label":"Contact","testId":"","tag":"label"},{"label":"Contact","testId":"select_customer_contact","tag":"input"},{"label":"Mileage","testId":"","tag":"label"},{"label":"Mileage","testId":"input_vehicle_mileage","tag":"input"},{"label":"Engine Hours","testId":"","tag":"label"},{"label":"Engine Hours","testId":"input_vehicle_engine_hours","tag":"input"},{"label":"License Plate","testId":"","tag":"label"},{"label":"License Plate","testId":"input_vehicle_license_plate","tag":"input"},{"label":"Description","testId":"inline_part_row","tag":"label"},{"label":"Description","testId":"input_inline_part_description","tag":"input"},{"label":"Part number","testId":"inline_part_row","tag":"label"},{"label":"Part number","testId":"select_inline_part_number","tag":"input"}]
  save control present  : true | close controls: ["button_cancel_inline_part"]

--- inline row field order ---
  test-id sequence : ["input_inline_part_description","select_inline_part_number","input_inline_part_quantity","select_inline_part_category","input_inline_part_cost","input_inline_part_sell_price"]
  labels in order  : ["Description","Part number","Qty","Category","Cost","Sell price"]
  legend           : undefined

--- more options panel (Bin Allocation lives here?) ---
  clicked          : true
  bin-ish test-ids : []
  "bin" in text    : false | "on hand": false | "Default": false
  inline_part ids  : ["inline_part_row","input_inline_part_description","select_inline_part_number","input_inline_part_quantity","select_inline_part_category","input_inline_part_cost","input_inline_part_sell_price","button_more_options_inline_part","button_save_inline_part","button_cancel_inline_part","inline_part_row_legend"]

--- unsaved-data protection (typed then cancelled) ---
  typed into description: true
  confirmation shown    : true
  dialog text           : "New Part Request close Part Number arrow_drop_down Description Quantity Source Vendor arrow_drop_down Category arrow_drop_down Vendor arrow_drop_down $ Cost $ Core Charge $ Sell Price Margin % AI SHOPCOACH PARTS GUIDE Save Part"
  dialog buttons        : ["close","AI\nSHOPCOACH PARTS GUIDE","Save Part"]

=== A. unsaved-data protection, clean row, nothing else open ===
  inline row open: true
  POSITIVE CONTROL - no dialog on screen before we start: true
  description now holds: "ZZAUTOTEST discard check"
  discard confirmation shown: true
  its text                  : "Discard this part? close The details you entered will be lost. Keep Editing Discard Part"
  its buttons               : ["close","Keep Editing","Discard Part"]
  inline row still open     : true

=== B. same thing with the Escape key ===
  inline row open: true
  confirmation on Escape: true "Discard this part? close The details you entered will be lost. Keep Editing Discard Part"
  inline row still open : true

=== C. Bin Allocation - only meaningful once a part is chosen ===
  inline row open: true
  part-number list opened: true | first options: ["3.50-3.82\" (89-97mm) SPRING LOADED T-BOLT CLAMP N68SL-356 Inventory Qty: 7 EA PB1 7","X107-A 1/8\" EXTRUDED BRASS STREET TEE N231-013BR Inventory Qty: 2 EA VID2C 2","#04 BSPP REPLACEMENT O-RING NBOR-04 Inventory Qty: 0 EA Unassigned 0","(30/30 LONG STROKE SPRING BRAKE CHAMBER (SB3030S3000) 4--FLT3030LCB20 Inventory Qty: -4 ea ST20 -4","(SS HOSE CLAMP (2-1/16\" - 3-1/16\"), 1/2\" WIDE) 4--PET-40 Inventory Qty: 6 ea ST20 6","#04 - #12 STEEL NPT JUMP SIZE HYD ADAPTER ASSORTMENT 4--N66-HYD003 Inventory Qty: 57 ea ST20BIN 57"]
  bin-ish test-ids anywhere: ["button_pulled_from_bin"]
  "bin" in page text       : false | "on hand": false
  ids inside the row now   : ["input_inline_part_description","select_inline_part_number","input_inline_part_quantity","select_inline_part_category","input_inline_part_cost","input_inline_part_sell_price","button_more_options_inline_part","button_save_inline_part","button_cancel_inline_part"]
  row text                 : " Description Part number Qty Category Uncategorized expand_more $ Cost $ Sell price More options Save close"

=== C45222 typeahead result cards ===
  [0] chips=[] notStocked=false plusN=false
       3.50-3.82" (89-97mm) SPRING LOADED T-BOLT CLAMP N68SL-356 Inventory Qty: 7 EA PB1 7
  [1] chips=[] notStocked=false plusN=false
       X107-A 1/8" EXTRUDED BRASS STREET TEE N231-013BR Inventory Qty: 2 EA VID2C 2
  [2] chips=[] notStocked=false plusN=false
       #04 BSPP REPLACEMENT O-RING NBOR-04 Inventory Qty: 0 EA Unassigned 0
  [3] chips=[] notStocked=false plusN=false
       (30/30 LONG STROKE SPRING BRAKE CHAMBER (SB3030S3000) 4--FLT3030LCB20 Inventory Qty: -4 ea ST20 -4
  [4] chips=[] notStocked=false plusN=false
       (SS HOSE CLAMP (2-1/16" - 3-1/16"), 1/2" WIDE) 4--PET-40 Inventory Qty: 6 ea ST20 6
  [5] chips=[] notStocked=false plusN=false
       #04 - #12 STEEL NPT JUMP SIZE HYD ADAPTER ASSORTMENT 4--N66-HYD003 Inventory Qty: 57 ea ST20BIN 57
  [6] chips=[] notStocked=false plusN=false
       #04 - #12 Steel NPT Jump Size Hyd. Adapter Kit 3--N66-HYD003 Inventory Qty: 58 ea ST25 58
  [7] chips=[] notStocked=false plusN=false
       #04 - #16 STEEL JIC JUMP SIZE HYD ADAPTER ASSORTMENT 4--N66-HYD004 Inventory Qty: 52 ea ST20BIN 52
  any "Not stocked" card: false
  any "+N" collapse chip: false

  picked part: "3.50-3.82\" (89-97mm) SPRING LOADED T-BOLT CLAMP N68SL-356 Inventory Qty: 7 EA PB1 7"

=== C45224/C45225 the "Pulled from" chip ===
  "Pulled from" on screen : true
  chip control present    : true | label: "PB1 expand_more"
  quantity auto-filled    : ""
  row text                : " Description Part number Qty Category Uncategorized expand_more $ Cost $ Sell price More options Save close"

=== C45226 the bin picker ===
  opened          : true
  "Default" badge : true
  rows            : ["check PB1 Default 7","call_split Split across bins…"]

POSITIVE CONTROL - admin, Full View (view_mode=full):
  labels : ["Description","Part number","Qty","Category","Cost","Sell price"]
  pricing on the row: true

switch-user -> Wesley Mcclure: HTTP 200
  view_mode reported   : "tech"
  woFullViewMode held  : false
  workOrder* perms     : ["workOrderLinesCreateAndEdit","workOrdersView"]
  Add Part button visible as the technician: false

AS THE TECHNICIAN (Tech View):
  inline row opened  : false
  labels             : undefined
  field test-ids     : undefined
  any pricing shown  : undefined
  row text           : undefined

  Tech View EDIT clicked: false
    inline row shown: false | modal shown: false
    labels          : []
    modal title     : null

restored to admin: HTTP 200

POSITIVE CONTROL - admin, Full View (view_mode=full):
  labels : undefined
  pricing on the row: undefined

switch-user -> Christopher Smith: HTTP 200
  view_mode reported   : "tech"
  woFullViewMode held  : false
  workOrder* perms     : ["workOrderLinesCreateAndEdit","workOrdersView"]
  LANDING CHECK: url /workorders/891e1767-bc87-4c14-a7e5-f68524fbd02d/lines | chars 1427 | on /login: false
    work-order number on page: false | Lines tab: true | existing part rows visible: 3
  Add Part button visible as the technician: true

AS THE TECHNICIAN (Tech View):
  inline row opened  : true
  labels             : ["Description","Part number","Qty"]
  field test-ids     : ["input_inline_part_description","select_inline_part_number","input_inline_part_quantity","button_save_inline_part","button_cancel_inline_part"]
  any pricing shown  : false
  row text           : " Description Part number Qty Save Cancel"

  Tech View EDIT clicked: true
    inline row shown: false | modal shown: false
    labels          : []
    modal title     : null

restored to admin: HTTP 200


=== EDIT in FULL VIEW ===
  landing: chars 1855 | Lines tab true | part rows 3 | edit buttons 3
  inline row appeared : false 
  values pre-filled   : []
  modal appeared      : true "Edit Part Request close Part Number arrow_drop_down Description Quantity Source Vendor arrow_drop_down Category HD-Sublet arrow_drop_down Ve"
  modal labels        : ["Part number","Description","Quantity","Source","Category","Vendor","Cost","Core charge","Sell price","Margin"]
  modal pre-filled    : ["SUBLET","Cylinder Re-Seal","1","Vendor","1,279.75000","0.00","1,551.21","17.49989"]

switched to the technician: HTTP 400 | view_mode "full"

=== EDIT in TECH VIEW ===
  landing: chars 0 | Lines tab false | part rows 0 | edit buttons 0
  ⚠️  page/controls not present - NOT OBSERVED, not an absence

restored to admin: HTTP 200


=== EDIT in FULL VIEW ===
  landing: chars 1204 | Lines tab true | part rows 0 | edit buttons 0
  ⚠️  page/controls not present - NOT OBSERVED, not an absence

switched to the technician: HTTP 200 | view_mode "tech"

=== EDIT in TECH VIEW ===
  landing: chars 1427 | Lines tab true | part rows 3 | edit buttons 3
  inline row appeared : false 
  values pre-filled   : []
  modal appeared      : false 
  modal labels        : []
  modal pre-filled    : []

exit-switch-user: 200 | restored to admin: 200
