target: 1890998C1 | qty 0 | cost 0.00 | sell 0 | bins [["F1ACORDIAN",0,true]]
page search opened: true
typing into: page_search_input
row: {"rows":3,"i":1,"text":"SEAL O-RING 1890998C1 HD-Engine Comp - Xistone Consulting F1ACORDIAN 0 0 Available $0.00 $0 0 0 -"}
edit form: {
 "open": true,
 "title": "Edit Inventory Part close Catalog Part 1890998C1 (SEAL O-RING) arrow_drop_down Vendor Xistone Consulting arrow_drop_down",
 "cost": null,
 "sell": "0.00",
 "binIds": [
  "select_bin_location_0",
  "input_quantity_0",
  "button_add_bin_location"
 ],
 "deleteButtons": [
  "close",
  "Add Bin Location",
  "Delete",
  "Save"
 ]
}
cleared: {"bin":true,"qty":true,"cost":null,"sell":true}
Save: clicked
after Save: {
 "dialogStillOpen": false,
 "validation": null,
 "dialogText": null,
 "toast": []
}
part now: {"qty":0,"cost":"0.00","sell":0,"bins":[["F1ACORDIAN",0,true]]}
