[Dashboard-v1-canvas] discovery: 0 pages, 437 candidates, 41 hidden text blocks; 51s
[Dashboard-v1-canvas] forced pass over 169 covered elements
{
 "board": "Dashboard-v1-canvas.html",
 "url_mode": "file://",
 "pages": {
  "_header_or_outside": {
   "elements_found": 437,
   "of_which_pointer_inherited_batched": 180,
   "hovered": 437,
   "clicked": 437,
   "hover_exposed": 115,
   "click_exposed": 294,
   "click_navigated_in_board": 0,
   "click_navigated_other_board": 0,
   "hover_style_change": 2,
   "occluded": 169,
   "covered_forced_hovered": 169,
   "covered_forced_clicked": 169,
   "forced_hover_exposed": 49,
   "forced_click_exposed": 138,
   "failed": 0,
   "missing": 0,
   "fail_reasons": []
  }
 },
 "elapsed_s": 3908,
 "hidden_text_blocks": 41,
 "hidden_text_blocks_exposed_by_interaction": 0,
 "interactions": 1212,
 "exposed": 596
}
