[before-after] discovery: 0 pages, 3 candidates, 1 hidden text blocks; 28s
{
 "board": "before-after.html",
 "url_mode": "file://",
 "pages": {
  "_header_or_outside": {
   "elements_found": 3,
   "of_which_pointer_inherited_batched": 0,
   "hovered": 3,
   "clicked": 3,
   "hover_exposed": 0,
   "click_exposed": 0,
   "click_navigated_in_board": 0,
   "click_navigated_other_board": 0,
   "hover_style_change": 0,
   "occluded": 0,
   "covered_forced_hovered": 0,
   "covered_forced_clicked": 0,
   "forced_hover_exposed": 0,
   "forced_click_exposed": 0,
   "failed": 0,
   "missing": 0,
   "fail_reasons": []
  }
 },
 "elapsed_s": 44,
 "hidden_text_blocks": 1,
 "hidden_text_blocks_exposed_by_interaction": 0,
 "interactions": 6,
 "exposed": 0
}
