cert: present and valid (Sep 27 17:37:39 2026 GMT)
bridge: healthy on port 43391, egress http://127.0.0.1:35931
bridge: OK -- BRIDGE_PORT=43391 egress=http://127.0.0.1:35931
=== iter 1 12:40:17 port=43391 ===
12:40:39 C45087 OK (custom_expected)  1/147
12:41:04 C45090 deadlock - retry 1/3
12:42:27 C45090 deadlock - retry 2/3
12:43:53 C45090 deadlock - retry 3/3
12:45:22 C45090 FAILED: still on the edit page ["Deadlock found when trying to get lock; try restarting transaction","Title is too long","You have reached max 2000 characters limit. You can't type more."]
12:45:22 C45094 SKIP - the search string is not in any named field
12:45:23 C45096 SKIP - the search string is not in any named field
12:45:23 C45098 SKIP - the search string is not in any named field
12:45:23 C45099 SKIP - the search string is not in any named field
12:45:24 C45100 SKIP - the search string is not in any named field
12:45:24 C45101 SKIP - the search string is not in any named field
12:45:24 C45102 SKIP - the search string is not in any named field
12:45:24 C45103 SKIP - the search string is not in any named field
12:45:25 C45104 SKIP - the search string is not in any named field
12:45:25 C45105 SKIP - the search string is not in any named field
12:45:25 C45106 SKIP - the search string is not in any named field
12:45:26 C45107 SKIP - the search string is not in any named field
12:45:26 C45108 SKIP - the search string is not in any named field
12:45:26 C45109 SKIP - the search string is not in any named field
12:45:26 C45110 SKIP - the search string is not in any named field
12:45:27 C45111 SKIP - the search string is not in any named field
12:45:27 C45112 SKIP - the search string is not in any named field
12:45:52 C45113 FAILED: still on the edit page ["Title is too long","You have reached max 2000 characters limit. You can't type more."]
12:46:05 C45114 OK (custom_expected)  2/147
12:46:16 C45115 OK (custom_expected)  3/147
12:46:28 C45116 OK (custom_expected)  4/147
12:46:40 C45117 OK (custom_expected)  5/147
12:46:52 C45118 OK (custom_expected)  6/147
12:47:02 C45119 OK (custom_expected)  7/147
12:47:13 C45120 OK (custom_expected)  8/147
12:47:24 C45121 OK (custom_expected)  9/147
12:47:35 C45122 OK (custom_expected)  10/147
12:47:46 C45124 OK (custom_expected)  11/147
12:47:56 C45125 OK (custom_expected)  12/147
12:48:07 C45126 OK (custom_expected)  13/147
12:48:17 C45127 OK (custom_expected)  14/147
12:48:28 C44988 OK (custom_expected)  15/147
12:48:39 C44989 OK (custom_expected)  16/147
12:48:51 C44990 OK (custom_expected)  17/147
12:49:02 C44991 OK (custom_expected)  18/147
12:49:13 C44992 OK (custom_expected)  19/147
12:49:24 C44993 OK (custom_expected)  20/147
12:49:35 C44994 OK (custom_expected)  21/147
12:49:46 C44995 OK (custom_expected)  22/147
12:49:56 C44997 OK (custom_expected)  23/147
12:50:07 C45252 OK (custom_expected)  24/147
12:50:19 C45253 OK (custom_expected)  25/147
12:50:29 C44998 OK (custom_expected)  26/147
12:50:54 C44999 deadlock - retry 1/3
12:52:18 C44999 deadlock - retry 2/3
12:53:44 C44999 deadlock - retry 3/3
12:55:13 C44999 FAILED: still on the edit page ["Deadlock found when trying to get lock; try restarting transaction","Title is too long","You have reached max 2000 characters limit. You can't type more."]
12:55:26 C45000 OK (custom_expected)  27/147
12:55:38 C45002 OK (custom_expected)  28/147
node:internal/modules/run_main:123
    triggerUncaughtException(
    ^

page.goto: Target page, context or browser has been closed
Call log:
[2m  - navigating to "https://shopview.testrail.io/index.php?/cases/edit/45003&_cb=1788872139559", waiting until "networkidle"[22m

    at /home/user/Manual-test-Cases/build/testing-tools/surgical_replace.mjs:70:14

Node.js v22.22.2
applied=47 after iter 1
cert: present and valid (Sep 27 17:37:39 2026 GMT)
bridge: healthy on port 43391, egress http://127.0.0.1:35931
bridge: OK -- BRIDGE_PORT=43391 egress=http://127.0.0.1:35931
=== iter 2 12:55:41 port=43391 ===
12:55:48 C45087 already checkpointed
12:55:48 C45090 already checkpointed
12:55:48 C45094 already checkpointed
12:55:48 C45096 already checkpointed
12:55:48 C45098 already checkpointed
12:55:48 C45099 already checkpointed
12:55:48 C45100 already checkpointed
12:55:48 C45101 already checkpointed
12:55:48 C45102 already checkpointed
12:55:48 C45103 already checkpointed
12:55:48 C45104 already checkpointed
12:55:48 C45105 already checkpointed
12:55:48 C45106 already checkpointed
12:55:48 C45107 already checkpointed
12:55:48 C45108 already checkpointed
12:55:48 C45109 already checkpointed
12:55:48 C45110 already checkpointed
12:55:48 C45111 already checkpointed
12:55:48 C45112 already checkpointed
12:55:48 C45113 already checkpointed
12:55:48 C45114 already checkpointed
12:55:48 C45115 already checkpointed
12:55:48 C45116 already checkpointed
12:55:48 C45117 already checkpointed
12:55:48 C45118 already checkpointed
12:55:48 C45119 already checkpointed
12:55:48 C45120 already checkpointed
12:55:48 C45121 already checkpointed
12:55:48 C45122 already checkpointed
12:55:48 C45124 already checkpointed
12:55:48 C45125 already checkpointed
12:55:48 C45126 already checkpointed
12:55:48 C45127 already checkpointed
12:55:48 C44988 already checkpointed
12:55:48 C44989 already checkpointed
12:55:48 C44990 already checkpointed
12:55:48 C44991 already checkpointed
12:55:48 C44992 already checkpointed
12:55:48 C44993 already checkpointed
12:55:48 C44994 already checkpointed
12:55:48 C44995 already checkpointed
12:55:48 C44997 already checkpointed
12:55:48 C45252 already checkpointed
12:55:48 C45253 already checkpointed
12:55:48 C44998 already checkpointed
12:55:59 C44999 OK (custom_expected)  1/147
12:55:59 C45000 already checkpointed
12:55:59 C45002 already checkpointed
12:56:10 C45003 OK (custom_expected)  2/147
12:56:21 C45004 OK (custom_expected)  3/147
12:56:32 C45005 OK (custom_expected)  4/147
12:56:43 C45006 OK (custom_expected)  5/147
applied=55 after iter 2
cert: present and valid (Sep 27 17:37:39 2026 GMT)
bridge: healthy on port 43391, egress http://127.0.0.1:35931
bridge: OK -- BRIDGE_PORT=43391 egress=http://127.0.0.1:35931
=== iter 3 12:57:23 port=43391 ===
12:57:29 C45087 already checkpointed
12:57:29 C45090 already checkpointed
12:57:29 C45094 already checkpointed
12:57:29 C45096 already checkpointed
12:57:29 C45098 already checkpointed
12:57:29 C45099 already checkpointed
12:57:29 C45100 already checkpointed
12:57:29 C45101 already checkpointed
12:57:29 C45102 already checkpointed
12:57:29 C45103 already checkpointed
12:57:29 C45104 already checkpointed
12:57:29 C45105 already checkpointed
12:57:29 C45106 already checkpointed
12:57:29 C45107 already checkpointed
12:57:29 C45108 already checkpointed
12:57:29 C45109 already checkpointed
12:57:29 C45110 already checkpointed
12:57:29 C45111 already checkpointed
12:57:29 C45112 already checkpointed
12:57:29 C45113 already checkpointed
12:57:29 C45114 already checkpointed
12:57:29 C45115 already checkpointed
12:57:29 C45116 already checkpointed
12:57:29 C45117 already checkpointed
12:57:29 C45118 already checkpointed
12:57:29 C45119 already checkpointed
12:57:29 C45120 already checkpointed
12:57:29 C45121 already checkpointed
12:57:29 C45122 already checkpointed
12:57:29 C45124 already checkpointed
12:57:29 C45125 already checkpointed
12:57:29 C45126 already checkpointed
12:57:29 C45127 already checkpointed
12:57:29 C44988 already checkpointed
12:57:29 C44989 already checkpointed
12:57:29 C44990 already checkpointed
12:57:29 C44991 already checkpointed
12:57:29 C44992 already checkpointed
12:57:29 C44993 already checkpointed
12:57:29 C44994 already checkpointed
12:57:29 C44995 already checkpointed
12:57:29 C44997 already checkpointed
12:57:29 C45252 already checkpointed
12:57:29 C45253 already checkpointed
12:57:29 C44998 already checkpointed
12:57:29 C44999 already checkpointed
12:57:29 C45000 already checkpointed
12:57:29 C45002 already checkpointed
12:57:29 C45003 already checkpointed
12:57:29 C45004 already checkpointed
12:57:29 C45005 already checkpointed
12:57:29 C45006 already checkpointed
12:57:29 C45007 already checkpointed
12:57:29 C45008 already checkpointed
12:57:29 C45009 already checkpointed
12:57:40 C45010 OK (custom_expected)  1/147
12:57:51 C45011 OK (custom_expected)  2/147
12:58:01 C45012 OK (custom_expected)  3/147
12:58:13 C45013 OK (custom_expected)  4/147
12:58:25 C45014 OK (custom_expected)  5/147
12:58:36 C45015 OK (custom_expected)  6/147
12:58:48 C45016 OK (custom_expected)  7/147
12:58:59 C45017 OK (custom_expected)  8/147
12:59:10 C45018 OK (custom_expected)  9/147
12:59:20 C45019 OK (custom_expected)  10/147
12:59:32 C45020 OK (custom_expected)  11/147
12:59:44 C45021 OK (custom_expected)  12/147
12:59:55 C45022 OK (custom_expected)  13/147
13:00:08 C45023 OK (custom_expected)  14/147
13:00:20 C45024 OK (custom_expected)  15/147
13:00:31 C45025 OK (custom_expected)  16/147
13:00:56 C45026 deadlock - retry 1/3
13:02:19 C45026 deadlock - retry 2/3
13:03:45 C45026 deadlock - retry 3/3
13:05:14 C45026 FAILED: still on the edit page ["Deadlock found when trying to get lock; try restarting transaction","Title is too long","You have reached max 2000 characters limit. You can't type more."]
13:05:27 C45027 OK (custom_expected)  17/147
13:05:38 C45028 OK (custom_expected)  18/147
13:05:49 C45029 OK (custom_expected)  19/147
13:06:14 C45030 deadlock - retry 1/3
13:07:37 C45030 deadlock - retry 2/3
13:09:03 C45030 deadlock - retry 3/3
13:10:32 C45030 FAILED: still on the edit page ["Deadlock found when trying to get lock; try restarting transaction","Title is too long","You have reached max 2000 characters limit. You can't type more."]
13:10:44 C45031 OK (custom_expected)  20/147
13:10:56 C45032 OK (custom_expected)  21/147
13:11:08 C45033 OK (custom_expected)  22/147
13:11:20 C45035 OK (custom_expected)  23/147
13:11:31 C45036 OK (custom_expected)  24/147
13:11:42 C45037 OK (custom_expected)  25/147
13:11:54 C45038 OK (custom_expected)  26/147
13:12:06 C45040 OK (custom_expected)  27/147
13:12:17 C45041 OK (custom_expected)  28/147
13:12:44 C45042 deadlock - retry 1/3
13:14:07 C45042 deadlock - retry 2/3
13:15:33 C45042 deadlock - retry 3/3
13:17:02 C45042 FAILED: still on the edit page ["Deadlock found when trying to get lock; try restarting transaction","Title is too long","You have reached max 2000 characters limit. You can't type more."]
13:17:17 C45043 OK (custom_expected)  29/147
13:17:43 C45044 deadlock - retry 1/3
13:19:06 C45044 deadlock - retry 2/3
13:20:32 C45044 deadlock - retry 3/3
13:22:01 C45044 FAILED: still on the edit page ["Deadlock found when trying to get lock; try restarting transaction","Title is too long","You have reached max 2000 characters limit. You can't type more."]
13:22:14 C45045 OK (custom_expected)  30/147
13:22:26 C45046 OK (custom_expected)  31/147
13:22:38 C45048 OK (custom_expected)  32/147
13:22:49 C45049 OK (custom_expected)  33/147
13:23:00 C45050 OK (custom_expected)  34/147
13:23:16 C45051 OK (custom_expected)  35/147
13:23:29 C45052 OK (custom_expected)  36/147
13:23:41 C45053 OK (custom_expected)  37/147
13:23:53 C45054 OK (custom_expected)  38/147
13:24:05 C45055 OK (custom_expected)  39/147
13:24:17 C45056 OK (custom_expected)  40/147
13:24:29 C45057 OK (custom_expected)  41/147
13:24:39 C45058 OK (custom_expected)  42/147
13:24:50 C45059 OK (custom_expected)  43/147
13:25:02 C45060 OK (custom_expected)  44/147
13:25:14 C45061 OK (custom_expected)  45/147
13:25:25 C45062 OK (custom_expected)  46/147
13:25:36 C45063 OK (custom_expected)  47/147
13:25:48 C45064 OK (custom_expected)  48/147
13:26:00 C45065 OK (custom_expected)  49/147
13:26:11 C45066 OK (custom_expected)  50/147
13:26:37 C45067 deadlock - retry 1/3
13:28:00 C45067 deadlock - retry 2/3
13:29:26 C45067 deadlock - retry 3/3
13:30:55 C45067 FAILED: still on the edit page ["Deadlock found when trying to get lock; try restarting transaction","Title is too long","You have reached max 2000 characters limit. You can't type more."]
13:31:09 C45068 OK (custom_expected)  51/147
13:31:22 C45069 OK (custom_expected)  52/147
13:31:36 C45070 OK (custom_expected)  53/147
13:31:49 C45071 OK (custom_expected)  54/147
13:32:00 C45072 OK (custom_expected)  55/147
13:32:12 C45073 OK (custom_expected)  56/147
13:32:23 C45074 OK (custom_expected)  57/147
13:32:35 C45075 OK (custom_expected)  58/147
13:32:46 C45076 OK (custom_expected)  59/147
13:32:57 C45077 OK (custom_expected)  60/147
13:33:09 C45078 OK (custom_expected)  61/147
13:33:21 C45079 OK (custom_expected)  62/147
13:33:33 C45080 OK (custom_expected)  63/147
13:33:44 C45081 OK (custom_expected)  64/147
13:33:56 C45082 OK (custom_expected)  65/147
13:34:08 C45083 OK (custom_expected)  66/147
13:34:21 C45221 OK (custom_expected)  67/147
13:34:32 C45222 OK (custom_expected)  68/147
13:34:42 C45223 OK (custom_expected)  69/147
13:34:54 C45224 OK (custom_expected)  70/147
13:35:05 C45225 OK (custom_expected)  71/147
13:35:17 C45226 OK (custom_expected)  72/147
13:35:28 C45227 OK (custom_expected)  73/147
13:35:39 C45228 OK (custom_expected)  74/147
13:35:50 C45229 OK (custom_expected)  75/147
13:36:02 C45230 OK (custom_expected)  76/147
13:36:13 C45231 OK (custom_expected)  77/147
13:36:24 C45233 OK (custom_expected)  78/147
13:36:36 C45234 OK (custom_expected)  79/147
13:36:47 C45235 OK (custom_expected)  80/147
13:36:59 C45236 OK (custom_expected)  81/147
13:37:11 C45237 OK (custom_expected)  82/147
13:37:24 C45238 OK (custom_expected)  83/147
13:37:36 C45239 OK (custom_expected)  84/147
13:37:47 C45240 OK (custom_expected)  85/147
13:37:59 C45242 OK (custom_expected)  86/147
13:38:11 C45243 OK (custom_expected)  87/147
13:38:11 DONE applied=87 skipped=0 failed=5
applied=142 after iter 3
cert: present and valid (Sep 27 17:37:39 2026 GMT)
bridge: healthy on port 43391, egress http://127.0.0.1:35931
bridge: OK -- BRIDGE_PORT=43391 egress=http://127.0.0.1:35931
=== iter 4 13:38:11 port=43391 ===
13:38:18 C45087 already checkpointed
13:38:18 C45090 already checkpointed
13:38:18 C45094 already checkpointed
13:38:18 C45096 already checkpointed
13:38:18 C45098 already checkpointed
13:38:18 C45099 already checkpointed
13:38:18 C45100 already checkpointed
13:38:18 C45101 already checkpointed
13:38:18 C45102 already checkpointed
13:38:18 C45103 already checkpointed
13:38:18 C45104 already checkpointed
13:38:18 C45105 already checkpointed
13:38:18 C45106 already checkpointed
13:38:18 C45107 already checkpointed
13:38:18 C45108 already checkpointed
13:38:18 C45109 already checkpointed
13:38:18 C45110 already checkpointed
13:38:18 C45111 already checkpointed
13:38:18 C45112 already checkpointed
13:38:18 C45113 already checkpointed
13:38:18 C45114 already checkpointed
13:38:18 C45115 already checkpointed
13:38:18 C45116 already checkpointed
13:38:18 C45117 already checkpointed
13:38:18 C45118 already checkpointed
13:38:18 C45119 already checkpointed
13:38:18 C45120 already checkpointed
13:38:18 C45121 already checkpointed
13:38:18 C45122 already checkpointed
13:38:18 C45124 already checkpointed
13:38:18 C45125 already checkpointed
13:38:18 C45126 already checkpointed
13:38:18 C45127 already checkpointed
13:38:18 C44988 already checkpointed
13:38:18 C44989 already checkpointed
13:38:18 C44990 already checkpointed
13:38:18 C44991 already checkpointed
13:38:18 C44992 already checkpointed
13:38:18 C44993 already checkpointed
13:38:18 C44994 already checkpointed
13:38:18 C44995 already checkpointed
13:38:18 C44997 already checkpointed
13:38:18 C45252 already checkpointed
13:38:18 C45253 already checkpointed
13:38:18 C44998 already checkpointed
13:38:18 C44999 already checkpointed
13:38:18 C45000 already checkpointed
13:38:18 C45002 already checkpointed
13:38:18 C45003 already checkpointed
13:38:18 C45004 already checkpointed
13:38:18 C45005 already checkpointed
13:38:18 C45006 already checkpointed
13:38:18 C45007 already checkpointed
13:38:18 C45008 already checkpointed
13:38:18 C45009 already checkpointed
13:38:18 C45010 already checkpointed
13:38:18 C45011 already checkpointed
13:38:18 C45012 already checkpointed
13:38:18 C45013 already checkpointed
13:38:18 C45014 already checkpointed
13:38:18 C45015 already checkpointed
13:38:18 C45016 already checkpointed
13:38:18 C45017 already checkpointed
13:38:18 C45018 already checkpointed
13:38:18 C45019 already checkpointed
13:38:18 C45020 already checkpointed
13:38:18 C45021 already checkpointed
13:38:18 C45022 already checkpointed
13:38:18 C45023 already checkpointed
13:38:18 C45024 already checkpointed
13:38:18 C45025 already checkpointed
13:38:30 C45026 OK (custom_expected)  1/147
13:38:30 C45027 already checkpointed
13:38:30 C45028 already checkpointed
13:38:30 C45029 already checkpointed
13:38:40 C45030 OK (custom_expected)  2/147
13:38:40 C45031 already checkpointed
13:38:40 C45032 already checkpointed
13:38:40 C45033 already checkpointed
13:38:40 C45035 already checkpointed
13:38:40 C45036 already checkpointed
13:38:40 C45037 already checkpointed
13:38:40 C45038 already checkpointed
13:38:40 C45040 already checkpointed
13:38:40 C45041 already checkpointed
13:38:51 C45042 OK (custom_expected)  3/147
13:38:51 C45043 already checkpointed
13:39:03 C45044 OK (custom_expected)  4/147
13:39:03 C45045 already checkpointed
13:39:03 C45046 already checkpointed
13:39:03 C45048 already checkpointed
13:39:03 C45049 already checkpointed
13:39:03 C45050 already checkpointed
13:39:03 C45051 already checkpointed
13:39:03 C45052 already checkpointed
13:39:03 C45053 already checkpointed
13:39:03 C45054 already checkpointed
13:39:03 C45055 already checkpointed
13:39:03 C45056 already checkpointed
13:39:03 C45057 already checkpointed
13:39:03 C45058 already checkpointed
13:39:03 C45059 already checkpointed
13:39:03 C45060 already checkpointed
13:39:03 C45061 already checkpointed
13:39:03 C45062 already checkpointed
13:39:03 C45063 already checkpointed
13:39:03 C45064 already checkpointed
13:39:03 C45065 already checkpointed
13:39:03 C45066 already checkpointed
13:39:14 C45067 OK (custom_expected)  5/147
13:39:14 C45068 already checkpointed
13:39:14 C45069 already checkpointed
13:39:14 C45070 already checkpointed
13:39:14 C45071 already checkpointed
13:39:14 C45072 already checkpointed
13:39:14 C45073 already checkpointed
13:39:14 C45074 already checkpointed
13:39:14 C45075 already checkpointed
13:39:14 C45076 already checkpointed
13:39:14 C45077 already checkpointed
13:39:14 C45078 already checkpointed
13:39:14 C45079 already checkpointed
13:39:14 C45080 already checkpointed
13:39:14 C45081 already checkpointed
13:39:14 C45082 already checkpointed
13:39:14 C45083 already checkpointed
13:39:14 C45221 already checkpointed
13:39:14 C45222 already checkpointed
13:39:14 C45223 already checkpointed
13:39:14 C45224 already checkpointed
13:39:14 C45225 already checkpointed
13:39:14 C45226 already checkpointed
13:39:14 C45227 already checkpointed
13:39:14 C45228 already checkpointed
13:39:14 C45229 already checkpointed
13:39:14 C45230 already checkpointed
13:39:14 C45231 already checkpointed
13:39:14 C45233 already checkpointed
13:39:14 C45234 already checkpointed
13:39:14 C45235 already checkpointed
13:39:14 C45236 already checkpointed
13:39:14 C45237 already checkpointed
13:39:14 C45238 already checkpointed
13:39:14 C45239 already checkpointed
13:39:14 C45240 already checkpointed
13:39:14 C45242 already checkpointed
13:39:14 C45243 already checkpointed
13:39:14 DONE applied=5 skipped=0 failed=0
applied=147 after iter 4
COMPLETE at iter 4
DRIVER2 DONE applied=147 target=147
