C43562 step4 sharedURL: {"sharedUrl":"https://sv8785.qa.shopview.com/parts/inventory","sourceRows":32,"freshWindowRows":32,"freshWindowChips":["place Bin Location","list Category","inventory_2 Supply"],"landedOn":"https://sv8785.qa.shopview.com/parts/inventory","picked":".Brake Parts"}
C43562 step5 phone: {"viewport":"390x844","chipsRaw":[{"id":"filter_chip_gridLocation","text":"place Bin Location keyboard_arrow_down","x":-6,"y":234,"w":152,"visible":true},{"id":"filter_chip_category","text":"list Category keyboard_arrow_down","x":160,"y":234,"w":133,"visible":true},{"id":"filter_chip_supply","text":"inventory_2 Supply keyboard_arrow_down","x":307,"y":234,"w":120,"visible":true}],"horizontallyScrollable":{"tag":"DIV","scrollWidth":443,"clientWidth":391},"toggleBar":true,"opened":true,"optionCount":65,"sheetShape":{"cls":"q-menu q-position-engine scroll","x":160,"y":267,"w":230,"h":549,"hasApply":false},"appliedImmediately":true,"urlAfter":"htt
  Parts/Inventory            search=Y chips=3 tabs=[]
  Parts/Part Sales           search=Y chips=1 tabs=[]
  Parts/Catalog              search=Y chips=2 tabs=[]
  Parts/Returns              search=Y chips=2 tabs=[Returns|Credits]
  Parts/Purchase Orders      search=Y chips=0 tabs=[]
  Parts/Vendor Invoices      search=Y chips=0 tabs=[]
  Parts/Vendors              search=Y chips=0 tabs=[]
  Rep/Timesheet Activities   search=N chips=2 tabs=[]
  Rep/Sales                  search=N chips=2 tabs=[]
  Rep/Shop Efficiency        search=N chips=1 tabs=[]
  Rep/Sales Tax              search=Y chips=2 tabs=[]
  Rep/Notes                  search=N chips=4 tabs=[]
  Rep/Reminders              search=N chips=2 tabs=[]
  Rep/AR Aging Detail        search=N chips=1 tabs=[]
  Rep/Technician Efficiency  search=N chips=1 tabs=[Invoiced|Completed]
  Rep/Advisor Analysis       search=N chips=2 tabs=[]
  Rep/IBS Batches            search=Y chips=0 tabs=[Ready To Send|Sent|Payments]
SUMMARY: {
 "partsViewsWithFilterBar": [
  "Parts/Inventory",
  "Parts/Part Sales",
  "Parts/Catalog",
  "Parts/Returns"
 ],
 "reportsWithInnerTabs": [
  "Rep/Technician Efficiency",
  "Rep/IBS Batches"
 ],
 "reportsWithPageSearch": [
  "Rep/Sales Tax",
  "Rep/IBS Batches"
 ],
 "reportsWithoutPageSearch": [
  "Rep/Timesheet Activities",
  "Rep/Sales",
  "Rep/Shop Efficiency",
  "Rep/Notes",
  "Rep/Reminders",
  "Rep/AR Aging Detail",
  "Rep/Technician Efficiency",
  "Rep/Advisor Analysis"
 ],
 "partsWithoutPageSearch": []
}
EXIT=0
