C44877
  field0 fr-view=false escaped=false literalTagInText=false :: ""
  field1 fr-view=true escaped=false literalTagInText=false :: " 1. Sign in to ShopView. In the app header, click the s"
  field2 fr-view=true escaped=false literalTagInText=false :: " 1. In the search box, open the palette and type a quer"
  field3 fr-view=true escaped=false literalTagInText=false :: " A 'Parts' group appears with matching part rows.The 'P"
  field4 fr-view=false escaped=false literalTagInText=false :: ""
C44878
  field0 fr-view=false escaped=false literalTagInText=false :: ""
  field1 fr-view=true escaped=false literalTagInText=false :: " 1. Sign in to ShopView. In the app header, click the s"
  field2 fr-view=true escaped=false literalTagInText=false :: " 1. In the search box, open the palette and type a quer"
  field3 fr-view=true escaped=false literalTagInText=false :: " No 'Parts' group appears and no part rows are shown.Th"
  field4 fr-view=false escaped=false literalTagInText=false :: ""
C44879
  field0 fr-view=false escaped=false literalTagInText=false :: ""
  field1 fr-view=true escaped=false literalTagInText=false :: " 1. Sign in to ShopView. In the app header, click the s"
  field2 fr-view=true escaped=false literalTagInText=false :: " 1. In the search box, open the palette and type a quer"
  field3 fr-view=true escaped=false literalTagInText=false :: " No 'Work orders' group appears and no Work Order rows "
  field4 fr-view=false escaped=false literalTagInText=false :: ""
C44880
  field0 fr-view=false escaped=false literalTagInText=false :: ""
  field1 fr-view=true escaped=false literalTagInText=false :: " 1. Sign in to ShopView. In the app header, click the s"
  field2 fr-view=true escaped=false literalTagInText=false :: " 1. In the search box, open the palette and type a quer"
  field3 fr-view=true escaped=false literalTagInText=false :: " Only records belonging to your own tenant/organization"
  field4 fr-view=false escaped=false literalTagInText=false :: ""
C44881
  field0 fr-view=false escaped=false literalTagInText=false :: ""
  field1 fr-view=true escaped=false literalTagInText=false :: " 1. Sign in to ShopView. In the app header, click the s"
  field2 fr-view=true escaped=false literalTagInText=false :: " 1. Open the palette and type a query on the 'All' tab."
  field3 fr-view=true escaped=false literalTagInText=false :: " On the 'All' tab, no group appears for the entity type"
  field4 fr-view=false escaped=false literalTagInText=false :: ""
C44882
  field0 fr-view=false escaped=false literalTagInText=false :: ""
  field1 fr-view=true escaped=false literalTagInText=false :: " 1. Sign in to ShopView. In the app header, click the s"
  field2 fr-view=true escaped=false literalTagInText=false :: " 1. Sign in as the role missing 'Work Orders: View', se"
  field3 fr-view=true escaped=false literalTagInText=false :: " 1. Permission filtering follows the eight-entity bundl"
  field4 fr-view=false escaped=false literalTagInText=false :: ""
C55702
  field0 fr-view=false escaped=false literalTagInText=false :: ""
  field1 fr-view=true escaped=false literalTagInText=false :: " 1. Sign in to ShopView. In the app header, click the s"
  field2 fr-view=true escaped=false literalTagInText=false :: " 1. In the search box, open the palette and type a quer"
  field3 fr-view=true escaped=false literalTagInText=false :: " A 'Work orders' group appears with matching work-order"
  field4 fr-view=false escaped=false literalTagInText=false :: ""
C55703
  field0 fr-view=false escaped=false literalTagInText=false :: ""
  field1 fr-view=true escaped=false literalTagInText=false :: " 1. Sign in to ShopView. In the app header, click the s"
  field2 fr-view=true escaped=false literalTagInText=false :: " 1. In the search box, open the palette and type a quer"
  field3 fr-view=true escaped=false literalTagInText=false :: " A 'Customers' group AND an 'Assets' group both appear "
  field4 fr-view=false escaped=false literalTagInText=false :: ""
C55704
  field0 fr-view=false escaped=false literalTagInText=false :: ""
  field1 fr-view=true escaped=false literalTagInText=false :: " 1. Sign in to ShopView. In the app header, click the s"
  field2 fr-view=true escaped=false literalTagInText=false :: " 1. In the search box, open the palette and type a quer"
  field3 fr-view=true escaped=false literalTagInText=false :: " A 'Part Sales' group appears with matching part-sale r"
  field4 fr-view=false escaped=false literalTagInText=false :: ""
C55705
  field0 fr-view=false escaped=false literalTagInText=false :: ""
  field1 fr-view=true escaped=false literalTagInText=false :: " 1. Sign in to ShopView. In the app header, click the s"
  field2 fr-view=true escaped=false literalTagInText=false :: " 1. In the search box, open the palette and type a quer"
  field3 fr-view=true escaped=false literalTagInText=false :: " A 'Vendors' group, a 'Purchase Orders' group AND a 'Ve"
  field4 fr-view=false escaped=false literalTagInText=false :: ""
C55706
  field0 fr-view=false escaped=false literalTagInText=false :: ""
  field1 fr-view=true escaped=false literalTagInText=false :: " 1. Sign in to ShopView. In the app header, click the s"
  field2 fr-view=true escaped=false literalTagInText=false :: " 1. In the search box, type a query that matches those "
  field3 fr-view=true escaped=false literalTagInText=false :: " Every price field shows its real value and none is mas"
  field4 fr-view=false escaped=false literalTagInText=false :: ""
C55717
  field0 fr-view=false escaped=false literalTagInText=false :: ""
  field1 fr-view=true escaped=false literalTagInText=false :: " 1. Sign in to ShopView. In the app header, click the s"
  field2 fr-view=true escaped=false literalTagInText=false :: " 1. Open global search with an empty box so the recent-"
  field3 fr-view=true escaped=false literalTagInText=false :: " The record the person can no longer access does NOT ap"
  field4 fr-view=false escaped=false literalTagInText=false :: ""
C44850
  field0 fr-view=false escaped=false literalTagInText=false :: ""
  field1 fr-view=true escaped=false literalTagInText=false :: " 1. Sign in to ShopView. In the app header, click the s"
  field2 fr-view=true escaped=false literalTagInText=false :: " 1. In the search box, type the exact Work Order number"
  field3 fr-view=true escaped=false literalTagInText=false :: " The exactly-matched Work Order is pinned as a single r"
  field4 fr-view=false escaped=false literalTagInText=false :: ""
C44851
  field0 fr-view=false escaped=false literalTagInText=false :: ""
  field1 fr-view=true escaped=false literalTagInText=false :: " 1. Sign in to ShopView. In the app header, click the s"
  field2 fr-view=true escaped=false literalTagInText=false :: " 1. Type the term that matches the seeded work orders.2"
  field3 fr-view=true escaped=false literalTagInText=false :: " 1. Open/active and recently-updated work orders rank a"
  field4 fr-view=false escaped=false literalTagInText=false :: ""
C44852
  field0 fr-view=false escaped=false literalTagInText=false :: ""
  field1 fr-view=true escaped=false literalTagInText=false :: " 1. Sign in to ShopView. In the app header, click the s"
  field2 fr-view=true escaped=false literalTagInText=false :: " 1. In the search box, type a query that matches both p"
  field3 fr-view=true escaped=false literalTagInText=false :: " The in-stock part ranks above the out-of-stock part.Th"
  field4 fr-view=false escaped=false literalTagInText=false :: ""
C44853
  field0 fr-view=false escaped=false literalTagInText=false :: ""
  field1 fr-view=true escaped=false literalTagInText=false :: " 1. Sign in to ShopView. In the app header, click the s"
  field2 fr-view=true escaped=false literalTagInText=false :: " 1. Open that Customer's page.2. On the Customer page, "
  field3 fr-view=true escaped=false literalTagInText=false :: " Assets and Work Orders owned by the customer whose pag"
  field4 fr-view=false escaped=false literalTagInText=false :: ""
C44854
  field0 fr-view=false escaped=false literalTagInText=false :: ""
  field1 fr-view=true escaped=false literalTagInText=false :: " 1. Sign in to ShopView. In the app header, click the s"
  field2 fr-view=true escaped=false literalTagInText=false :: " 1. Open that Work Order's page.2. On the Work Order pa"
  field3 fr-view=true escaped=false literalTagInText=false :: " Parts already on that work order are pushed down (demo"
  field4 fr-view=false escaped=false literalTagInText=false :: ""
C45137
  field0 fr-view=false escaped=false literalTagInText=false :: ""
  field1 fr-view=true escaped=false literalTagInText=false :: " 1. Sign in to ShopView. In the app header, click the s"
  field2 fr-view=true escaped=false literalTagInText=false :: " 1. Type the term that matches the seeded purchase orde"
  field3 fr-view=true escaped=false literalTagInText=false :: " A Purchase Order that is still Ordered (not yet receiv"
  field4 fr-view=false escaped=false literalTagInText=false :: ""
C45138
  field0 fr-view=false escaped=false literalTagInText=false :: ""
  field1 fr-view=true escaped=false literalTagInText=false :: " 1. Sign in to ShopView. In the app header, click the s"
  field2 fr-view=true escaped=false literalTagInText=false :: " 1. Type the term that matches the seeded vendor invoic"
  field3 fr-view=true escaped=false literalTagInText=false :: " An Unpaid vendor invoice ranks above paid ones.More re"
  field4 fr-view=false escaped=false literalTagInText=false :: ""
C45139
  field0 fr-view=false escaped=false literalTagInText=false :: ""
  field1 fr-view=true escaped=false literalTagInText=false :: " 1. Sign in to ShopView. In the app header, click the s"
  field2 fr-view=true escaped=false literalTagInText=false :: " 1. Search a value that matches the first customer only"
  field3 fr-view=true escaped=false literalTagInText=false :: " 1. A match on a contact field (name, phone or email) i"
  field4 fr-view=false escaped=false literalTagInText=false :: ""
C55707
  field0 fr-view=false escaped=false literalTagInText=false :: ""
  field1 fr-view=true escaped=false literalTagInText=false :: " 1. Sign in to ShopView. In the app header, click the s"
  field2 fr-view=true escaped=false literalTagInText=false :: " 1. In the search box, type the shared query.2. Read th"
  field3 fr-view=true escaped=false literalTagInText=false :: " The record whose name STARTS with the query ranks high"
  field4 fr-view=false escaped=false literalTagInText=false :: ""
C55708
  field0 fr-view=false escaped=false literalTagInText=false :: ""
  field1 fr-view=true escaped=false literalTagInText=false :: " 1. Sign in to ShopView. In the app header, click the s"
  field2 fr-view=true escaped=false literalTagInText=false :: " 1. In the search box, type the shared query.2. Read th"
  field3 fr-view=true escaped=false literalTagInText=false :: " The customer that has an open work order and that you "
  field4 fr-view=false escaped=false literalTagInText=false :: ""
C55709
  field0 fr-view=false escaped=false literalTagInText=false :: ""
  field1 fr-view=true escaped=false literalTagInText=false :: " 1. Sign in to ShopView. In the app header, click the s"
  field2 fr-view=true escaped=false literalTagInText=false :: " 1. In the search box, type the shared query.2. Read th"
  field3 fr-view=true escaped=false literalTagInText=false :: " The asset attached to an open work order (and/or viewe"
  field4 fr-view=false escaped=false literalTagInText=false :: ""
C55710
  field0 fr-view=false escaped=false literalTagInText=false :: ""
  field1 fr-view=true escaped=false literalTagInText=false :: " 1. Sign in to ShopView. In the app header, click the s"
  field2 fr-view=true escaped=false literalTagInText=false :: " 1. In the search box, type the shared query.2. Read th"
  field3 fr-view=true escaped=false literalTagInText=false :: " The vendor with open purchase orders (and/or used rece"
  field4 fr-view=false escaped=false literalTagInText=false :: ""
C55711
  field0 fr-view=false escaped=false literalTagInText=false :: ""
  field1 fr-view=true escaped=false literalTagInText=false :: " 1. Sign in to ShopView. In the app header, click the s"
  field2 fr-view=true escaped=false literalTagInText=false :: " 1. In the search box, type the shared query.2. Read th"
  field3 fr-view=true escaped=false literalTagInText=false :: " Recency dominates: a recently created part sale ranks "
  field4 fr-view=false escaped=false literalTagInText=false :: ""
C55712
  field0 fr-view=false escaped=false literalTagInText=false :: ""
  field1 fr-view=true escaped=false literalTagInText=false :: " 1. Sign in to ShopView. In the app header, click the s"
  field2 fr-view=true escaped=false literalTagInText=false :: " 1. In the search box, type the shared query.2. Read th"
  field3 fr-view=true escaped=false literalTagInText=false :: " The part sold or used recently (and/or viewed recently"
  field4 fr-view=false escaped=false literalTagInText=false :: ""
C55716
  field0 fr-view=false escaped=false literalTagInText=false :: ""
  field1 fr-view=true escaped=false literalTagInText=false :: " 1. Sign in to ShopView. In the app header, click the s"
  field2 fr-view=true escaped=false literalTagInText=false :: " 1. Type the shared query.2. Read the order of the two "
  field3 fr-view=true escaped=false literalTagInText=false :: " The record that was updated more recently appears firs"
  field4 fr-view=false escaped=false literalTagInText=false :: ""
C44839
  field0 fr-view=false escaped=false literalTagInText=false :: ""
  field1 fr-view=true escaped=false literalTagInText=false :: " 1. Sign in to ShopView. In the app header, click the s"
  field2 fr-view=true escaped=false literalTagInText=false :: " 1. In the search box, type the misspelled query 'Peter"
  field3 fr-view=true escaped=false literalTagInText=false :: " The 'Peterson' record is found and shown, despite the "
  field4 fr-view=false escaped=false literalTagInText=false :: ""
C44840
  field0 fr-view=false escaped=false literalTagInText=false :: ""
  field1 fr-view=true escaped=false literalTagInText=false :: " 1. Sign in to ShopView. In the app header, click the s"
  field2 fr-view=true escaped=false literalTagInText=false :: " 1. In the search box, type the misspelled query 'Abrig"
  field3 fr-view=true escaped=false literalTagInText=false :: " The 'Aabridge' record is found and shown, despite the "
  field4 fr-view=false escaped=false literalTagInText=false :: ""
C44841
  field0 fr-view=false escaped=false literalTagInText=false :: ""
  field1 fr-view=true escaped=false literalTagInText=false :: " 1. Sign in to ShopView. In the app header, click the s"
  field2 fr-view=true escaped=false literalTagInText=false :: " 1. In the search box, type the misspelled query 'frieg"
  field3 fr-view=true escaped=false literalTagInText=false :: " The 'Freightliner' record is found and shown, despite "
  field4 fr-view=false escaped=false literalTagInText=false :: ""
C44842
  field0 fr-view=false escaped=false literalTagInText=false :: ""
  field1 fr-view=true escaped=false literalTagInText=false :: " 1. Sign in to ShopView. In the app header, click the s"
  field2 fr-view=true escaped=false literalTagInText=false :: " 1. In the search box, type the phonetically-similar qu"
  field3 fr-view=true escaped=false literalTagInText=false :: " The 'Fibridge' record is found and shown (matched by s"
  field4 fr-view=false escaped=false literalTagInText=false :: ""
C44843
  field0 fr-view=false escaped=false literalTagInText=false :: ""
  field1 fr-view=true escaped=false literalTagInText=false :: " 1. Sign in to ShopView. In the app header, click the s"
  field2 fr-view=true escaped=false literalTagInText=false :: " 1. In the search box, type 'S2-15430' and read the res"
  field3 fr-view=true escaped=false literalTagInText=false :: " All three forms find the same Work Order 'S2-15430'.Th"
  field4 fr-view=false escaped=false literalTagInText=false :: ""
C44844
  field0 fr-view=false escaped=false literalTagInText=false :: ""
  field1 fr-view=true escaped=false literalTagInText=false :: " 1. Sign in to ShopView. In the app header, click the s"
  field2 fr-view=true escaped=false literalTagInText=false :: " 1. In the search box, type the asset's exact VIN / ser"
  field3 fr-view=true escaped=false literalTagInText=false :: " The exact VIN (case and spacing normalized) finds the "
  field4 fr-view=false escaped=false literalTagInText=false :: ""
C44845
  field0 fr-view=false escaped=false literalTagInText=false :: ""
  field1 fr-view=true escaped=false literalTagInText=false :: " 1. Sign in to ShopView with access to Customers. In th"
  field2 fr-view=true escaped=false literalTagInText=false :: " 1. In the search box, type the digits '2643286723' and"
  field3 fr-view=true escaped=false literalTagInText=false :: " 1. Both forms find the same customer — the phone is no"
  field4 fr-view=false escaped=false literalTagInText=false :: ""
C44846
  field0 fr-view=false escaped=false literalTagInText=false :: ""
  field1 fr-view=true escaped=false literalTagInText=false :: " 1. Sign in to ShopView. In the app header, click the s"
  field2 fr-view=true escaped=false literalTagInText=false :: " 1. In the search box, type the exact part number '6554"
  field3 fr-view=true escaped=false literalTagInText=false :: " The exact part number finds the matching part.A part n"
  field4 fr-view=false escaped=false literalTagInText=false :: ""
C44847
  field0 fr-view=false escaped=false literalTagInText=false :: ""
  field1 fr-view=true escaped=false literalTagInText=false :: " 1. Sign in to ShopView. In the app header, click the s"
  field2 fr-view=true escaped=false literalTagInText=false :: " 1. In the search box, type a near-miss Work Order numb"
  field3 fr-view=true escaped=false literalTagInText=false :: " The real Work Order 'S2-15430' is NOT returned as a fu"
  field4 fr-view=false escaped=false literalTagInText=false :: ""
C44848
  field0 fr-view=false escaped=false literalTagInText=false :: ""
  field1 fr-view=true escaped=false literalTagInText=false :: " 1. Sign in to ShopView. In the app header, click the s"
  field2 fr-view=true escaped=false literalTagInText=false :: " 1. In the search box, type a fuzzy query (for example "
  field3 fr-view=true escaped=false literalTagInText=false :: " The matched token is highlighted.A subtle soft-match i"
  field4 fr-view=false escaped=false literalTagInText=false :: ""
C44849
  field0 fr-view=false escaped=false literalTagInText=false :: ""
  field1 fr-view=true escaped=false literalTagInText=false :: " 1. Sign in to ShopView. In the app header, click the s"
  field2 fr-view=true escaped=false literalTagInText=false :: " 1. In the search box, type the exact P-number 'P2-58' "
  field3 fr-view=true escaped=false literalTagInText=false :: " The exact P-number 'P2-58' finds the matching Part Sal"
  field4 fr-view=false escaped=false literalTagInText=false :: ""
C55713
  field0 fr-view=false escaped=false literalTagInText=false :: ""
  field1 fr-view=true escaped=false literalTagInText=false :: " 1. Sign in to ShopView. In the app header, click the s"
  field2 fr-view=true escaped=false literalTagInText=false :: " 1. In the search box, type a 2 to 3 letter query that "
  field3 fr-view=true escaped=false literalTagInText=false :: " The 2 to 3 letter query does NOT surface the loose typ"
  field4 fr-view=false escaped=false literalTagInText=false :: ""
C55714
  field0 fr-view=false escaped=false literalTagInText=false :: ""
  field1 fr-view=true escaped=false literalTagInText=false :: " 1. Sign in to ShopView. In the app header, click the s"
  field2 fr-view=true escaped=false literalTagInText=false :: " 1. Type the exact Purchase Order number and read the r"
  field3 fr-view=true escaped=false literalTagInText=false :: " 1. The exact Purchase Order number finds the matching "
  field4 fr-view=false escaped=false literalTagInText=false :: ""
C55715
  field0 fr-view=false escaped=false literalTagInText=false :: ""
  field1 fr-view=true escaped=false literalTagInText=false :: " 1. Sign in to ShopView. In the app header, click the s"
  field2 fr-view=true escaped=false literalTagInText=false :: " 1. Type a misspelled version of a word from the part's"
  field3 fr-view=true escaped=false literalTagInText=false :: " The part is still found through its description despit"
  field4 fr-view=false escaped=false literalTagInText=false :: ""
