imported row clicked: true | url now https://sv8218.qa.shopview.com/workorders?status=imported
landed /imported-work-orders/c457a7fa-a42d-4994-bc85-0dff770f2314 | chars 744
--- imported document text ---
Skip to main content
Work Orders
Schedule
Customers
Parts
Reports
Search
Ctrl+K
timer
Clock In
notifications
Staging Heavy Duty - 9919
AS
ZZAUTOTE..
Imported
Invoiced: Jan 15, 2026
Una Truck Center
VIN/Serial #
Unknown
Financial Info
Item
Cost
Total
$105.00
delete
get_app
print
undefined, undefined, undefined
Invoice: INV-ZZAUTOTEST-IMP-001
Issue date: Jan 15, 2026
Bill To
Una Truck Center
8592 Lee Streets Suite 053
Stephenburgh, Nunavut, G9H 6K5
Unit
-
VIN/Serial #
-
Asset
-
Mileage
-
Eng Hrs
-
Customer PO
-
Description	Quantity	Rate	Amount
ZZAUTOTEST imported line
Seeded for C45190
	
1.00
	
$100.00
	
$100.00
Subtotal
$100.00
Tax
$5.00
Total
$105.00
Customer signature:
Printed name:
Date:
Software Powered by ShopView
