C44804
  field0 fr-view=false escaped=false literalTagInText=false :: ""
  field1 fr-view=true escaped=false literalTagInText=false :: " 1. Sign in to ShopView and go to any page, for example"
  field2 fr-view=true escaped=false literalTagInText=false :: " 1. Without clicking anything, press ⌘K (Ctrl+K on Wind"
  field3 fr-view=true escaped=false literalTagInText=false :: " 1. A centered search box (a modal overlay, 640px wide)"
  field4 fr-view=false escaped=false literalTagInText=false :: ""
C44805
  field0 fr-view=false escaped=false literalTagInText=false :: ""
  field1 fr-view=true escaped=false literalTagInText=false :: " 1. Sign in to ShopView. The persistent search field is"
  field2 fr-view=true escaped=false literalTagInText=false :: " 1. Click the search field in the app header.2. Watch t"
  field3 fr-view=true escaped=false literalTagInText=false :: " 1. A centered search box (a modal overlay, 640px wide)"
  field4 fr-view=false escaped=false literalTagInText=false :: ""
C44806
  field0 fr-view=false escaped=false literalTagInText=false :: ""
  field1 fr-view=true escaped=false literalTagInText=false :: " 1. Sign in to ShopView. In the app header, click the s"
  field2 fr-view=true escaped=false literalTagInText=false :: " 1. In the search box, press the Esc key.2. Watch the s"
  field3 fr-view=true escaped=false literalTagInText=false :: " The search box closes.The dimming is removed and you a"
  field4 fr-view=false escaped=false literalTagInText=false :: ""
C44807
  field0 fr-view=false escaped=false literalTagInText=false :: ""
  field1 fr-view=true escaped=false literalTagInText=false :: " 1. Sign in to ShopView. In the app header, click the s"
  field2 fr-view=true escaped=false literalTagInText=false :: " 1. In the search box, press K together with the Comman"
  field3 fr-view=true escaped=false literalTagInText=false :: " The search box closes.The dimming is removed and you a"
  field4 fr-view=false escaped=false literalTagInText=false :: ""
C44808
  field0 fr-view=false escaped=false literalTagInText=false :: ""
  field1 fr-view=true escaped=false literalTagInText=false :: " 1. Sign in to ShopView. In the app header, click the s"
  field2 fr-view=true escaped=false literalTagInText=false :: " 1. Click anywhere on the dimmed area of the page (outs"
  field3 fr-view=true escaped=false literalTagInText=false :: " The search box closes.The dimming is removed and you a"
  field4 fr-view=false escaped=false literalTagInText=false :: ""
C44809
  field0 fr-view=false escaped=false literalTagInText=false :: ""
  field1 fr-view=true escaped=false literalTagInText=false :: " 1. Sign in to ShopView. In the app header, click the s"
  field2 fr-view=true escaped=false literalTagInText=false :: " 1. In the search box, press the Down arrow key several"
  field3 fr-view=true escaped=false literalTagInText=false :: " Each Down press moves the highlight to the next result"
  field4 fr-view=false escaped=false literalTagInText=false :: ""
C44810
  field0 fr-view=false escaped=false literalTagInText=false :: ""
  field1 fr-view=true escaped=false literalTagInText=false :: " 1. Sign in to ShopView. In the app header, click the s"
  field2 fr-view=true escaped=false literalTagInText=false :: " 1. In the search box, press the Enter key.2. Watch the"
  field3 fr-view=true escaped=false literalTagInText=false :: " The palette closes and the highlighted record opens in"
  field4 fr-view=false escaped=false literalTagInText=false :: ""
C44811
  field0 fr-view=false escaped=false literalTagInText=false :: ""
  field1 fr-view=true escaped=false literalTagInText=false :: " 1. Sign in to ShopView. In the app header, click the s"
  field2 fr-view=true escaped=false literalTagInText=false :: " 1. In the search box, press Enter together with the Co"
  field3 fr-view=true escaped=false literalTagInText=false :: " The highlighted record opens in a NEW browser tab.The "
  field4 fr-view=false escaped=false literalTagInText=false :: ""
C44812
  field0 fr-view=false escaped=false literalTagInText=false :: ""
  field1 fr-view=true escaped=false literalTagInText=false :: " 1. Sign in to ShopView. In the app header, click the s"
  field2 fr-view=true escaped=false literalTagInText=false :: " 1. Type a few letters that match several work orders a"
  field3 fr-view=true escaped=false literalTagInText=false :: " Pressing Tab moves keyboard focus onto the scope tab s"
  field4 fr-view=false escaped=false literalTagInText=false :: ""
C44813
  field0 fr-view=false escaped=false literalTagInText=false :: ""
  field1 fr-view=true escaped=false literalTagInText=false :: " 1. Sign in to ShopView. In the app header, click the s"
  field2 fr-view=true escaped=false literalTagInText=false :: " 1. Look at the bottom of the search box in the empty s"
  field3 fr-view=true escaped=false literalTagInText=false :: " The footer keyboard legend is visible in every state: "
  field4 fr-view=false escaped=false literalTagInText=false :: ""
C44814
  field0 fr-view=false escaped=false literalTagInText=false :: ""
  field1 fr-view=true escaped=false literalTagInText=false :: " 1. Sign in to ShopView. In the app header, click the s"
  field2 fr-view=true escaped=false literalTagInText=false :: " 1. Type the shared few letters (for example 'Fib') so "
  field3 fr-view=true escaped=false literalTagInText=false :: " 1. The tabs read, in this exact left-to-right order: A"
  field4 fr-view=false escaped=false literalTagInText=false :: ""
C44815
  field0 fr-view=false escaped=false literalTagInText=false :: ""
  field1 fr-view=true escaped=false literalTagInText=false :: " 1. Sign in to ShopView. In the app header, click the s"
  field2 fr-view=true escaped=false literalTagInText=false :: " 1. Make sure the 'All' tab is selected.2. Type the sha"
  field3 fr-view=true escaped=false literalTagInText=false :: " 1. Results from every matching entity type appear, eac"
  field4 fr-view=false escaped=false literalTagInText=false :: ""
C44816
  field0 fr-view=false escaped=false literalTagInText=false :: ""
  field1 fr-view=true escaped=false literalTagInText=false :: " 1. Sign in to ShopView. In the app header, click the s"
  field2 fr-view=true escaped=false literalTagInText=false :: " 1. Type the shared query so results appear across more"
  field3 fr-view=true escaped=false literalTagInText=false :: " Only Work Order results are shown; other entity groups"
  field4 fr-view=false escaped=false literalTagInText=false :: ""
C44817
  field0 fr-view=false escaped=false literalTagInText=false :: ""
  field1 fr-view=true escaped=false literalTagInText=false :: " 1. Sign in to ShopView. In the app header, click the s"
  field2 fr-view=true escaped=false literalTagInText=false :: " 1. Type the shared query so results appear across more"
  field3 fr-view=true escaped=false literalTagInText=false :: " Only Customer results are shown; other entity groups a"
  field4 fr-view=false escaped=false literalTagInText=false :: ""
C44818
  field0 fr-view=false escaped=false literalTagInText=false :: ""
  field1 fr-view=true escaped=false literalTagInText=false :: " 1. Sign in to ShopView. In the app header, click the s"
  field2 fr-view=true escaped=false literalTagInText=false :: " 1. Type the shared query so results appear across more"
  field3 fr-view=true escaped=false literalTagInText=false :: " Only Asset results are shown; other entity groups are "
  field4 fr-view=false escaped=false literalTagInText=false :: ""
C44819
  field0 fr-view=false escaped=false literalTagInText=false :: ""
  field1 fr-view=true escaped=false literalTagInText=false :: " 1. Sign in to ShopView. In the app header, click the s"
  field2 fr-view=true escaped=false literalTagInText=false :: " 1. Type the shared query so results appear across more"
  field3 fr-view=true escaped=false literalTagInText=false :: " Only Part results are shown; other entity groups are h"
  field4 fr-view=false escaped=false literalTagInText=false :: ""
C44820
  field0 fr-view=false escaped=false literalTagInText=false :: ""
  field1 fr-view=true escaped=false literalTagInText=false :: " 1. Sign in to ShopView. In the app header, click the s"
  field2 fr-view=true escaped=false literalTagInText=false :: " 1. Type the shared query so results appear across more"
  field3 fr-view=true escaped=false literalTagInText=false :: " Only Vendor results are shown; other entity groups are"
  field4 fr-view=false escaped=false literalTagInText=false :: ""
C44821
  field0 fr-view=false escaped=false literalTagInText=false :: ""
  field1 fr-view=true escaped=false literalTagInText=false :: " 1. Sign in to ShopView. In the app header, click the s"
  field2 fr-view=true escaped=false literalTagInText=false :: " 1. Type the shared query so results appear across more"
  field3 fr-view=true escaped=false literalTagInText=false :: " Only Part Sales results are shown; other entity groups"
  field4 fr-view=false escaped=false literalTagInText=false :: ""
C44822
  field0 fr-view=false escaped=false literalTagInText=false :: ""
  field1 fr-view=true escaped=false literalTagInText=false :: " 1. Sign in to ShopView. In the app header, click the s"
  field2 fr-view=true escaped=false literalTagInText=false :: " 1. Type the term that matches more than 20 records in "
  field3 fr-view=true escaped=false literalTagInText=false :: " 1. Selecting an entity scope tab scopes the query to t"
  field4 fr-view=false escaped=false literalTagInText=false :: ""
C45129
  field0 fr-view=false escaped=false literalTagInText=false :: ""
  field1 fr-view=true escaped=false literalTagInText=false :: " 1. Sign in to ShopView with access to Customers.2. Hav"
  field2 fr-view=true escaped=false literalTagInText=false :: " 1. In the app header, click the search field (or press"
  field3 fr-view=true escaped=false literalTagInText=false :: " 1. There is no 'Contacts' tab in the tab strip and no "
  field4 fr-view=false escaped=false literalTagInText=false :: ""
C45130
  field0 fr-view=false escaped=false literalTagInText=false :: ""
  field1 fr-view=true escaped=false literalTagInText=false :: " 1. Sign in to ShopView. In the app header, click the s"
  field2 fr-view=true escaped=false literalTagInText=false :: " 1. Type the common term so results appear across sever"
  field3 fr-view=true escaped=false literalTagInText=false :: " Selecting the 'Purchase Orders' tab scopes the query t"
  field4 fr-view=false escaped=false literalTagInText=false :: ""
C45131
  field0 fr-view=false escaped=false literalTagInText=false :: ""
  field1 fr-view=true escaped=false literalTagInText=false :: " 1. Sign in to ShopView. In the app header, click the s"
  field2 fr-view=true escaped=false literalTagInText=false :: " 1. Type the common term so results appear across sever"
  field3 fr-view=true escaped=false literalTagInText=false :: " Selecting the 'Vendor Invoices' tab scopes the query t"
  field4 fr-view=false escaped=false literalTagInText=false :: ""
C44823
  field0 fr-view=false escaped=false literalTagInText=false :: ""
  field1 fr-view=true escaped=false literalTagInText=false :: " 1. Sign in to ShopView. In the app header, click the s"
  field2 fr-view=true escaped=false literalTagInText=false :: " 1. In the search box, type the query (for example 'Fib"
  field3 fr-view=true escaped=false literalTagInText=false :: " 1. Each group heading shows the entity name and its ma"
  field4 fr-view=false escaped=false literalTagInText=false :: ""
C44824
  field0 fr-view=false escaped=false literalTagInText=false :: ""
  field1 fr-view=true escaped=false literalTagInText=false :: " 1. Sign in to ShopView. In the app header, click the s"
  field2 fr-view=true escaped=false literalTagInText=false :: " 1. In the search box, type the query so a group has ma"
  field3 fr-view=true escaped=false literalTagInText=false :: " The group shows at most five result rows.It does not s"
  field4 fr-view=false escaped=false literalTagInText=false :: ""
C44825
  field0 fr-view=false escaped=false literalTagInText=false :: ""
  field1 fr-view=true escaped=false literalTagInText=false :: " 1. Sign in to ShopView. In the app header, click the s"
  field2 fr-view=true escaped=false literalTagInText=false :: " 1. Type the shared term so several groups appear on th"
  field3 fr-view=true escaped=false literalTagInText=false :: " 1. When a result group has more than five matches, a '"
  field4 fr-view=false escaped=false literalTagInText=false :: ""
C44826
  field0 fr-view=false escaped=false literalTagInText=false :: ""
  field1 fr-view=true escaped=false literalTagInText=false :: " 1. Sign in to ShopView. In the app header, click the s"
  field2 fr-view=true escaped=false literalTagInText=false :: " 2. Click the 'Show all 12' link on the Work Orders gro"
  field3 fr-view=true escaped=false literalTagInText=false :: " 1. The search modal stays open and switches to the Wor"
  field4 fr-view=false escaped=false literalTagInText=false :: ""
C44827
  field0 fr-view=false escaped=false literalTagInText=false :: ""
  field1 fr-view=true escaped=false literalTagInText=false :: " 1. Sign in to ShopView with access to work orders, cus"
  field2 fr-view=true escaped=false literalTagInText=false :: " 1. In the app header, click the search field (or press"
  field3 fr-view=true escaped=false literalTagInText=false :: " 1. The groups appear top to bottom in this order: Work"
  field4 fr-view=false escaped=false literalTagInText=false :: ""
C44828
  field0 fr-view=false escaped=false literalTagInText=false :: ""
  field1 fr-view=true escaped=false literalTagInText=false :: " 1. Sign in to ShopView. In the app header, click the s"
  field2 fr-view=true escaped=false literalTagInText=false :: " 1. In the search box, type 'Fib'.2. Look at the matche"
  field3 fr-view=true escaped=false literalTagInText=false :: " The matched substring 'Fib' is visually highlighted (i"
  field4 fr-view=false escaped=false literalTagInText=false :: ""
C44829
  field0 fr-view=false escaped=false literalTagInText=false :: ""
  field1 fr-view=true escaped=false literalTagInText=false :: " 1. Sign in to ShopView. In the app header, click the s"
  field2 fr-view=true escaped=false literalTagInText=false :: " 1. Type a query that returns results across several gr"
  field3 fr-view=true escaped=false literalTagInText=false :: " The screen reader announces the total results count wh"
  field4 fr-view=false escaped=false literalTagInText=false :: ""
C44830
  field0 fr-view=false escaped=false literalTagInText=false :: ""
  field1 fr-view=true escaped=false literalTagInText=false :: " 1. Sign in to ShopView. In the app header, click the s"
  field2 fr-view=true escaped=false literalTagInText=false :: " 1. Search the broad term and read the group order in t"
  field3 fr-view=true escaped=false literalTagInText=false :: " 1. Group display order on 'All' is: Work Orders, Custo"
  field4 fr-view=false escaped=false literalTagInText=false :: ""
C53476
  field0 fr-view=false escaped=false literalTagInText=false :: ""
  field1 fr-view=true escaped=false literalTagInText=false :: " 1. Sign in to ShopView. In the app header, click the s"
  field2 fr-view=true escaped=false literalTagInText=false :: " 1. Type a short term that matches more than 20 records"
  field3 fr-view=true escaped=false literalTagInText=false :: " 1. No count anywhere in the modal reads higher than 20"
  field4 fr-view=false escaped=false literalTagInText=false :: ""
C44895
  field0 fr-view=false escaped=false literalTagInText=false :: ""
  field1 fr-view=true escaped=false literalTagInText=false :: " 1. Sign in to ShopView with access to Customers.2. Hav"
  field2 fr-view=true escaped=false literalTagInText=false :: " 1. In the app header, click the search field (or press"
  field3 fr-view=true escaped=false literalTagInText=false :: " 1. There is no 'Contacts' group and no 'Contacts' tab "
  field4 fr-view=false escaped=false literalTagInText=false :: ""
C44831
  field0 fr-view=false escaped=false literalTagInText=false :: ""
  field1 fr-view=true escaped=false literalTagInText=false :: " 1. Sign in to ShopView. In the app header, click the s"
  field2 fr-view=true escaped=false literalTagInText=false :: " 1. Type a term that matches both work orders.2. Read t"
  field3 fr-view=true escaped=false literalTagInText=false :: " 1. The main (bold) line shows the work order number an"
  field4 fr-view=false escaped=false literalTagInText=false :: ""
C44832
  field0 fr-view=false escaped=false literalTagInText=false :: ""
  field1 fr-view=true escaped=false literalTagInText=false :: " 1. Sign in to ShopView. In the app header, click the s"
  field2 fr-view=true escaped=false literalTagInText=false :: " 1. In the search box, type a query that matches a Cust"
  field3 fr-view=true escaped=false literalTagInText=false :: " The row shows the customer name as the main line (for "
  field4 fr-view=false escaped=false literalTagInText=false :: ""
C44833
  field0 fr-view=false escaped=false literalTagInText=false :: ""
  field1 fr-view=true escaped=false literalTagInText=false :: " 1. Sign in to ShopView. In the app header, click the s"
  field2 fr-view=true escaped=false literalTagInText=false :: " 1. In the search box, type a query that matches an Ass"
  field3 fr-view=true escaped=false literalTagInText=false :: " The row shows year, make and model as the main line (f"
  field4 fr-view=false escaped=false literalTagInText=false :: ""
C44834
  field0 fr-view=false escaped=false literalTagInText=false :: ""
  field1 fr-view=true escaped=false literalTagInText=false :: " 1. Sign in to ShopView. In the app header, click the s"
  field2 fr-view=true escaped=false literalTagInText=false :: " 1. Type a query that matches the seeded parts (for exa"
  field3 fr-view=true escaped=false literalTagInText=false :: " The row shows the part description as the main line (f"
  field4 fr-view=false escaped=false literalTagInText=false :: ""
C44835
  field0 fr-view=false escaped=false literalTagInText=false :: ""
  field1 fr-view=true escaped=false literalTagInText=false :: " 1. Sign in to ShopView. In the app header, click the s"
  field2 fr-view=true escaped=false literalTagInText=false :: " 1. In the search box, type a query that matches a Vend"
  field3 fr-view=true escaped=false literalTagInText=false :: " The row shows the vendor name as the main line (for ex"
  field4 fr-view=false escaped=false literalTagInText=false :: ""
C44836
  field0 fr-view=false escaped=false literalTagInText=false :: ""
  field1 fr-view=true escaped=false literalTagInText=false :: " 1. Sign in to ShopView. In the app header, click the s"
  field2 fr-view=true escaped=false literalTagInText=false :: " 1. In the search box, type a query that matches a Part"
  field3 fr-view=true escaped=false literalTagInText=false :: " The row shows the P-number and customer name as the ma"
  field4 fr-view=false escaped=false literalTagInText=false :: ""
C44837
  field0 fr-view=false escaped=false literalTagInText=false :: ""
  field1 fr-view=true escaped=false literalTagInText=false :: " 1. Sign in to ShopView. In the app header, click the s"
  field2 fr-view=true escaped=false literalTagInText=false :: " 2. Type the customer's contact phone digits or email ("
  field3 fr-view=true escaped=false literalTagInText=false :: " 1. The customer (or vendor) still appears in the resul"
  field4 fr-view=false escaped=false literalTagInText=false :: ""
C44838
  field0 fr-view=false escaped=false literalTagInText=false :: ""
  field1 fr-view=true escaped=false literalTagInText=false :: " 1. Sign in to ShopView. In the app header, click the s"
  field2 fr-view=true escaped=false literalTagInText=false :: " 1. Search a term so Work Orders in different statuses "
  field3 fr-view=true escaped=false literalTagInText=false :: " Status badge colors match the Work Order list tokens: "
  field4 fr-view=false escaped=false literalTagInText=false :: ""
C44839
  field0 fr-view=false escaped=false literalTagInText=false :: ""
  field1 fr-view=true escaped=false literalTagInText=false :: " 1. Sign in to ShopView. In the app header, click the s"
  field2 fr-view=true escaped=false literalTagInText=false :: " 1. In the search box, type the misspelled query 'Peter"
  field3 fr-view=true escaped=false literalTagInText=false :: " The 'Peterson' record is found and shown, despite the "
  field4 fr-view=false escaped=false literalTagInText=false :: ""
C44840
  field0 fr-view=false escaped=false literalTagInText=false :: ""
  field1 fr-view=true escaped=false literalTagInText=false :: " 1. Sign in to ShopView. In the app header, click the s"
  field2 fr-view=true escaped=false literalTagInText=false :: " 1. In the search box, type the misspelled query 'Abrig"
  field3 fr-view=true escaped=false literalTagInText=false :: " The 'Aabridge' record is found and shown, despite the "
  field4 fr-view=false escaped=false literalTagInText=false :: ""
C44841
  field0 fr-view=false escaped=false literalTagInText=false :: ""
  field1 fr-view=true escaped=false literalTagInText=false :: " 1. Sign in to ShopView. In the app header, click the s"
  field2 fr-view=true escaped=false literalTagInText=false :: " 1. In the search box, type the misspelled query 'frieg"
  field3 fr-view=true escaped=false literalTagInText=false :: " The 'Freightliner' record is found and shown, despite "
  field4 fr-view=false escaped=false literalTagInText=false :: ""
C44842
  field0 fr-view=false escaped=false literalTagInText=false :: ""
  field1 fr-view=true escaped=false literalTagInText=false :: " 1. Sign in to ShopView. In the app header, click the s"
  field2 fr-view=true escaped=false literalTagInText=false :: " 1. In the search box, type the phonetically-similar qu"
  field3 fr-view=true escaped=false literalTagInText=false :: " The 'Fibridge' record is found and shown (matched by s"
  field4 fr-view=false escaped=false literalTagInText=false :: ""
C44843
  field0 fr-view=false escaped=false literalTagInText=false :: ""
  field1 fr-view=true escaped=false literalTagInText=false :: " 1. Sign in to ShopView. In the app header, click the s"
  field2 fr-view=true escaped=false literalTagInText=false :: " 1. In the search box, type 'S2-15276' and read the res"
  field3 fr-view=true escaped=false literalTagInText=false :: " All three forms find the same Work Order 'S2-15276'.Th"
  field4 fr-view=false escaped=false literalTagInText=false :: ""
C44844
  field0 fr-view=false escaped=false literalTagInText=false :: ""
  field1 fr-view=true escaped=false literalTagInText=false :: " 1. Sign in to ShopView. In the app header, click the s"
  field2 fr-view=true escaped=false literalTagInText=false :: " 1. In the search box, type the asset's exact VIN / ser"
  field3 fr-view=true escaped=false literalTagInText=false :: " The exact VIN (case and spacing normalized) finds the "
  field4 fr-view=false escaped=false literalTagInText=false :: ""
C44845
  field0 fr-view=false escaped=false literalTagInText=false :: ""
  field1 fr-view=true escaped=false literalTagInText=false :: " 1. Sign in to ShopView with access to Customers. In th"
  field2 fr-view=true escaped=false literalTagInText=false :: " 1. In the search box, type the digits '2643286723' and"
  field3 fr-view=true escaped=false literalTagInText=false :: " 1. Both forms find the same customer — the phone is no"
  field4 fr-view=false escaped=false literalTagInText=false :: ""
C44846
  field0 fr-view=false escaped=false literalTagInText=false :: ""
  field1 fr-view=true escaped=false literalTagInText=false :: " 1. Sign in to ShopView. In the app header, click the s"
  field2 fr-view=true escaped=false literalTagInText=false :: " 1. In the search box, type the exact part number '6554"
  field3 fr-view=true escaped=false literalTagInText=false :: " The exact part number finds the matching part.A part n"
  field4 fr-view=false escaped=false literalTagInText=false :: ""
C44847
  field0 fr-view=false escaped=false literalTagInText=false :: ""
  field1 fr-view=true escaped=false literalTagInText=false :: " 1. Sign in to ShopView. In the app header, click the s"
  field2 fr-view=true escaped=false literalTagInText=false :: " 1. In the search box, type a near-miss Work Order numb"
  field3 fr-view=true escaped=false literalTagInText=false :: " The real Work Order 'S2-15276' is NOT returned as a fu"
  field4 fr-view=false escaped=false literalTagInText=false :: ""
C44848
  field0 fr-view=false escaped=false literalTagInText=false :: ""
  field1 fr-view=true escaped=false literalTagInText=false :: " 1. Sign in to ShopView. In the app header, click the s"
  field2 fr-view=true escaped=false literalTagInText=false :: " 1. In the search box, type a fuzzy query (for example "
  field3 fr-view=true escaped=false literalTagInText=false :: " The matched token is highlighted.A subtle soft-match i"
  field4 fr-view=false escaped=false literalTagInText=false :: ""
C44849
  field0 fr-view=false escaped=false literalTagInText=false :: ""
  field1 fr-view=true escaped=false literalTagInText=false :: " 1. Sign in to ShopView. In the app header, click the s"
  field2 fr-view=true escaped=false literalTagInText=false :: " 1. In the search box, type the exact P-number 'P2-58' "
  field3 fr-view=true escaped=false literalTagInText=false :: " The exact P-number 'P2-58' finds the matching Part Sal"
  field4 fr-view=false escaped=false literalTagInText=false :: ""
C44850
  field0 fr-view=false escaped=false literalTagInText=false :: ""
  field1 fr-view=true escaped=false literalTagInText=false :: " 1. Sign in to ShopView. In the app header, click the s"
  field2 fr-view=true escaped=false literalTagInText=false :: " 1. In the search box, type the exact Work Order number"
  field3 fr-view=true escaped=false literalTagInText=false :: " The exactly-matched Work Order is pinned as a single r"
  field4 fr-view=false escaped=false literalTagInText=false :: ""
C44851
  field0 fr-view=false escaped=false literalTagInText=false :: ""
  field1 fr-view=true escaped=false literalTagInText=false :: " 1. Sign in to ShopView. In the app header, click the s"
  field2 fr-view=true escaped=false literalTagInText=false :: " 1. Type the term that matches the seeded work orders.2"
  field3 fr-view=true escaped=false literalTagInText=false :: " 1. Open/active and recently-updated work orders rank a"
  field4 fr-view=false escaped=false literalTagInText=false :: ""
C44852
  field0 fr-view=false escaped=false literalTagInText=false :: ""
  field1 fr-view=true escaped=false literalTagInText=false :: " 1. Sign in to ShopView. In the app header, click the s"
  field2 fr-view=true escaped=false literalTagInText=false :: " 1. In the search box, type a query that matches both p"
  field3 fr-view=true escaped=false literalTagInText=false :: " The in-stock part ranks above the out-of-stock part.Th"
  field4 fr-view=false escaped=false literalTagInText=false :: ""
C44853
  field0 fr-view=false escaped=false literalTagInText=false :: ""
  field1 fr-view=true escaped=false literalTagInText=false :: " 1. Sign in to ShopView. In the app header, click the s"
  field2 fr-view=true escaped=false literalTagInText=false :: " 1. Open that Customer's page.2. On the Customer page, "
  field3 fr-view=true escaped=false literalTagInText=false :: " Assets and Work Orders owned by the customer whose pag"
  field4 fr-view=false escaped=false literalTagInText=false :: ""
C44854
  field0 fr-view=false escaped=false literalTagInText=false :: ""
  field1 fr-view=true escaped=false literalTagInText=false :: " 1. Sign in to ShopView. In the app header, click the s"
  field2 fr-view=true escaped=false literalTagInText=false :: " 1. Open that Work Order's page.2. On the Work Order pa"
  field3 fr-view=true escaped=false literalTagInText=false :: " Parts already on that work order are pushed down (demo"
  field4 fr-view=false escaped=false literalTagInText=false :: ""
C45137
  field0 fr-view=false escaped=false literalTagInText=false :: ""
  field1 fr-view=true escaped=false literalTagInText=false :: " 1. Sign in to ShopView. In the app header, click the s"
  field2 fr-view=true escaped=false literalTagInText=false :: " 1. Type the term that matches the seeded purchase orde"
  field3 fr-view=true escaped=false literalTagInText=false :: " A Purchase Order that is still Ordered (not yet receiv"
  field4 fr-view=false escaped=false literalTagInText=false :: ""
C45138
  field0 fr-view=false escaped=false literalTagInText=false :: ""
  field1 fr-view=true escaped=false literalTagInText=false :: " 1. Sign in to ShopView. In the app header, click the s"
  field2 fr-view=true escaped=false literalTagInText=false :: " 1. Type the term that matches the seeded vendor invoic"
  field3 fr-view=true escaped=false literalTagInText=false :: " An Unpaid vendor invoice ranks above paid ones.More re"
  field4 fr-view=false escaped=false literalTagInText=false :: ""
C45139
  field0 fr-view=false escaped=false literalTagInText=false :: ""
  field1 fr-view=true escaped=false literalTagInText=false :: " 1. Sign in to ShopView. In the app header, click the s"
  field2 fr-view=true escaped=false literalTagInText=false :: " 1. Search a value that matches the first customer only"
  field3 fr-view=true escaped=false literalTagInText=false :: " 1. A match on a contact field (name, phone or email) i"
  field4 fr-view=false escaped=false literalTagInText=false :: ""
C44855
  field0 fr-view=false escaped=false literalTagInText=false :: ""
  field1 fr-view=true escaped=false literalTagInText=false :: " 1. Sign in as a user with no recent search activity.2."
  field2 fr-view=true escaped=false literalTagInText=false :: " 2. Without typing, read the search box placeholder, th"
  field3 fr-view=true escaped=false literalTagInText=false :: " 1. The input shows the placeholder 'Search work orders"
  field4 fr-view=false escaped=false literalTagInText=false :: ""
C44856
  field0 fr-view=false escaped=false literalTagInText=false :: ""
  field1 fr-view=true escaped=false literalTagInText=false :: " 1. Sign in to ShopView with access to work orders, cus"
  field2 fr-view=true escaped=false literalTagInText=false :: " 1. Look at the search box and the list area below it b"
  field3 fr-view=true escaped=false literalTagInText=false :: " 1. Neither the first-time empty state nor the no-resul"
  field4 fr-view=false escaped=false literalTagInText=false :: ""
C44857
  field0 fr-view=false escaped=false literalTagInText=false :: ""
  field1 fr-view=true escaped=false literalTagInText=false :: " 1. Sign in to ShopView. In the app header, click the s"
  field2 fr-view=true escaped=false literalTagInText=false :: " 1. Open the search panel without typing anything.2. Co"
  field3 fr-view=true escaped=false literalTagInText=false :: " Instead of the first-time helper text, the palette sho"
  field4 fr-view=false escaped=false literalTagInText=false :: ""
C44858
  field0 fr-view=false escaped=false literalTagInText=false :: ""
  field1 fr-view=true escaped=false literalTagInText=false :: " 1. Sign in to ShopView. In the app header, click the s"
  field2 fr-view=true escaped=false literalTagInText=false :: " 1. In the search box, open the palette without typing."
  field3 fr-view=true escaped=false literalTagInText=false :: " Recent rows include a mix of entity types (for example"
  field4 fr-view=false escaped=false literalTagInText=false :: ""
C44859
  field0 fr-view=false escaped=false literalTagInText=false :: ""
  field1 fr-view=true escaped=false literalTagInText=false :: " 1. Sign in to ShopView. In the app header, click the s"
  field2 fr-view=true escaped=false literalTagInText=false :: " 1. Open the search panel without typing and note the o"
  field3 fr-view=true escaped=false literalTagInText=false :: " The palette closes and the clicked record opens.Openin"
  field4 fr-view=false escaped=false literalTagInText=false :: ""
C44860
  field0 fr-view=false escaped=false literalTagInText=false :: ""
  field1 fr-view=true escaped=false literalTagInText=false :: " 1. Sign in to ShopView. In the app header, click the s"
  field2 fr-view=true escaped=false literalTagInText=false :: " 1. Click a search result and visit a few entity pages "
  field3 fr-view=true escaped=false literalTagInText=false :: " Viewing an entity (a result click or a direct entity-p"
  field4 fr-view=false escaped=false literalTagInText=false :: ""
C45128
  field0 fr-view=false escaped=false literalTagInText=false :: ""
  field1 fr-view=true escaped=false literalTagInText=false :: " 1. Sign in to ShopView. In the app header, click the s"
  field2 fr-view=true escaped=false literalTagInText=false :: " 1. In the app header, click the search field (or press"
  field3 fr-view=true escaped=false literalTagInText=false :: " 1. The first recent-activity group header carries a 'C"
  field4 fr-view=false escaped=false literalTagInText=false :: ""
C44861
  field0 fr-view=false escaped=false literalTagInText=false :: ""
  field1 fr-view=true escaped=false literalTagInText=false :: " 1. Sign in to ShopView. In the app header, click the s"
  field2 fr-view=true escaped=false literalTagInText=false :: " 1. In the search box, type 'Fibridge' so results appea"
  field3 fr-view=true escaped=false literalTagInText=false :: " After closing, the header search field still shows the"
  field4 fr-view=false escaped=false literalTagInText=false :: ""
C44862
  field0 fr-view=false escaped=false literalTagInText=false :: ""
  field1 fr-view=true escaped=false literalTagInText=false :: " 1. Sign in to ShopView. In the app header, click the s"
  field2 fr-view=true escaped=false literalTagInText=false :: " 1. Click the header search field again (or press Cmd+K"
  field3 fr-view=true escaped=false literalTagInText=false :: " The palette reopens with the last query 'Fibridge' alr"
  field4 fr-view=false escaped=false literalTagInText=false :: ""
C44863
  field0 fr-view=false escaped=false literalTagInText=false :: ""
  field1 fr-view=true escaped=false literalTagInText=false :: " 1. Sign in to ShopView. In the app header, click the s"
  field2 fr-view=true escaped=false literalTagInText=false :: " 1. Click the clear (x) button at the right of the sear"
  field3 fr-view=true escaped=false literalTagInText=false :: " 1. The search box is cleared to empty.2. The results c"
  field4 fr-view=false escaped=false literalTagInText=false :: ""
C44864
  field0 fr-view=false escaped=false literalTagInText=false :: ""
  field1 fr-view=true escaped=false literalTagInText=false :: " 1. Sign in to ShopView. In the app header, click the s"
  field2 fr-view=true escaped=false literalTagInText=false :: " 1. In the search box, type a query with no matches (fo"
  field3 fr-view=true escaped=false literalTagInText=false :: " 1. A centered message reads 'No results for '<query>''"
  field4 fr-view=false escaped=false literalTagInText=false :: ""
C44865
  field0 fr-view=false escaped=false literalTagInText=false :: ""
  field1 fr-view=true escaped=false literalTagInText=false :: " 1. Sign in to ShopView. In the app header, click the s"
  field2 fr-view=true escaped=false literalTagInText=false :: " 1. Type a query so results appear, then select a scope"
  field3 fr-view=true escaped=false literalTagInText=false :: " 1. The centered message reads 'No results for '<query>"
  field4 fr-view=false escaped=false literalTagInText=false :: ""
C44874
  field0 fr-view=false escaped=false literalTagInText=false :: ""
  field1 fr-view=true escaped=false literalTagInText=false :: " 1. Sign in to ShopView and open the Work Orders list p"
  field2 fr-view=true escaped=false literalTagInText=false :: " 1. Type the term (for example 'Fib') into the Work Ord"
  field3 fr-view=true escaped=false literalTagInText=false :: " 1. The Work Orders list filters to only the rows match"
  field4 fr-view=false escaped=false literalTagInText=false :: ""
C44875
  field0 fr-view=false escaped=false literalTagInText=false :: ""
  field1 fr-view=true escaped=false literalTagInText=false :: " 1. Sign in to ShopView, open the Work Orders list page"
  field2 fr-view=true escaped=false literalTagInText=false :: " 1. Clear the term from the Work Orders list search box"
  field3 fr-view=true escaped=false literalTagInText=false :: " 1. The filter is removed and the full Work Orders list"
  field4 fr-view=false escaped=false literalTagInText=false :: ""
C44876
  field0 fr-view=false escaped=false literalTagInText=false :: ""
  field1 fr-view=true escaped=false literalTagInText=false :: " 1. Sign in to ShopView. In the app header, click the s"
  field2 fr-view=true escaped=false literalTagInText=false :: " 2. With the search back end unreachable, type a term.3"
  field3 fr-view=true escaped=false literalTagInText=false :: " 1. An inline banner reads 'Search unavailable, retry'."
  field4 fr-view=false escaped=false literalTagInText=false :: ""
C44877
  field0 fr-view=false escaped=false literalTagInText=false :: ""
  field1 fr-view=true escaped=false literalTagInText=false :: " 1. Sign in to ShopView. In the app header, click the s"
  field2 fr-view=true escaped=false literalTagInText=false :: " 1. In the search box, open the palette and type a quer"
  field3 fr-view=true escaped=false literalTagInText=false :: " A 'Parts' group appears with matching part rows.The 'P"
  field4 fr-view=false escaped=false literalTagInText=false :: ""
C44878
  field0 fr-view=false escaped=false literalTagInText=false :: ""
  field1 fr-view=true escaped=false literalTagInText=false :: " 1. Sign in to ShopView. In the app header, click the s"
  field2 fr-view=true escaped=false literalTagInText=false :: " 1. In the search box, open the palette and type a quer"
  field3 fr-view=true escaped=false literalTagInText=false :: " No 'Parts' group appears and no part rows are shown.Th"
  field4 fr-view=false escaped=false literalTagInText=false :: ""
C44879
  field0 fr-view=false escaped=false literalTagInText=false :: ""
  field1 fr-view=true escaped=false literalTagInText=false :: " 1. Sign in to ShopView. In the app header, click the s"
  field2 fr-view=true escaped=false literalTagInText=false :: " 1. In the search box, open the palette and type a quer"
  field3 fr-view=true escaped=false literalTagInText=false :: " No 'Work orders' group appears and no Work Order rows "
  field4 fr-view=false escaped=false literalTagInText=false :: ""
C44880
  field0 fr-view=false escaped=false literalTagInText=false :: ""
  field1 fr-view=true escaped=false literalTagInText=false :: " 1. Sign in to ShopView. In the app header, click the s"
  field2 fr-view=true escaped=false literalTagInText=false :: " 1. In the search box, open the palette and type a quer"
  field3 fr-view=true escaped=false literalTagInText=false :: " Only records belonging to your own tenant/organization"
  field4 fr-view=false escaped=false literalTagInText=false :: ""
C44881
  field0 fr-view=false escaped=false literalTagInText=false :: ""
  field1 fr-view=true escaped=false literalTagInText=false :: " 1. Sign in to ShopView. In the app header, click the s"
  field2 fr-view=true escaped=false literalTagInText=false :: " 1. Open the palette and type a query on the 'All' tab."
  field3 fr-view=true escaped=false literalTagInText=false :: " On the 'All' tab, no group appears for the entity type"
  field4 fr-view=false escaped=false literalTagInText=false :: ""
C44882
  field0 fr-view=false escaped=false literalTagInText=false :: ""
  field1 fr-view=true escaped=false literalTagInText=false :: " 1. Sign in to ShopView. In the app header, click the s"
  field2 fr-view=true escaped=false literalTagInText=false :: " 1. Sign in as the role missing 'Work Orders: View', se"
  field3 fr-view=true escaped=false literalTagInText=false :: " 1. Permission filtering follows the eight-entity bundl"
  field4 fr-view=false escaped=false literalTagInText=false :: ""
C44896
  field0 fr-view=false escaped=false literalTagInText=false :: ""
  field1 fr-view=true escaped=false literalTagInText=false :: " 1. Sign in to ShopView. In the app header, click the s"
  field2 fr-view=true escaped=false literalTagInText=false :: " 1. Run a query in global search for work orders and no"
  field3 fr-view=true escaped=false literalTagInText=false :: " The in-page list search on the Work Orders, Inventory "
  field4 fr-view=false escaped=false literalTagInText=false :: ""
C44897
  field0 fr-view=false escaped=false literalTagInText=false :: ""
  field1 fr-view=true escaped=false literalTagInText=false :: " 1. Sign in to ShopView. In the app header, click the s"
  field2 fr-view=true escaped=false literalTagInText=false :: " 1. In the app header, click the search field (or press"
  field3 fr-view=true escaped=false literalTagInText=false :: " Global Search v2 ships for everyone with no feature fl"
  field4 fr-view=false escaped=false literalTagInText=false :: ""
C44898
  field0 fr-view=false escaped=false literalTagInText=false :: ""
  field1 fr-view=true escaped=false literalTagInText=false :: " 1. On a phone (or a narrow, phone-sized browser window"
  field2 fr-view=true escaped=false literalTagInText=false :: " 1. Type the term so grouped results appear.2. Confirm "
  field3 fr-view=true escaped=false literalTagInText=false :: " 1. The global search is a full-screen screen on mobile"
  field4 fr-view=false escaped=false literalTagInText=false :: ""
C45132
  field0 fr-view=false escaped=false literalTagInText=false :: ""
  field1 fr-view=true escaped=false literalTagInText=false :: " 1. On a phone (or a narrow, phone-sized browser window"
  field2 fr-view=true escaped=false literalTagInText=false :: " 1. Tap the search field in the app header to open glob"
  field3 fr-view=true escaped=false literalTagInText=false :: " On a phone the search is a full-screen screen that rep"
  field4 fr-view=false escaped=false literalTagInText=false :: ""
C45133
  field0 fr-view=false escaped=false literalTagInText=false :: ""
  field1 fr-view=true escaped=false literalTagInText=false :: " 1. On a phone (or a narrow, phone-sized browser window"
  field2 fr-view=true escaped=false literalTagInText=false :: " 1. Open global search on the phone and, before typing "
  field3 fr-view=true escaped=false literalTagInText=false :: " Scope selection on mobile is a horizontal chip row.The"
  field4 fr-view=false escaped=false literalTagInText=false :: ""
C45134
  field0 fr-view=false escaped=false literalTagInText=false :: ""
  field1 fr-view=true escaped=false literalTagInText=false :: " 1. On a phone (or a narrow, phone-sized browser), sign"
  field2 fr-view=true escaped=false literalTagInText=false :: " 2. Type a term that returns many results across groups"
  field3 fr-view=true escaped=false literalTagInText=false :: " 1. Results are not capped per group and there is no 'S"
  field4 fr-view=false escaped=false literalTagInText=false :: ""
C45135
  field0 fr-view=false escaped=false literalTagInText=false :: ""
  field1 fr-view=true escaped=false literalTagInText=false :: " 1. On a phone (or a narrow, phone-sized browser window"
  field2 fr-view=true escaped=false literalTagInText=false :: " 1. Open global search on the phone before typing and l"
  field3 fr-view=true escaped=false literalTagInText=false :: " 1. The first-time, recent-searches and no-results stat"
  field4 fr-view=false escaped=false literalTagInText=false :: ""
C45136
  field0 fr-view=false escaped=false literalTagInText=false :: ""
  field1 fr-view=true escaped=false literalTagInText=false :: " 1. On a phone (or a narrow, phone-sized browser), sign"
  field2 fr-view=true escaped=false literalTagInText=false :: " 2. Type a term that returns results across several gro"
  field3 fr-view=true escaped=false literalTagInText=false :: " 1. On mobile there is no 'Show all' overflow: the All "
  field4 fr-view=false escaped=false literalTagInText=false :: ""
C44899
  field0 fr-view=false escaped=false literalTagInText=false :: ""
  field1 fr-view=true escaped=false literalTagInText=false :: " 1. Sign in to ShopView. In the app header, click the s"
  field2 fr-view=true escaped=false literalTagInText=false :: " 1. In the search box, open global search and type a PO"
  field3 fr-view=true escaped=false literalTagInText=false :: " Purchase Orders appear as their own searchable entity,"
  field4 fr-view=false escaped=false literalTagInText=false :: ""
C44900
  field0 fr-view=false escaped=false literalTagInText=false :: ""
  field1 fr-view=true escaped=false literalTagInText=false :: " 1. Sign in to ShopView with 'Vendor & Order Management"
  field2 fr-view=true escaped=false literalTagInText=false :: " 1. In the search box, type a term that matches your ve"
  field3 fr-view=true escaped=false literalTagInText=false :: " 1. Vendor Invoices appear as their own searchable enti"
  field4 fr-view=false escaped=false literalTagInText=false :: ""
DONE
