build marker: v26.36.8-d146c39
POSITIVE CONTROL - hovering a list row elsewhere in the app changes something: false

--- round 1, query "ZZAUTOTEST Fibridge" -> 27 rows
    1. S9160-17671 ZZAUTOTEST Fibridge Logistics Appr   hover-changed=YES buttons-after=[]
    2. S9160-17670 ZZAUTOTEST Fibridge Logistics Appr   hover-changed=YES buttons-after=[]
    3. S9160-17664 ZZAUTOTEST Fibridge Commercial Rea   hover-changed=YES buttons-after=[]
    4. S9160-17660 ZZAUTOTEST Fibridge Commercial In    hover-changed=YES buttons-after=[]
    5. S9160-17662 ZZAUTOTEST Fibridge Commercial Rea   hover-changed=YES buttons-after=[]
    6. ZZAUTOTEST Fibridge Commercial 11 open 4120 Fi   hover-changed=YES buttons-after=[]
    7. ZZAUTOTEST Fibridge Logistics 2 open 77 Fibrid   hover-changed=YES buttons-after=[]
    8. ZZAUTOTEST Fibridge Retail 9 Fibridge Market S   hover-changed=YES buttons-after=[]
    9. ≈ close match: ZZAUTOTEST Aabridge Freight 14    hover-changed=YES buttons-after=[]
   10. 2021 KEN WORTH T680 ZZAUTOTEST Fibridge Logist   hover-changed=YES buttons-after=[]

--- round 1, query "a" -> 96 rows
    1. S9160-17671 ZZAUTOTEST Fibridge Logistics Appr   hover-changed=YES buttons-after=[]
    2. FILTER ASSY. 2 Available CF19900                 hover-changed=YES buttons-after=[]
    3. ZZTABP Wheel Seal 0 Available ZZTABP-3001        hover-changed=YES buttons-after=[]
    4. #12 MALE JIC X #12 MALE JIC STRAIGHT 7 Availab   hover-changed=YES buttons-after=[]
    5. ZZVORTAC Freight Ltd 9 Parity Row, Fernvale, O   hover-changed=YES buttons-after=[]
    6. Oneonta Diesel Repair 12984 Kenneth Place Apt.   hover-changed=YES buttons-after=[]
    7. S9160-17576 Lexington Park Diesel Repair Appro   hover-changed=YES buttons-after=[]
    8. S9160-12888 Puni Truck & Machine Service Estim   hover-changed=YES buttons-after=[]
    9. bilal 3 Available 9698                           hover-changed=YES buttons-after=[]
   10. ZZAUTOTEST Fibridge Brake Shoe Kit 40 Availabl   hover-changed=YES buttons-after=[]

--- round 2, query "ZZAUTOTEST Fibridge" -> 27 rows
    1. S9160-17671 ZZAUTOTEST Fibridge Logistics Appr   hover-changed=YES buttons-after=[]
    2. S9160-17670 ZZAUTOTEST Fibridge Logistics Appr   hover-changed=YES buttons-after=[]
    3. S9160-17664 ZZAUTOTEST Fibridge Commercial Rea   hover-changed=YES buttons-after=[]
    4. S9160-17660 ZZAUTOTEST Fibridge Commercial In    hover-changed=YES buttons-after=[]
    5. S9160-17662 ZZAUTOTEST Fibridge Commercial Rea   hover-changed=YES buttons-after=[]
    6. ZZAUTOTEST Fibridge Commercial 11 open 4120 Fi   hover-changed=YES buttons-after=[]
    7. ZZAUTOTEST Fibridge Logistics 2 open 77 Fibrid   hover-changed=YES buttons-after=[]
    8. ZZAUTOTEST Fibridge Retail 9 Fibridge Market S   hover-changed=YES buttons-after=[]
    9. ≈ close match: ZZAUTOTEST Aabridge Freight 14    hover-changed=YES buttons-after=[]
   10. 2021 KEN WORTH T680 ZZAUTOTEST Fibridge Logist   hover-changed=YES buttons-after=[]

--- round 2, query "a" -> 96 rows
    1. S9160-17671 ZZAUTOTEST Fibridge Logistics Appr   hover-changed=YES buttons-after=[]
    2. FILTER ASSY. 2 Available CF19900                 hover-changed=YES buttons-after=[]
    3. ZZTABP Wheel Seal 0 Available ZZTABP-3001        hover-changed=YES buttons-after=[]
    4. #12 MALE JIC X #12 MALE JIC STRAIGHT 7 Availab   hover-changed=YES buttons-after=[]
    5. ZZVORTAC Freight Ltd 9 Parity Row, Fernvale, O   hover-changed=YES buttons-after=[]
    6. Oneonta Diesel Repair 12984 Kenneth Place Apt.   hover-changed=YES buttons-after=[]
    7. S9160-17576 Lexington Park Diesel Repair Appro   hover-changed=YES buttons-after=[]
    8. S9160-12888 Puni Truck & Machine Service Estim   hover-changed=YES buttons-after=[]
    9. bilal 3 Available 9698                           hover-changed=YES buttons-after=[]
   10. ZZAUTOTEST Fibridge Brake Shoe Kit 40 Availabl   hover-changed=YES buttons-after=[]

ANY row changed on hover, over two rounds and two queries: true
ANY quick-action button found on any row: false
EXIT=0
