updates 130 · new 35 · our cases not in any proposal: []
OK C96909
OK C96910
OK C96911
OK C96912
OK C96913
OK C96914
OK C96915
OK C96916
OK C96917
OK C96918
OK C96919
OK C96920
OK C96921
OK C96923
OK C154884
OK C154885
OK C96924
OK C96925
OK C96926
OK C96927
OK C96928
OK C96929
OK C96930
OK C96931
OK C96932
OK C96933
OK C96934
OK C96935
OK C96936
OK C96937
OK C96938
OK C96939
OK C96940
OK C96941
OK C96942
OK C96943
OK C96944
OK C96945
OK C96946
OK C96947
OK C96948
OK C96949
OK C96950
OK C96951
OK C96952
OK C96953
OK C96954
OK C96955
OK C154886
OK C96956
OK C96957
OK C96958
OK C96959
OK C96960
OK C96961
OK C96962
OK C96963
OK C96964
OK C96965
OK C96966
OK C96967
OK C96968
OK C96969
OK C96970
OK C96971
OK C96972
OK C96973
OK C96974
OK C154887
OK C154888
OK C154889
OK C154890
OK C96975
OK C96976
OK C96977
OK C96978
OK C96979
OK C96980
OK C96981
OK C96982
OK C96983
OK C96984
OK C96985
OK C96986
OK C96987
OK C96988
OK C96989
OK C96990
OK C96991
OK C96992
OK C96993
OK C96994
OK C96995
OK C96996
OK C96997
OK C96998
OK C96999
OK C97000
OK C97001
OK C97002
OK C97003
OK C97004
OK C97005
OK C97006
OK C97007
OK C97008
OK C97009
OK C97010
OK C97011
OK C97012
OK C97013
OK C97020
OK C97021
OK C97022
OK C97023
OK C97024
OK C97025
OK C97026
OK C97027
OK C97028
OK C97029
OK C97030
OK C97031
OK C97032
OK C97033
OK C97034
OK C97035
OK C154648
OK C154649
OK C154650
OK C368125 NEW-A-01
OK C368126 NEW-A-02
OK C368127 NEW-A-03
OK C368128 NEW-A-04
OK C368129 NEW-A-05
OK C368130 NEW-A-07
OK C368131 NEW-A-06
OK C368132 NEW-A-08
OK C368133 NEW-B-01
OK C368134 NEW-B-02
OK C368135 NEW-B-03
OK C368136 NEW-B-04
OK C368137 NEW-B-05
OK C368138 NEW-B-06
OK C368139 NEW-B-07
OK C368140 NEW-B-08
OK C368141 NEW-B-09
OK C368142 NEW-B-10
OK C368143 NEW-B-11
OK C368144 NEW-C-01
OK C368145 NEW-C-02
OK C368146 NEW-C-03
OK C368147 NEW-C-04
OK C368148 NEW-C-05
OK C368149 NEW-C-06
OK C368150 NEW-C-07
OK C368151 NEW-C-08
OK C368152 NEW-C-09
OK C368153 NEW-C-10
OK C368154 NEW-C-11
OK C368155 NEW-C-12
OK C368156 NEW-C-13
OK C368157 NEW-C-14
OK C368158 NEW-C-15
OK C368159 NEW-C-16
verified 165 of 165
