(node:8270) [UNDICI-EHPA] Warning: EnvHttpProxyAgent is experimental, expect them to change at any time.
(Use `node --trace-warnings ...` to show where the warning was created)
18:04:50 queued 75 of 77 (checkpointed: 2)
18:04:59 C44996 already OK — fr-view, text matches
18:05:01 C44999 already OK — fr-view, text matches
18:05:35 C45002 save attempt 1 rejected (Deadlock found when trying to get lock; try restarting transaction | Title is too long) — retrying
18:06:11 C45002 save attempt 2 rejected (Deadlock found when trying to get lock; try restarting transaction | Title is too long) — retrying
18:06:21 C45002 FIXED (deterministic) — fr-view, numbers visible, marker last (atm=1)
18:06:23 C45003 already OK — fr-view, text matches
18:06:25 C45004 already OK — fr-view, text matches
18:06:28 C45005 already OK — fr-view, text matches
18:06:35 C45006 FIXED (deterministic) — fr-view, numbers visible, marker last (atm=1)
18:06:37 C45008 already OK — fr-view, text matches
18:06:39 C45009 already OK — fr-view, text matches
18:06:41 C45010 already OK — fr-view, text matches
18:06:44 C45011 already OK — fr-view, text matches
18:06:46 C45012 already OK — fr-view, text matches
18:06:53 C45013 FIXED (deterministic) — fr-view, numbers visible, marker last (atm=1)
18:06:55 C45014 already OK — fr-view, text matches
18:06:57 C45015 already OK — fr-view, text matches
18:06:59 C45016 already OK — fr-view, text matches
18:07:06 C45017 FIXED (deterministic) — fr-view, numbers visible, marker last (atm=1)
18:07:08 C45018 already OK — fr-view, text matches
18:07:10 C45019 already OK — fr-view, text matches
18:07:13 C45020 already OK — fr-view, text matches
18:07:47 C45021 save attempt 1 rejected (Deadlock found when trying to get lock; try restarting transaction | Title is too long) — retrying
18:08:22 C45021 save attempt 2 rejected (Deadlock found when trying to get lock; try restarting transaction | Title is too long) — retrying
18:08:33 C45021 FIXED (deterministic) — fr-view, numbers visible, marker last (atm=1)
18:08:35 C45022 already OK — fr-view, text matches
18:08:38 C45024 already OK — fr-view, text matches
18:08:40 C45025 already OK — fr-view, text matches
18:08:47 C45026 FIXED (deterministic) — fr-view, numbers visible, marker last (atm=3)
18:08:49 C45027 already OK — fr-view, text matches
18:08:51 C45028 already OK — fr-view, text matches
18:08:53 C45029 already OK — fr-view, text matches
18:08:56 C45030 already OK — fr-view, text matches
18:09:29 C45031 save attempt 1 rejected (Deadlock found when trying to get lock; try restarting transaction | Title is too long) — retrying
18:10:05 C45031 save attempt 2 rejected (Deadlock found when trying to get lock; try restarting transaction | Title is too long) — retrying
18:10:44 C45031 save attempt 3 rejected (Deadlock found when trying to get lock; try restarting transaction | Title is too long) — retrying
18:10:57 C45031 FIXED (deterministic) — fr-view, numbers visible, marker last (atm=1)
18:11:00 C45033 already OK — fr-view, text matches
18:11:02 C45034 already OK — fr-view, text matches
18:11:04 C45035 already OK — fr-view, text matches
18:11:11 C45037 FIXED (deterministic) — fr-view, numbers visible, marker last (atm=1)
18:11:13 C45038 already OK — fr-view, text matches
18:11:16 C45039 already OK — fr-view, text matches
18:11:18 C45040 already OK — fr-view, text matches
18:11:25 C45041 FIXED (deterministic) — fr-view, numbers visible, marker last (atm=1)
18:11:27 C45042 already OK — fr-view, text matches
18:11:29 C45043 already OK — fr-view, text matches
18:11:31 C45044 already OK — fr-view, text matches
18:12:05 C45045 save attempt 1 rejected (Deadlock found when trying to get lock; try restarting transaction | Title is too long) — retrying
18:12:41 C45045 save attempt 2 rejected (Deadlock found when trying to get lock; try restarting transaction | Title is too long) — retrying
18:13:19 C45045 save attempt 3 rejected (Deadlock found when trying to get lock; try restarting transaction | Title is too long) — retrying
18:13:32 C45045 FIXED (deterministic) — fr-view, numbers visible, marker last (atm=1)
18:13:34 C45046 already OK — fr-view, text matches
18:13:37 C45047 already OK — fr-view, text matches
18:13:39 C45048 already OK — fr-view, text matches
18:13:45 C45049 FIXED (deterministic) — fr-view, numbers visible, marker last (atm=1)
18:13:48 C45050 already OK — fr-view, text matches
18:13:54 C45051 FIXED (deterministic) — fr-view, numbers visible, marker last (atm=1)
18:13:57 C45052 already OK — fr-view, text matches
18:13:59 C45053 already OK — fr-view, text matches
18:14:01 C45054 already OK — fr-view, text matches
18:14:03 C45056 already OK — fr-view, text matches
18:14:05 C45058 already OK — fr-view, text matches
18:14:07 C45059 already OK — fr-view, text matches
18:14:10 C45060 already OK — fr-view, text matches
18:14:44 C45061 save attempt 1 rejected (Deadlock found when trying to get lock; try restarting transaction | Title is too long) — retrying
18:14:52 C45061 FIXED (deterministic) — fr-view, numbers visible, marker last (atm=1)
18:14:54 C45062 already OK — fr-view, text matches
18:14:56 C45064 already OK — fr-view, text matches
18:14:58 C45065 already OK — fr-view, text matches
18:15:05 C45067 FIXED (deterministic) — fr-view, numbers visible, marker last (atm=1)
18:15:07 C45068 already OK — fr-view, text matches
18:15:10 C45070 already OK — fr-view, text matches
18:15:12 C45071 already OK — fr-view, text matches
18:15:19 C45072 FIXED (deterministic) — fr-view, numbers visible, marker last (atm=1)
18:15:21 C45073 already OK — fr-view, text matches
18:15:23 C45074 already OK — fr-view, text matches
18:15:25 C45075 already OK — fr-view, text matches
18:15:32 C45076 FIXED (deterministic) — fr-view, numbers visible, marker last (atm=1)
18:15:34 C45077 already OK — fr-view, text matches
18:15:36 C45078 already OK — fr-view, text matches
18:15:39 C45079 already OK — fr-view, text matches
18:15:46 C45080 FIXED (deterministic) — fr-view, numbers visible, marker last (atm=1)
18:15:48 C45081 already OK — fr-view, text matches
18:15:50 C45082 already OK — fr-view, text matches
18:15:52 C45083 already OK — fr-view, text matches
18:15:53 
DONE — already-ok 58, fixed 17, failed 0, skipped 0
