(node:4231) [UNDICI-EHPA] Warning: EnvHttpProxyAgent is experimental, expect them to change at any time.
(Use `node --trace-warnings ...` to show where the warning was created)
17:17:53 queued 76 of 77 targets (already checkpointed: 1)
17:18:00 login url: https://shopview.testrail.io/index.php?/onboarding
17:18:06 C44996 REPAIRED — fr-view, no literal tags, marker last (atm=1)
17:18:30 C44999 ERROR Error: still on edit page after Save (POST: 302 https://shopview.testrail.io/index.php?/cases/edit/44999//)
17:19:12 C45002 ERROR TimeoutError: locator.waitFor: Timeout 30000ms exceeded.
Call log:
[2m  - waiting for locator('#custom_preconds_display .fr-element') to be visible[22m

17:19:22 C45003 REPAIRED — fr-view, no literal tags, marker last (atm=1)
17:19:45 C45004 ERROR Error: still on edit page after Save (POST: 302 https://shopview.testrail.io/index.php?/cases/edit/45004//)
17:19:53 C45005 REPAIRED — fr-view, no literal tags, marker last (atm=3)
17:20:17 C45006 ERROR Error: still on edit page after Save (POST: 302 https://shopview.testrail.io/index.php?/cases/edit/45006//)
17:20:25 C45008 REPAIRED — fr-view, no literal tags, marker last (atm=1)
17:20:32 C45009 REPAIRED — fr-view, no literal tags, marker last (atm=1)
17:20:39 C45010 REPAIRED — fr-view, no literal tags, marker last (atm=1)
17:21:03 C45011 ERROR Error: still on edit page after Save (POST: 302 https://shopview.testrail.io/index.php?/cases/edit/45011//)
17:21:11 C45012 REPAIRED — fr-view, no literal tags, marker last (atm=1)
17:21:35 C45013 ERROR Error: still on edit page after Save (POST: 302 https://shopview.testrail.io/index.php?/cases/edit/45013//)
17:21:43 C45014 REPAIRED — fr-view, no literal tags, marker last (atm=1)
17:22:07 C45015 ERROR Error: still on edit page after Save (POST: 302 https://shopview.testrail.io/index.php?/cases/edit/45015//)
17:22:15 C45016 REPAIRED — fr-view, no literal tags, marker last (atm=1)
17:22:39 C45017 ERROR Error: still on edit page after Save (POST: 302 https://shopview.testrail.io/index.php?/cases/edit/45017//)
17:22:47 C45018 REPAIRED — fr-view, no literal tags, marker last (atm=1)
17:23:11 C45019 ERROR Error: still on edit page after Save (POST: 302 https://shopview.testrail.io/index.php?/cases/edit/45019//)
17:23:19 C45020 REPAIRED — fr-view, no literal tags, marker last (atm=1)
17:23:42 C45021 ERROR Error: still on edit page after Save (POST: 302 https://shopview.testrail.io/index.php?/cases/edit/45021//)
17:23:52 C45022 REPAIRED — fr-view, no literal tags, marker last (atm=1)
17:24:16 C45024 ERROR Error: still on edit page after Save (POST: 302 https://shopview.testrail.io/index.php?/cases/edit/45024//)
17:24:23 C45025 REPAIRED — fr-view, no literal tags, marker last (atm=1)
17:24:48 C45026 ERROR Error: still on edit page after Save (POST: 302 https://shopview.testrail.io/index.php?/cases/edit/45026//)
17:24:55 C45027 REPAIRED — fr-view, no literal tags, marker last (atm=1)
17:25:19 C45028 ERROR Error: still on edit page after Save (POST: 302 https://shopview.testrail.io/index.php?/cases/edit/45028//)
17:25:27 C45029 REPAIRED — fr-view, no literal tags, marker last (atm=1)
17:25:39 C45030 REPAIRED — fr-view, no literal tags, marker last (atm=1)
17:26:03 C45031 ERROR Error: still on edit page after Save (POST: 302 https://shopview.testrail.io/index.php?/cases/edit/45031//)
17:26:11 C45033 REPAIRED — fr-view, no literal tags, marker last (atm=1)
17:26:35 C45034 ERROR Error: still on edit page after Save (POST: 302 https://shopview.testrail.io/index.php?/cases/edit/45034//)
17:26:42 C45035 REPAIRED — fr-view, no literal tags, marker last (atm=1)
17:27:06 C45037 ERROR Error: still on edit page after Save (POST: 302 https://shopview.testrail.io/index.php?/cases/edit/45037//)
17:27:13 C45038 REPAIRED — fr-view, no literal tags, marker last (atm=1)
17:27:37 C45039 ERROR Error: still on edit page after Save (POST: 302 https://shopview.testrail.io/index.php?/cases/edit/45039//)
17:27:44 C45040 REPAIRED — fr-view, no literal tags, marker last (atm=1)
17:28:08 C45041 ERROR Error: still on edit page after Save (POST: 302 https://shopview.testrail.io/index.php?/cases/edit/45041//)
17:28:16 C45042 REPAIRED — fr-view, no literal tags, marker last (atm=1)
17:28:39 C45043 ERROR Error: still on edit page after Save (POST: 302 https://shopview.testrail.io/index.php?/cases/edit/45043//)
17:28:47 C45044 REPAIRED — fr-view, no literal tags, marker last (atm=1)
17:29:11 C45045 ERROR Error: still on edit page after Save (POST: 302 https://shopview.testrail.io/index.php?/cases/edit/45045//)
17:29:18 C45046 REPAIRED — fr-view, no literal tags, marker last (atm=1)
17:29:42 C45047 ERROR Error: still on edit page after Save (POST: 302 https://shopview.testrail.io/index.php?/cases/edit/45047//)
17:29:50 C45048 REPAIRED — fr-view, no literal tags, marker last (atm=1)
17:30:13 C45049 ERROR Error: still on edit page after Save (POST: 302 https://shopview.testrail.io/index.php?/cases/edit/45049//)
17:30:21 C45050 REPAIRED — fr-view, no literal tags, marker last (atm=1)
17:30:46 C45051 ERROR Error: still on edit page after Save (POST: 302 https://shopview.testrail.io/index.php?/cases/edit/45051//)
17:30:54 C45052 REPAIRED — fr-view, no literal tags, marker last (atm=1)
17:31:05 C45053 REPAIRED — fr-view, no literal tags, marker last (atm=1)
17:31:29 C45054 ERROR Error: still on edit page after Save (POST: 302 https://shopview.testrail.io/index.php?/cases/edit/45054//)
17:31:36 C45056 REPAIRED — fr-view, no literal tags, marker last (atm=1)
17:32:00 C45057 ERROR Error: still on edit page after Save (POST: 302 https://shopview.testrail.io/index.php?/cases/edit/45057//)
17:32:08 C45058 REPAIRED — fr-view, no literal tags, marker last (atm=1)
17:32:32 C45059 ERROR Error: still on edit page after Save (POST: 302 https://shopview.testrail.io/index.php?/cases/edit/45059//)
17:32:39 C45060 REPAIRED — fr-view, no literal tags, marker last (atm=1)
17:33:03 C45061 ERROR Error: still on edit page after Save (POST: 302 https://shopview.testrail.io/index.php?/cases/edit/45061//)
