(node:5840) [UNDICI-EHPA] Warning: EnvHttpProxyAgent is experimental, expect them to change at any time.
(Use `node --trace-warnings ...` to show where the warning was created)
17:40:44 queued 36 of 77 targets (already checkpointed: 41)
17:40:51 login url: https://shopview.testrail.io/index.php?/onboarding
17:40:57 C44999 REPAIRED — fr-view, no literal tags, marker last (atm=1)
17:41:31 C45002 still on edit URL after Save (POST: 302 https://shopview.testrail.io/index.php?/cases/edit/45002//) — verifying served page anyway
17:41:34 C45002 FAILED: custom_preconds: rendered text differs at char 0: want "1. A work order is open with s" got "A work order is open with stat" | custom_steps: rendered text differs at char 0: want "1. Open the inline row and loo" got "Open the inline row and look a" | custom_expected: rendered text differs at char 0: want "1. The quantity field starts e" got "The quantity field starts empt"
17:41:40 C45004 REPAIRED — fr-view, no literal tags, marker last (atm=1)
17:42:13 C45006 still on edit URL after Save (POST: 302 https://shopview.testrail.io/index.php?/cases/edit/45006//) — verifying served page anyway
17:42:16 C45006 FAILED: custom_preconds: rendered text differs at char 0: want "1. A work order is open with s" got "A work order is open with stat" | custom_steps: rendered text differs at char 0: want "1. Save a valid inline row." got "Save a valid inline row." | custom_expected: rendered text differs at char 0: want "1. Immediately after the succe" got "Immediately after the successf"
17:42:22 C45011 REPAIRED — fr-view, no literal tags, marker last (atm=1)
17:42:56 C45013 still on edit URL after Save (POST: 302 https://shopview.testrail.io/index.php?/cases/edit/45013//) — verifying served page anyway
17:42:59 C45013 FAILED: custom_preconds: rendered text differs at char 0: want "1. A work order is open with s" got "A work order is open with stat" | custom_steps: rendered text differs at char 0: want "1. Type a description (and opt" got "Type a description (and option" | custom_expected: rendered text differs at char 0: want "1. The part is added with the " got "The part is added with the exi"
17:43:04 C45015 REPAIRED — fr-view, no literal tags, marker last (atm=1)
17:43:38 C45017 still on edit URL after Save (POST: 302 https://shopview.testrail.io/index.php?/cases/edit/45017//) — verifying served page anyway
17:43:42 C45017 FAILED: custom_preconds: rendered text differs at char 0: want "1. A work order is open with s" got "A work order is open with stat" | custom_steps: rendered text differs at char 0: want "1. Trigger a validation error " got "Trigger a validation error by " | custom_expected: rendered text differs at char 0: want "1. The invalid field is highli" got "The invalid field is highlight"
17:43:48 C45019 REPAIRED — fr-view, no literal tags, marker last (atm=1)
17:44:21 C45021 still on edit URL after Save (POST: 302 https://shopview.testrail.io/index.php?/cases/edit/45021//) — verifying served page anyway
17:44:24 C45021 FAILED: custom_preconds: rendered text differs at char 0: want "1. A work order is open with s" got "A work order is open with stat" | custom_steps: rendered text differs at char 0: want "1. While the row is open, have" got "While the row is open, have th" | custom_expected: rendered text differs at char 0: want "1. The save fails and an alert" got "The save fails and an alert is"
17:44:31 C45024 REPAIRED — fr-view, no literal tags, marker last (atm=1)
17:45:05 C45026 still on edit URL after Save (POST: 302 https://shopview.testrail.io/index.php?/cases/edit/45026//) — verifying served page anyway
17:45:08 C45026 FAILED: custom_preconds: rendered text differs at char 0: want "1. A work order is open with s" got "A work order is open with stat" | custom_steps: rendered text differs at char 0: want "1. Open an edit row, change a " got "Open an edit row, change a val" | custom_expected: rendered text differs at char 0: want "1. The part line is updated in" got "The part line is updated in pl"
17:45:14 C45028 REPAIRED — fr-view, no literal tags, marker last (atm=1)
17:45:47 C45031 still on edit URL after Save (POST: 302 https://shopview.testrail.io/index.php?/cases/edit/45031//) — verifying served page anyway
17:45:50 C45031 FAILED: custom_preconds: rendered text differs at char 0: want "1. A work order is open with s" got "A work order is open with stat" | custom_steps: rendered text differs at char 0: want "1. Open an edit row, change no" got "Open an edit row, change nothi" | custom_expected: rendered text differs at char 0: want "1. No confirmation is shown an" got "No confirmation is shown and n"
17:45:56 C45034 REPAIRED — fr-view, no literal tags, marker last (atm=1)
17:46:32 C45037 still on edit URL after Save (POST: 302 https://shopview.testrail.io/index.php?/cases/edit/45037//) — verifying served page anyway
17:46:35 C45037 FAILED: custom_preconds: rendered text differs at char 0: want "1. A work order is open with s" got "A work order is open with stat" | custom_steps: rendered text differs at char 0: want "1. Exercise the description, p" got "Exercise the description, part" | custom_expected: rendered text differs at char 0: want "1. Description, part number, a" got "Description, part number, and "
17:46:41 C45039 REPAIRED — fr-view, no literal tags, marker last (atm=1)
17:47:14 C45041 still on edit URL after Save (POST: 302 https://shopview.testrail.io/index.php?/cases/edit/45041//) — verifying served page anyway
17:47:17 C45041 FAILED: custom_preconds: rendered text differs at char 0: want "1. A work order is open with s" got "A work order is open with stat" | custom_steps: rendered text differs at char 0: want "1. Open the inline row and loo" got "Open the inline row and look a" | custom_expected: rendered text differs at char 0: want "1. The inline row displays a S" got "The inline row displays a Save"
17:47:23 C45043 REPAIRED — fr-view, no literal tags, marker last (atm=1)
17:47:57 C45045 still on edit URL after Save (POST: 302 https://shopview.testrail.io/index.php?/cases/edit/45045//) — verifying served page anyway
17:48:00 C45045 FAILED: custom_preconds: rendered text differs at char 0: want "1. A work order is open with s" got "A work order is open with stat" | custom_steps: rendered text differs at char 0: want "1. Select “More Options” and i" got "Select “More Options” and insp" | custom_expected: rendered text differs at char 0: want "1. All values already entered " got "All values already entered in "
17:48:06 C45047 REPAIRED — fr-view, no literal tags, marker last (atm=1)
17:48:40 C45049 still on edit URL after Save (POST: 302 https://shopview.testrail.io/index.php?/cases/edit/45049//) — verifying served page anyway
17:48:43 C45049 FAILED: custom_preconds: rendered text differs at char 0: want "1. A work order is open with s" got "A work order is open with stat" | custom_steps: rendered text differs at char 0: want "1. With the inline row open, p" got "With the inline row open, pres" | custom_expected: rendered text differs at char 0: want "1. The “More Options” part det" got "The “More Options” part detail"
17:49:16 C45051 still on edit URL after Save (POST: 302 https://shopview.testrail.io/index.php?/cases/edit/45051//) — verifying served page anyway
17:49:20 C45051 FAILED: custom_preconds: rendered text differs at char 0: want "1. A work order is open with s" got "A work order is open with stat" | custom_steps: rendered text differs at char 0: want "1. With an empty inline row op" got "With an empty inline row open," | custom_expected: rendered text differs at char 0: want "1. Escape closes the inline ro" got "Escape closes the inline row, "
17:49:53 C45054 still on edit URL after Save (POST: 302 https://shopview.testrail.io/index.php?/cases/edit/45054//) — verifying served page anyway
17:49:57 C45054 FAILED: custom_preconds: rendered text differs at char 0: want "1. A work order is open with s" got "A work order is open with stat" | custom_steps: rendered text differs at char 0: want "1. Enter a free-typed descript" got "Enter a free-typed description" | custom_expected: rendered text differs at char 0: want "1. The Requested flow applies " got "The Requested flow applies equ"
17:50:30 C45057 still on edit URL after Save (POST: 302 https://shopview.testrail.io/index.php?/cases/edit/45057//) — verifying served page anyway
17:50:33 C45057 FAILED: custom_preconds: rendered text differs at char 0: want "1. A work order is open with s" got "A work order is open with stat" | custom_steps: rendered text differs at char 0: want "1. With an incomplete row (mis" got "With an incomplete row (missin" | custom_expected: rendered text differs at char 0: want "1. Validation is not enforced " got "Validation is not enforced whe"
17:50:39 C45059 REPAIRED — fr-view, no literal tags, marker last (atm=1)
17:51:13 C45061 still on edit URL after Save (POST: 302 https://shopview.testrail.io/index.php?/cases/edit/45061//) — verifying served page anyway
17:51:15 C45061 FAILED: custom_preconds: rendered text differs at char 0: want "1. A work order is open with s" got "A work order is open with stat" | custom_steps: rendered text differs at char 0: want "1. Have the work order move to" got "Have the work order move to a " | custom_expected: rendered text differs at char 0: want "1. The save fails exactly as S" got "The save fails exactly as S2-E"
17:51:22 C45064 REPAIRED — fr-view, no literal tags, marker last (atm=1)
17:51:55 C45067 still on edit URL after Save (POST: 302 https://shopview.testrail.io/index.php?/cases/edit/45067//) — verifying served page anyway
17:51:58 C45067 FAILED: custom_preconds: rendered text differs at char 0: want "1. A work order is open with s" got "A work order is open with stat" | custom_steps: rendered text differs at char 0: want "1. Cancel the modal." got "Cancel the modal." | custom_expected: rendered text differs at char 0: want "1. The changes are discarded a" got "The changes are discarded and "
17:52:04 C45070 REPAIRED — fr-view, no literal tags, marker last (atm=1)
17:52:38 C45072 still on edit URL after Save (POST: 302 https://shopview.testrail.io/index.php?/cases/edit/45072//) — verifying served page anyway
17:52:41 C45072 FAILED: custom_preconds: rendered text differs at char 0: want "1. A work order is open with s" got "A work order is open with stat" | custom_steps: rendered text differs at char 0: want "1. Select “Discard Part” on an" got "Select “Discard Part” on an ad" | custom_expected: rendered text differs at char 0: want "1. On an add row the inline ro" got "On an add row the inline row c"
17:52:47 C45074 REPAIRED — fr-view, no literal tags, marker last (atm=1)
17:53:21 C45076 still on edit URL after Save (POST: 302 https://shopview.testrail.io/index.php?/cases/edit/45076//) — verifying served page anyway
17:53:24 C45076 FAILED: custom_preconds: rendered text differs at char 0: want "1. A work order is open with s" got "A work order is open with stat" | custom_steps: rendered text differs at char 0: want "1. Select X or press Escape." got "Select X or press Escape." | custom_expected: rendered text differs at char 0: want "1. The row closes immediately " got "The row closes immediately wit"
17:53:30 C45078 REPAIRED — fr-view, no literal tags, marker last (atm=1)
17:54:03 C45080 still on edit URL after Save (POST: 302 https://shopview.testrail.io/index.php?/cases/edit/45080//) — verifying served page anyway
17:54:06 C45080 FAILED: custom_preconds: rendered text differs at char 0: want "1. A work order is open with s" got "A work order is open with stat" | custom_steps: rendered text differs at char 0: want "1. Click somewhere on the page" got "Click somewhere on the page ou" | custom_expected: rendered text differs at char 0: want "1. Clicking outside is not tre" got "Clicking outside is not treate"
17:54:13 C45083 REPAIRED — fr-view, no literal tags, marker last (atm=1)
17:54:13 
DONE — repaired 17, failed 19, skipped 0
