08:30:17 C44567 already checkpointed
08:30:17 C44571 already checkpointed
08:30:23 C44575 OK
08:30:29 C44587 OK
08:30:29 C44595 already checkpointed
08:30:53 C44598 deadlock - retry 1/3
08:31:46 C44598 deadlock - retry 2/3
08:32:42 C44598 deadlock - retry 3/3
08:33:41 C44598 FAILED: still on edit page
08:33:50 C44603 OK
08:34:14 C53486 deadlock - retry 1/3
08:35:07 C53486 deadlock - retry 2/3
08:36:03 C53486 deadlock - retry 3/3
08:37:02 C53486 FAILED: still on edit page
08:37:12 C44606 PROBLEMS: custom_steps not exactly the expected replacement
08:37:35 C44607 deadlock - retry 1/3
08:38:28 C44607 deadlock - retry 2/3
08:39:24 C44607 deadlock - retry 3/3
node:internal/modules/run_main:123
    triggerUncaughtException(
    ^

page.waitForTimeout: Target page, context or browser has been closed
    at /home/user/Manual-test-Cases/build/simple-flow-v2/build-verify-2026-09-09/apply_edits.mjs:62:61

Node.js v22.22.2
08:40:02 C44567 already checkpointed
08:40:02 C44571 already checkpointed
08:40:02 C44575 already checkpointed
08:40:02 C44587 already checkpointed
08:40:02 C44595 already checkpointed
node:internal/modules/run_main:123
    triggerUncaughtException(
    ^

page.goto: Target page, context or browser has been closed
Call log:
[2m  - navigating to "https://shopview.testrail.io/index.php?/cases/edit/44598&_cb=1788943203967", waiting until "networkidle"[22m

    at /home/user/Manual-test-Cases/build/simple-flow-v2/build-verify-2026-09-09/apply_edits.mjs:42:14

Node.js v22.22.2
