08:42:54 C44598 OK
08:43:18 C53486 deadlock - retry 1/3
08:44:11 C53486 deadlock - retry 2/3
08:45:07 C53486 deadlock - retry 3/3
08:46:06 C53486 FAILED: still on edit page
08:46:16 C44607 OK
08:46:40 C44608 deadlock - retry 1/3
08:47:33 C44608 deadlock - retry 2/3
08:48:29 C44608 deadlock - retry 3/3
node:internal/modules/run_main:123
    triggerUncaughtException(
    ^

page.waitForTimeout: Target page, context or browser has been closed
    at /home/user/Manual-test-Cases/build/simple-flow-v2/build-verify-2026-09-09/apply_edits.mjs:64:79

Node.js v22.22.2
08:49:57 C44598 already checkpointed
08:50:04 C53486 OK
08:50:04 C44607 already checkpointed
08:50:10 C44608 OK
08:50:33 C44589 deadlock - retry 1/3
08:51:26 C44589 deadlock - retry 2/3
08:52:22 C44589 deadlock - retry 3/3
08:53:21 C44589 FAILED: still on edit page
08:53:31 C44591 OK
08:53:55 C53488 deadlock - retry 1/3
08:54:48 C53488 deadlock - retry 2/3
08:55:44 C53488 deadlock - retry 3/3
node:internal/modules/run_main:123
    triggerUncaughtException(
    ^

page.waitForTimeout: Target page, context or browser has been closed
    at /home/user/Manual-test-Cases/build/simple-flow-v2/build-verify-2026-09-09/apply_edits.mjs:64:79

Node.js v22.22.2
08:57:16 C44598 already checkpointed
08:57:16 C53486 already checkpointed
08:57:16 C44607 already checkpointed
08:57:16 C44608 already checkpointed
08:57:24 C44589 OK
08:57:24 C44591 already checkpointed
08:57:47 C53488 deadlock - retry 1/3
08:58:40 C53488 deadlock - retry 2/3
08:59:36 C53488 deadlock - retry 3/3
09:00:35 C53488 FAILED: still on edit page
09:00:45 C44604 OK
09:00:45 DONE ok=7 bad=1 skip=0
09:01:21 C44598 already checkpointed
09:01:21 C53486 already checkpointed
09:01:21 C44607 already checkpointed
09:01:21 C44608 already checkpointed
09:01:21 C44589 already checkpointed
09:01:21 C44591 already checkpointed
09:01:28 C53488 OK
09:01:28 C44604 already checkpointed
09:01:28 DONE ok=8 bad=0 skip=0
