07:04:11 queued 13 of 13 (checkpointed: 0)
07:04:24 C44571 FIXED (deterministic) — fr-view, numbers visible, marker last (atm=1)
07:04:59 C44572 save attempt 1 rejected (Deadlock found when trying to get lock; try restarting transaction | Title is too long) — retrying
07:05:08 C44572 FIXED (deterministic) — fr-view, numbers visible, marker last (atm=1)
07:05:42 C44573 save attempt 1 rejected (Deadlock found when trying to get lock; try restarting transaction | Title is too long) — retrying
07:05:51 C44573 FIXED (deterministic) — fr-view, numbers visible, marker last (atm=1)
07:06:26 C44574 save attempt 1 rejected (Deadlock found when trying to get lock; try restarting transaction | Title is too long) — retrying
07:06:34 C44574 FIXED (deterministic) — fr-view, numbers visible, marker last (atm=1)
07:07:09 C44575 save attempt 1 rejected (Deadlock found when trying to get lock; try restarting transaction | Title is too long) — retrying
07:07:18 C44575 FIXED (deterministic) — fr-view, numbers visible, marker last (atm=3)
07:07:53 C44576 save attempt 1 rejected (Deadlock found when trying to get lock; try restarting transaction | Title is too long) — retrying
07:08:02 C44576 FIXED (deterministic) — fr-view, numbers visible, marker last (atm=1)
07:08:36 C44577 save attempt 1 rejected (Deadlock found when trying to get lock; try restarting transaction | Title is too long) — retrying
07:08:46 C44577 FIXED (deterministic) — fr-view, numbers visible, marker last (atm=1)
07:09:20 C44578 save attempt 1 rejected (Deadlock found when trying to get lock; try restarting transaction | Title is too long) — retrying
07:09:29 C44578 FIXED (deterministic) — fr-view, numbers visible, marker last (atm=1)
07:10:04 C44579 save attempt 1 rejected (Deadlock found when trying to get lock; try restarting transaction | Title is too long) — retrying
07:10:13 C44579 FIXED (deterministic) — fr-view, numbers visible, marker last (atm=1)
07:10:47 C44580 save attempt 1 rejected (Deadlock found when trying to get lock; try restarting transaction | Title is too long) — retrying
07:10:56 C44580 FIXED (deterministic) — fr-view, numbers visible, marker last (atm=1)
07:11:30 C44581 save attempt 1 rejected (Deadlock found when trying to get lock; try restarting transaction | Title is too long) — retrying
07:11:39 C44581 FIXED (deterministic) — fr-view, numbers visible, marker last (atm=1)
07:12:14 C44582 save attempt 1 rejected (Deadlock found when trying to get lock; try restarting transaction | Title is too long) — retrying
07:12:23 C44582 FIXED (deterministic) — fr-view, numbers visible, marker last (atm=1)
07:12:57 C53486 save attempt 1 rejected (Deadlock found when trying to get lock; try restarting transaction | Title is too long) — retrying
07:13:07 C53486 FIXED (deterministic) — fr-view, numbers visible, marker last (atm=1)
07:13:08 
DONE — already-ok 0, fixed 13, failed 0, skipped 0
