07:33:38 queued 12 of 12 (checkpointed: 0)
07:33:50 C44594 FIXED (deterministic) — fr-view, numbers visible, marker last (atm=1)
07:34:25 C44595 save attempt 1 rejected (Deadlock found when trying to get lock; try restarting transaction | Title is too long) — retrying
07:34:34 C44595 FIXED (deterministic) — fr-view, numbers visible, marker last (atm=1)
07:35:09 C44596 save attempt 1 rejected (Deadlock found when trying to get lock; try restarting transaction | Title is too long) — retrying
07:35:18 C44596 FIXED (deterministic) — fr-view, numbers visible, marker last (atm=1)
07:35:52 C44597 save attempt 1 rejected (Deadlock found when trying to get lock; try restarting transaction | Title is too long) — retrying
07:36:01 C44597 FIXED (deterministic) — fr-view, numbers visible, marker last (atm=1)
07:36:35 C44598 save attempt 1 rejected (Deadlock found when trying to get lock; try restarting transaction | Title is too long) — retrying
07:36:44 C44598 FIXED (deterministic) — fr-view, numbers visible, marker last (atm=1)
07:37:19 C44599 save attempt 1 rejected (Deadlock found when trying to get lock; try restarting transaction | Title is too long) — retrying
07:37:28 C44599 FIXED (deterministic) — fr-view, numbers visible, marker last (atm=1)
07:38:02 C44600 save attempt 1 rejected (Deadlock found when trying to get lock; try restarting transaction | Title is too long) — retrying
07:38:11 C44600 FIXED (deterministic) — fr-view, numbers visible, marker last (atm=1)
07:38:46 C44601 save attempt 1 rejected (Deadlock found when trying to get lock; try restarting transaction | Title is too long) — retrying
07:38:55 C44601 FIXED (deterministic) — fr-view, numbers visible, marker last (atm=1)
07:39:30 C44602 save attempt 1 rejected (Deadlock found when trying to get lock; try restarting transaction | Title is too long) — retrying
07:39:39 C44602 FIXED (deterministic) — fr-view, numbers visible, marker last (atm=1)
07:40:13 C44603 save attempt 1 rejected (Deadlock found when trying to get lock; try restarting transaction | Title is too long) — retrying
07:40:22 C44603 FIXED (deterministic) — fr-view, numbers visible, marker last (atm=1)
07:40:57 C44604 save attempt 1 rejected (Deadlock found when trying to get lock; try restarting transaction | Title is too long) — retrying
07:41:06 C44604 FIXED (deterministic) — fr-view, numbers visible, marker last (atm=3)
07:41:41 C44605 save attempt 1 rejected (Deadlock found when trying to get lock; try restarting transaction | Title is too long) — retrying
07:41:50 C44605 FIXED (deterministic) — fr-view, numbers visible, marker last (atm=3)
07:41:51 
DONE — already-ok 0, fixed 12, failed 0, skipped 0
