07:23:38 queued 10 of 10 (checkpointed: 0)
07:23:51 C44583 FIXED (deterministic) — fr-view, numbers visible, marker last (atm=3)
07:24:26 C44584 save attempt 1 rejected (Deadlock found when trying to get lock; try restarting transaction | Title is too long) — retrying
07:24:35 C44584 FIXED (deterministic) — fr-view, numbers visible, marker last (atm=1)
07:25:10 C44585 save attempt 1 rejected (Deadlock found when trying to get lock; try restarting transaction | Title is too long) — retrying
07:25:19 C44585 FIXED (deterministic) — fr-view, numbers visible, marker last (atm=1)
07:25:53 C44586 save attempt 1 rejected (Deadlock found when trying to get lock; try restarting transaction | Title is too long) — retrying
07:26:02 C44586 FIXED (deterministic) — fr-view, numbers visible, marker last (atm=1)
07:26:37 C44587 save attempt 1 rejected (Deadlock found when trying to get lock; try restarting transaction | Title is too long) — retrying
07:26:46 C44587 FIXED (deterministic) — fr-view, numbers visible, marker last (atm=3)
07:27:20 C44588 save attempt 1 rejected (Deadlock found when trying to get lock; try restarting transaction | Title is too long) — retrying
07:27:30 C44588 FIXED (deterministic) — fr-view, numbers visible, marker last (atm=1)
07:28:04 C53487 save attempt 1 rejected (Deadlock found when trying to get lock; try restarting transaction | Title is too long) — retrying
07:28:13 C53487 FIXED (deterministic) — fr-view, numbers visible, marker last (atm=1)
07:28:48 C44592 save attempt 1 rejected (Deadlock found when trying to get lock; try restarting transaction | Title is too long) — retrying
07:28:57 C44592 FIXED (deterministic) — fr-view, numbers visible, marker last (atm=1)
07:29:31 C44593 save attempt 1 rejected (Deadlock found when trying to get lock; try restarting transaction | Title is too long) — retrying
07:29:41 C44593 FIXED (deterministic) — fr-view, numbers visible, marker last (atm=1)
07:30:15 C53489 save attempt 1 rejected (Deadlock found when trying to get lock; try restarting transaction | Title is too long) — retrying
07:30:24 C53489 FIXED (deterministic) — fr-view, numbers visible, marker last (atm=1)
07:30:25 
DONE — already-ok 0, fixed 10, failed 0, skipped 0
