
==============================================================================
C30287 | CSV cells: plain numbers, signed Labor Delta, empty Margin %, (Inactive)
  Rule 71 gate: custom_atmstatus = 3 (3 = Automated; per-case approval held for this case only)
  AUTOMATION marker before: ['AUTOMATION: READY']
  edit 30287.preconds: undefined-Margin-% condition + a Shop Supplies row to read: OK (1 occurrence replaced)
  edit 30287.steps: read the new Shop Supplies cell: OK (1 occurrence replaced)
  edit 30287.expected.2: Shop Supplies is one of the money columns: OK (1 occurrence replaced)
  edit 30287.expected.3: undefined condition is now the Margin base, not Subtotal: OK (1 occurrence replaced)
  edit 30287.expected: Rule 54 provenance re-stamped v22 -> v24: OK (1 occurrence replaced)
  edit 30287.expected: drop the now-redundant SV-9069 divergence paragraph (v24 S14-R17 states two decimals itself): OK (1 occurrence replaced)
  custom_preconds: before sha=ff90c77999980674 len=218 -> sending sha=54ec31a5d631b210 len=362
  custom_steps: before sha=aec1d5d8bcc605cc len=227 -> sending sha=32849b04fe3bf318 len=251
  custom_expected: before sha=e220755eaccebb2c len=1676 -> sending sha=8fa41b09cce01647 len=1647
  fields OMITTED from the payload (preserved, per the Job 4 finding): []
  update_case HTTP 200
  re-GET HTTP 200
  VERIFY custom_preconds: FAIL (changed as sent) | want sha=54ec31a5d631b210 got sha=a64ded5d45b23a7f
     WANT repr='<ol><li>You have downloaded both report CSVs from a view that includes a negative money value, a row carrying a Shop Supplies charge, a rep whose Margin % shows "—" on screen (its Margin base — Labor Invoiced + Parts Invoiced + Adjustments, which is Subtotal minus Shop Supplies — is 0 or less), and an "(Inactive)" contributor (seed what is missing)..</li></ol>'
     GOT  repr='<ol><li>You have downloaded both report CSVs from a view that includes a negative money value, a row carrying a Shop Supplies charge, a rep whose Margin % shows "&mdash;" on screen (its Margin base &mdash; Labor Invoiced + Parts Invoiced + Adjustments, which is Subtotal minus Shop Supplies &mdash; is 0 or less), and an "(Inactive)" contributor (seed what is missing)..</li></ol>\n'
  VERIFY custom_steps: FAIL (changed as sent) | want sha=32849b04fe3bf318 got sha=decae0f9bf8b4f1c
     WANT repr='<ol><li>Open each CSV in a text editor (not a spreadsheet).</li><li>Read a money cell, the Shop Supplies cell, the negative value\'s cell, an Labor Delta cell, the undefined Margin % cell, and the (Inactive) rep\'s "Sales Representative" cell.</li></ol>'
     GOT  repr='<ol><li>Open each CSV in a text editor (not a spreadsheet).</li><li>Read a money cell, the Shop Supplies cell, the negative value\'s cell, an Labor Delta cell, the undefined Margin % cell, and the (Inactive) rep\'s "Sales Representative" cell.</li></ol>\n'
  VERIFY custom_expected: FAIL (changed as sent) | want sha=8fa41b09cce01647 got sha=611cfcbdf4e1545f
     WANT repr='<p>1. Numeric columns are plain numbers &mdash; NO currency symbol, thousands separators, or parentheses; a negative uses a leading minus (for example, -1234.56).<br>2. Money values, including the Shop Supplies column, carry two decimals; Hrs Worked / Hrs Invoiced / Labor Delta carry their full stored precision; Labor Delta keeps its leading + or - sign.<br>3. Margin % is a plain number to TWO decimals (for example, 45.20) with no % sign, and the cell is EMPTY where Margin % is undefined — that is, where the Margin base (Labor Invoiced + Parts Invoiced + Adjustments, which is Subtotal minus Shop Supplies) is 0 or less.<br>4. The "Sales Representative" name carries the "(Inactive)" tag when applicable; the on-screen (N) count is NOT embedded in the name.<br>5. Text fields are quoted per standard CSV escaping; both CSVs are monochrome (Labor Delta conveys direction only by its sign).<br>6. Note for the tester: the product owner has ruled that the full word "Sales Representative" replaces the short "Sales Rep" everywhere. If the screen or file still shows "Sales Rep", mark this test Failed and report it as the pending rename &mdash; do not change the test.<br><br>---<br>This is the expected behaviour as per epic SV-8582, read on 17 August 2026, and the Sales By Representative report specification version 24 (S14-R17, with the Shop Supplies column added by S5-R12 and S5-R13 and carried into both CSVs by S14-R15 and S14-R16), read on 26 August 2026. The column was renamed from "Inv. Hrs" to "Labor Delta" per SV-9071; only the name changed.<br>Last checked against build v3.8-bd246fd on 8/18/2026.<br><br>AUTOMATION: READY</p>\n'
     GOT  repr='<p>1. Numeric columns are plain numbers &mdash; NO currency symbol, thousands separators, or parentheses; a negative uses a leading minus (for example, -1234.56).<br>2. Money values, including the Shop Supplies column, carry two decimals; Hrs Worked / Hrs Invoiced / Labor Delta carry their full stored precision; Labor Delta keeps its leading + or - sign.<br>3. Margin % is a plain number to TWO decimals (for example, 45.20) with no % sign, and the cell is EMPTY where Margin % is undefined &mdash; that is, where the Margin base (Labor Invoiced + Parts Invoiced + Adjustments, which is Subtotal minus Shop Supplies) is 0 or less.<br>4. The "Sales Representative" name carries the "(Inactive)" tag when applicable; the on-screen (N) count is NOT embedded in the name.<br>5. Text fields are quoted per standard CSV escaping; both CSVs are monochrome (Labor Delta conveys direction only by its sign).<br>6. Note for the tester: the product owner has ruled that the full word "Sales Representative" replaces the short "Sales Rep" everywhere. If the screen or file still shows "Sales Rep", mark this test Failed and report it as the pending rename &mdash; do not change the test.<br><br>---<br>This is the expected behaviour as per epic SV-8582, read on 17 August 2026, and the Sales By Representative report specification version 24 (S14-R17, with the Shop Supplies column added by S5-R12 and S5-R13 and carried into both CSVs by S14-R15 and S14-R16), read on 26 August 2026. The column was renamed from "Inv. Hrs" to "Labor Delta" per SV-9071; only the name changed.<br>Last checked against build v3.8-bd246fd on 8/18/2026.<br><br>AUTOMATION: READY</p>\n'
  VERIFY custom_atmstatus still 3: PASS (= 3)
  VERIFY AUTOMATION marker byte-unchanged: FAIL | after ['AUTOMATION: READY</p>']
  VERIFY title unchanged: PASS
  C30287 OVERALL: FAIL

==============================================================================
C30518 | Export notifications: success caption, "Empty export" warning
  Rule 71 gate: custom_atmstatus = 3 (3 = Automated; per-case approval held for this case only)
  AUTOMATION marker before: ['AUTOMATION: Not available on Build to test Yet - Last checked 8/17/2026']
  edit 30518.expected: Rule 54 provenance re-stamped v21 -> v28: OK (1 occurrence replaced)
  edit 30518.expected: correct the caution's version number 11 -> 28: OK (1 occurrence replaced)
  custom_expected: before sha=d8cb81141992aea5 len=891 -> sending sha=ce390825773a4e67 len=1077
  fields OMITTED from the payload (preserved, per the Job 4 finding): ['custom_preconds', 'custom_steps']
  update_case HTTP 200
  re-GET HTTP 200
  VERIFY custom_preconds: PASS (untouched, preserved) | want sha=4169ddce2281e3a8 got sha=4169ddce2281e3a8
  VERIFY custom_steps: PASS (untouched, preserved) | want sha=72e73fcb9db0fa80 got sha=72e73fcb9db0fa80
  VERIFY custom_expected: FAIL (changed as sent) | want sha=ce390825773a4e67 got sha=b6e3b2071d5939a6
     WANT repr='1. On a successful download, a success notification shows with the caption "Data exported successfully."\n2. When a download yields no rows, a warning notification shows titled "Empty export" with the caption "Export didn\'t yield any results".\n3. When a download fails, an error notification shows: "An error occurred while exporting the report. Please try again."\n\n---\nThis is the expected behaviour as per epic SV-8582, read on 17 August 2026, and the Work In Progress report specification version 28 (S9-R11, S9-R12 and S9-R13, under Error handling), read on 26 August 2026. These three requirements are worded identically in version 28 to the version this test was written against, so the expectation above is unchanged. One caution for anyone checking the source: version 28 of that specification still uses the number S9-R11 for two different requirements — one about the 10,000-row limit on downloads, one about the success message. This test rests on the success-message one, under Error handling.\n\nAUTOMATION: Not available on Build to test Yet - Last checked 8/17/2026'
     GOT  repr='<p>1. On a successful download, a success notification shows with the caption "Data exported successfully."\n2. When a download yields no rows, a warning notification shows titled "Empty export" with the caption "Export didn\'t yield any results".\n3. When a download fails, an error notification shows: "An error occurred while exporting the report. Please try again."\n\n---\nThis is the expected behaviour as per epic SV-8582, read on 17 August 2026, and the Work In Progress report specification version 28 (S9-R11, S9-R12 and S9-R13, under Error handling), read on 26 August 2026. These three requirements are worded identically in version 28 to the version this test was written against, so the expectation above is unchanged. One caution for anyone checking the source: version 28 of that specification still uses the number S9-R11 for two different requirements &mdash; one about the 10,000-row limit on downloads, one about the success message. This test rests on the success-message one, under Error handling.\n\nAUTOMATION: Not available on Build to test Yet - Last checked 8/17/2026</p>\n'
  VERIFY custom_atmstatus still 3: PASS (= 3)
  VERIFY AUTOMATION marker byte-unchanged: FAIL | after ['AUTOMATION: Not available on Build to test Yet - Last checked 8/17/2026</p>']
  VERIFY title unchanged: PASS
  C30518 OVERALL: FAIL

SUMMARY: C30287=FAIL, C30518=FAIL
