C44988
  field0 fr-view=false escaped=false literalTagInText=false :: ""
  field1 fr-view=true escaped=false literalTagInText=false :: " 1. In the top menu, click “Work Orders”, then open a w"
  field2 fr-view=true escaped=false literalTagInText=false :: " 1. Open the work order and look at each work order lin"
  field3 fr-view=true escaped=false literalTagInText=false :: " 1. Each work order line displays an “Add Part” button "
  field4 fr-view=false escaped=false literalTagInText=false :: ""
C44989
  field0 fr-view=false escaped=false literalTagInText=false :: ""
  field1 fr-view=true escaped=false literalTagInText=false :: " 1. In the top menu click “Work Orders”, then open a wo"
  field2 fr-view=true escaped=false literalTagInText=false :: " 1. Select “Add Part” on a work order line. "
  field3 fr-view=true escaped=false literalTagInText=false :: " 1. An editable inline row opens directly below the Add"
  field4 fr-view=false escaped=false literalTagInText=false :: ""
C44990
  field0 fr-view=false escaped=false literalTagInText=false :: ""
  field1 fr-view=true escaped=false literalTagInText=false :: " 1. In the top menu click “Work Orders”, then open a wo"
  field2 fr-view=true escaped=false literalTagInText=false :: " 1. As a Tech View user, select “Add Part” and note the"
  field3 fr-view=true escaped=false literalTagInText=false :: " 1. For a Tech View user the inline row follows Story 2"
  field4 fr-view=false escaped=false literalTagInText=false :: ""
C44991
  field0 fr-view=false escaped=false literalTagInText=false :: ""
  field1 fr-view=true escaped=false literalTagInText=false :: " 1. In the top menu click “Work Orders”, then open a wo"
  field2 fr-view=true escaped=false literalTagInText=false :: " 1. Hover the mouse over an existing part line.2. Move "
  field3 fr-view=true escaped=false literalTagInText=false :: " 1. An Edit control is displayed on the part line when "
  field4 fr-view=false escaped=false literalTagInText=false :: ""
C44992
  field0 fr-view=false escaped=false literalTagInText=false :: ""
  field1 fr-view=true escaped=false literalTagInText=false :: " 1. In the top menu click “Work Orders”, then open a wo"
  field2 fr-view=true escaped=false literalTagInText=false :: " 1. As a Tech View user, select Edit on an existing par"
  field3 fr-view=true escaped=false literalTagInText=false :: " 1. For a Tech View user, selecting Edit follows Story "
  field4 fr-view=false escaped=false literalTagInText=false :: ""
C44993
  field0 fr-view=false escaped=false literalTagInText=false :: ""
  field1 fr-view=true escaped=false literalTagInText=false :: " 1. In the top menu click \"Work Orders\". You need work "
  field2 fr-view=true escaped=false literalTagInText=false :: " 1. For each status you can reach (Complete, Invoiced, "
  field3 fr-view=true escaped=false literalTagInText=false :: " 1. The \"+ Add Part\" button is not displayed on any wor"
  field4 fr-view=false escaped=false literalTagInText=false :: ""
C44994
  field0 fr-view=false escaped=false literalTagInText=false :: ""
  field1 fr-view=true escaped=false literalTagInText=false :: " 1. In the top menu click \"Work Orders\". You need work "
  field2 fr-view=true escaped=false literalTagInText=false :: " 1. For each status you can reach (Complete, Invoiced, "
  field3 fr-view=true escaped=false literalTagInText=false :: " 1. The Edit control is not displayed on part lines whe"
  field4 fr-view=false escaped=false literalTagInText=false :: ""
C44995
  field0 fr-view=false escaped=false literalTagInText=false :: ""
  field1 fr-view=true escaped=false literalTagInText=false :: " 1. In the top menu click “Work Orders”, then open a wo"
  field2 fr-view=true escaped=false literalTagInText=false :: " 1. Open the work order and look at the Parts section a"
  field3 fr-view=true escaped=false literalTagInText=false :: " 1. The “Add Part” button is not displayed.2. The Edit "
  field4 fr-view=false escaped=false literalTagInText=false :: ""
C44997
  field0 fr-view=false escaped=false literalTagInText=false :: ""
  field1 fr-view=true escaped=false literalTagInText=false :: " 1. In the top menu click “Work Orders”, then open a wo"
  field2 fr-view=true escaped=false literalTagInText=false :: " 1. Select “Add Part” on a different work order line. "
  field3 fr-view=true escaped=false literalTagInText=false :: " 1. The unsaved-data confirmation from S6-R5 is shown b"
  field4 fr-view=false escaped=false literalTagInText=false :: ""
C45250
  field0 fr-view=false escaped=false literalTagInText=false :: ""
  field1 fr-view=true escaped=false literalTagInText=false :: " 1. You have a work order line whose status is Complete"
  field2 fr-view=true escaped=false literalTagInText=false :: " 1. In the top menu, click “Work Orders”, then create a"
  field3 fr-view=true escaped=false literalTagInText=false :: " 1. On the now-Complete line, the “+ Add Part” button i"
  field4 fr-view=false escaped=false literalTagInText=false :: ""
C45251
  field0 fr-view=false escaped=false literalTagInText=false :: ""
  field1 fr-view=true escaped=false literalTagInText=false :: " You have a work order line in Complete status with a p"
  field2 fr-view=true escaped=false literalTagInText=false :: " In the top menu, click “Work Orders”, then create a ne"
  field3 fr-view=true escaped=false literalTagInText=false :: " 1. For an INVENTORY part, only these fields are editab"
  field4 fr-view=false escaped=false literalTagInText=false :: ""
C45252
  field0 fr-view=false escaped=false literalTagInText=false :: ""
  field1 fr-view=true escaped=false literalTagInText=false :: " In the top menu, click “Work Orders”, create a new wor"
  field2 fr-view=true escaped=false literalTagInText=false :: " In the line's Parts section, click “+ Add Part”.In the"
  field3 fr-view=true escaped=false literalTagInText=false :: " 1. Entering the Cost fills in the Sell Price automatic"
  field4 fr-view=false escaped=false literalTagInText=false :: ""
C45253
  field0 fr-view=false escaped=false literalTagInText=false :: ""
  field1 fr-view=true escaped=false literalTagInText=false :: " In the top menu, click “Work Orders”, create a new wor"
  field2 fr-view=true escaped=false literalTagInText=false :: " In the line's Parts section, click “+ Add Part”.Fill i"
  field3 fr-view=true escaped=false literalTagInText=false :: " 1. The Sell Price changes according to the selected ca"
  field4 fr-view=false escaped=false literalTagInText=false :: ""
C45254
  field0 fr-view=false escaped=false literalTagInText=false :: ""
  field1 fr-view=true escaped=false literalTagInText=false :: " In the top menu, click “Work Orders”, then open a work"
  field2 fr-view=true escaped=false literalTagInText=false :: " In the work order line's Parts section, click “+ Add P"
  field3 fr-view=true escaped=false literalTagInText=false :: " You are NOT allowed to enter a custom Cost for an inve"
  field4 fr-view=false escaped=false literalTagInText=false :: ""
C44998
  field0 fr-view=false escaped=false literalTagInText=false :: ""
  field1 fr-view=true escaped=false literalTagInText=false :: " 1. In the top menu click “Work Orders”, then open a wo"
  field2 fr-view=true escaped=false literalTagInText=false :: " 1. Select “Add Part” and inspect the fields in the inl"
  field3 fr-view=true escaped=false literalTagInText=false :: " 1. The inline row displays exactly three editable fiel"
  field4 fr-view=false escaped=false literalTagInText=false :: ""
C44999
  field0 fr-view=false escaped=false literalTagInText=false :: ""
  field1 fr-view=true escaped=false literalTagInText=false :: " 1. In the top menu click “Work Orders”, then open a wo"
  field2 fr-view=true escaped=false literalTagInText=false :: " 1. Open the inline row and type into the part number f"
  field3 fr-view=true escaped=false literalTagInText=false :: " 1. The part number field is the same catalog typeahead"
  field4 fr-view=false escaped=false literalTagInText=false :: ""
C45000
  field0 fr-view=false escaped=false literalTagInText=false :: ""
  field1 fr-view=true escaped=false literalTagInText=false :: " 1. In the top menu click “Work Orders”, then open a wo"
  field2 fr-view=true escaped=false literalTagInText=false :: " 1. Type a description of your own into the description"
  field3 fr-view=true escaped=false literalTagInText=false :: " 1. The part number and description populate from the s"
  field4 fr-view=false escaped=false literalTagInText=false :: ""
C45001
  field0 fr-view=false escaped=false literalTagInText=false :: ""
  field1 fr-view=true escaped=false literalTagInText=false :: " 1. In the top menu click “Work Orders”, then open a wo"
  field2 fr-view=true escaped=false literalTagInText=false :: " 1. In the open inline add row (see Preconditions), sel"
  field3 fr-view=true escaped=false literalTagInText=false :: " 1. For a catalog part, the populated description accep"
  field4 fr-view=false escaped=false literalTagInText=false :: ""
C45002
  field0 fr-view=false escaped=false literalTagInText=false :: ""
  field1 fr-view=true escaped=false literalTagInText=false :: " 1. In the top menu click “Work Orders”, then open a wo"
  field2 fr-view=true escaped=false literalTagInText=false :: " 1. Open the inline row and look at the quantity field "
  field3 fr-view=true escaped=false literalTagInText=false :: " 1. The quantity field starts empty (it is not pre-fill"
  field4 fr-view=false escaped=false literalTagInText=false :: ""
C45003
  field0 fr-view=false escaped=false literalTagInText=false :: ""
  field1 fr-view=true escaped=false literalTagInText=false :: " 1. In the top menu click “Work Orders”, then open a wo"
  field2 fr-view=true escaped=false literalTagInText=false :: " 1. Open the inline row and look at its actions. "
  field3 fr-view=true escaped=false literalTagInText=false :: " 1. The inline row displays a Save action and a close a"
  field4 fr-view=false escaped=false literalTagInText=false :: ""
C45004
  field0 fr-view=false escaped=false literalTagInText=false :: ""
  field1 fr-view=true escaped=false literalTagInText=false :: " 1. In the top menu click “Work Orders”, then open a wo"
  field2 fr-view=true escaped=false literalTagInText=false :: " 1. Enter a description and a quantity but leave part n"
  field3 fr-view=true escaped=false literalTagInText=false :: " 1. With a description and a quantity the part saves ev"
  field4 fr-view=false escaped=false literalTagInText=false :: ""
C45005
  field0 fr-view=false escaped=false literalTagInText=false :: ""
  field1 fr-view=true escaped=false literalTagInText=false :: " 1. A work order is open with status Estimate, Approved"
  field2 fr-view=true escaped=false literalTagInText=false :: " 1. Enter a valid description and quantity and Save the"
  field3 fr-view=true escaped=false literalTagInText=false :: " 1. The part is added at the top of the line's parts li"
  field4 fr-view=false escaped=false literalTagInText=false :: ""
C45006
  field0 fr-view=false escaped=false literalTagInText=false :: ""
  field1 fr-view=true escaped=false literalTagInText=false :: " 1. In the top menu click “Work Orders”, then open a wo"
  field2 fr-view=true escaped=false literalTagInText=false :: " 1. Save a valid inline row. "
  field3 fr-view=true escaped=false literalTagInText=false :: " 1. Immediately after the successful save, a new empty "
  field4 fr-view=false escaped=false literalTagInText=false :: ""
C45007
  field0 fr-view=false escaped=false literalTagInText=false :: ""
  field1 fr-view=true escaped=false literalTagInText=false :: " 1. In the top menu click “Work Orders”, then open a wo"
  field2 fr-view=true escaped=false literalTagInText=false :: " 1. Through the Tech View inline row, add a part that h"
  field3 fr-view=true escaped=false literalTagInText=false :: " 1. A part with no category of its own is assigned the "
  field4 fr-view=false escaped=false literalTagInText=false :: ""
C45008
  field0 fr-view=false escaped=false literalTagInText=false :: ""
  field1 fr-view=true escaped=false literalTagInText=false :: " 1. In the top menu click “Work Orders”, then open a wo"
  field2 fr-view=true escaped=false literalTagInText=false :: " 1. Enter a valid description and quantity.2. With the "
  field3 fr-view=true escaped=false literalTagInText=false :: " 1. Pressing Enter saves the row, with the same result "
  field4 fr-view=false escaped=false literalTagInText=false :: ""
C45009
  field0 fr-view=false escaped=false literalTagInText=false :: ""
  field1 fr-view=true escaped=false literalTagInText=false :: " 1. In the top menu click “Work Orders”, then open a wo"
  field2 fr-view=true escaped=false literalTagInText=false :: " 1. Place the cursor in the description field and press"
  field3 fr-view=true escaped=false literalTagInText=false :: " 1. Tab moves the cursor forward through the row and do"
  field4 fr-view=false escaped=false literalTagInText=false :: ""
C45010
  field0 fr-view=false escaped=false literalTagInText=false :: ""
  field1 fr-view=true escaped=false literalTagInText=false :: " 1. In the top menu click “Work Orders”, then open a wo"
  field2 fr-view=true escaped=false literalTagInText=false :: " 1. With an empty inline row open, press Escape. "
  field3 fr-view=true escaped=false literalTagInText=false :: " 1. Escape closes the inline row, with the same result "
  field4 fr-view=false escaped=false literalTagInText=false :: ""
C45011
  field0 fr-view=false escaped=false literalTagInText=false :: ""
  field1 fr-view=true escaped=false literalTagInText=false :: " 1. In the top menu click “Work Orders”, then open a wo"
  field2 fr-view=true escaped=false literalTagInText=false :: " 1. With data entered in the row, select the row’s clos"
  field3 fr-view=true escaped=false literalTagInText=false :: " 1. Selecting X closes the inline row without saving.2."
  field4 fr-view=false escaped=false literalTagInText=false :: ""
C45012
  field0 fr-view=false escaped=false literalTagInText=false :: ""
  field1 fr-view=true escaped=false literalTagInText=false :: " 1. In the top menu click “Work Orders”, then open a wo"
  field2 fr-view=true escaped=false literalTagInText=false :: " 1. Click somewhere on the page outside the inline row."
  field3 fr-view=true escaped=false literalTagInText=false :: " 1. The inline row remains open and its data is preserv"
  field4 fr-view=false escaped=false literalTagInText=false :: ""
C45013
  field0 fr-view=false escaped=false literalTagInText=false :: ""
  field1 fr-view=true escaped=false literalTagInText=false :: " 1. In the top menu click “Work Orders”, then open a wo"
  field2 fr-view=true escaped=false literalTagInText=false :: " 1. Type a description (and optionally a part number) t"
  field3 fr-view=true escaped=false literalTagInText=false :: " 1. The part is added with the existing “Auth to order”"
  field4 fr-view=false escaped=false literalTagInText=false :: ""
C45014
  field0 fr-view=false escaped=false literalTagInText=false :: ""
  field1 fr-view=true escaped=false literalTagInText=false :: " 1. In the top menu click “Work Orders”, then open a wo"
  field2 fr-view=true escaped=false literalTagInText=false :: " 1. Open the inline row and read the keyboard hint lege"
  field3 fr-view=true escaped=false literalTagInText=false :: " 1. The inline row displays a keyboard hint legend: Ent"
  field4 fr-view=false escaped=false literalTagInText=false :: ""
C45015
  field0 fr-view=false escaped=false literalTagInText=false :: ""
  field1 fr-view=true escaped=false literalTagInText=false :: " 1. In the top menu click “Work Orders”, then open a wo"
  field2 fr-view=true escaped=false literalTagInText=false :: " 1. Leave the description and the quantity empty and at"
  field3 fr-view=true escaped=false literalTagInText=false :: " 1. The row does not save; a single inline validation m"
  field4 fr-view=false escaped=false literalTagInText=false :: ""
C45016
  field0 fr-view=false escaped=false literalTagInText=false :: ""
  field1 fr-view=true escaped=false literalTagInText=false :: " 1. In the top menu click “Work Orders”, then open a wo"
  field2 fr-view=true escaped=false literalTagInText=false :: " 1. Enter a description and a quantity of 0 (or a negat"
  field3 fr-view=true escaped=false literalTagInText=false :: " 1. The row does not save and an inline validation mess"
  field4 fr-view=false escaped=false literalTagInText=false :: ""
C45017
  field0 fr-view=false escaped=false literalTagInText=false :: ""
  field1 fr-view=true escaped=false literalTagInText=false :: " 1. In the top menu click “Work Orders”, then open a wo"
  field2 fr-view=true escaped=false literalTagInText=false :: " 1. Trigger a validation error by leaving a required fi"
  field3 fr-view=true escaped=false literalTagInText=false :: " 1. The invalid field is highlighted and the cursor mov"
  field4 fr-view=false escaped=false literalTagInText=false :: ""
C45018
  field0 fr-view=false escaped=false literalTagInText=false :: ""
  field1 fr-view=true escaped=false literalTagInText=false :: " 1. In the top menu click “Work Orders”, then open a wo"
  field2 fr-view=true escaped=false literalTagInText=false :: " 1. Correct the field named in the validation message. "
  field3 fr-view=true escaped=false literalTagInText=false :: " 1. The validation message clears as soon as the field "
  field4 fr-view=false escaped=false literalTagInText=false :: ""
C45019
  field0 fr-view=false escaped=false literalTagInText=false :: ""
  field1 fr-view=true escaped=false literalTagInText=false :: " 1. In the top menu click “Work Orders”, then open a wo"
  field2 fr-view=true escaped=false literalTagInText=false :: " 1. With no data entered in the row, select the row’s c"
  field3 fr-view=true escaped=false literalTagInText=false :: " 1. The row closes immediately with no confirmation.---"
  field4 fr-view=false escaped=false literalTagInText=false :: ""
C45020
  field0 fr-view=false escaped=false literalTagInText=false :: ""
  field1 fr-view=true escaped=false literalTagInText=false :: " 1. In the top menu click “Work Orders”, then open a wo"
  field2 fr-view=true escaped=false literalTagInText=false :: " 1. Add a part to the line, then add the exact same par"
  field3 fr-view=true escaped=false literalTagInText=false :: " 1. Two separate part lines are created; the quantities"
  field4 fr-view=false escaped=false literalTagInText=false :: ""
C45021
  field0 fr-view=false escaped=false literalTagInText=false :: ""
  field1 fr-view=true escaped=false literalTagInText=false :: " 1. In the top menu click “Work Orders”, then open a wo"
  field2 fr-view=true escaped=false literalTagInText=false :: " 1. While the row is open, have the work order move to "
  field3 fr-view=true escaped=false literalTagInText=false :: " 1. The save fails and an alert is shown: “This work or"
  field4 fr-view=false escaped=false literalTagInText=false :: ""
C45022
  field0 fr-view=false escaped=false literalTagInText=false :: ""
  field1 fr-view=true escaped=false literalTagInText=false :: " 1. In the top menu click “Work Orders”, then open a wo"
  field2 fr-view=true escaped=false literalTagInText=false :: " 1. Cause the save to fail for a reason other than an e"
  field3 fr-view=true escaped=false literalTagInText=false :: " 1. An alert toast is shown: “Couldn't add the part. Pl"
  field4 fr-view=false escaped=false literalTagInText=false :: ""
C45023
  field0 fr-view=false escaped=false literalTagInText=false :: ""
  field1 fr-view=true escaped=false literalTagInText=false :: " 1. In the top menu click “Work Orders”, then open a wo"
  field2 fr-view=true escaped=false literalTagInText=false :: " 1. In the work order line's Parts section (see Precond"
  field3 fr-view=true escaped=false literalTagInText=false :: " 1. An inline edit row opens directly below that part l"
  field4 fr-view=false escaped=false literalTagInText=false :: ""
C45024
  field0 fr-view=false escaped=false literalTagInText=false :: ""
  field1 fr-view=true escaped=false literalTagInText=false :: " 1. In the top menu click “Work Orders”, then open a wo"
  field2 fr-view=true escaped=false literalTagInText=false :: " 1. Select Edit on an existing part line and inspect th"
  field3 fr-view=true escaped=false literalTagInText=false :: " 1. The inline row is pre-populated with the part's cur"
  field4 fr-view=false escaped=false literalTagInText=false :: ""
C45025
  field0 fr-view=false escaped=false literalTagInText=false :: ""
  field1 fr-view=true escaped=false literalTagInText=false :: " 1. In the top menu click “Work Orders”, then open a wo"
  field2 fr-view=true escaped=false literalTagInText=false :: " 1. Open an edit row and exercise the fields, keyboard,"
  field3 fr-view=true escaped=false literalTagInText=false :: " 1. All field, keyboard, and validation behaviour from "
  field4 fr-view=false escaped=false literalTagInText=false :: ""
C45026
  field0 fr-view=false escaped=false literalTagInText=false :: ""
  field1 fr-view=true escaped=false literalTagInText=false :: " 1. A work order is open with status Estimate, Approved"
  field2 fr-view=true escaped=false literalTagInText=false :: " 1. Open an edit row, change a value, and Save. "
  field3 fr-view=true escaped=false literalTagInText=false :: " 1. The part line is updated in place and the inline ro"
  field4 fr-view=false escaped=false literalTagInText=false :: ""
C45027
  field0 fr-view=false escaped=false literalTagInText=false :: ""
  field1 fr-view=true escaped=false literalTagInText=false :: " 1. In the top menu click “Work Orders”, then open a wo"
  field2 fr-view=true escaped=false literalTagInText=false :: " 1. Open an edit row, change a value, and Save.2. Obser"
  field3 fr-view=true escaped=false literalTagInText=false :: " 1. No new empty inline row opens after an edit save; t"
  field4 fr-view=false escaped=false literalTagInText=false :: ""
C45028
  field0 fr-view=false escaped=false literalTagInText=false :: ""
  field1 fr-view=true escaped=false literalTagInText=false :: " 1. In the top menu click “Work Orders”, then open a wo"
  field2 fr-view=true escaped=false literalTagInText=false :: " 1. Open the edit row, change only the quantity (do not"
  field3 fr-view=true escaped=false literalTagInText=false :: " 1. Cost, sell price, and category are preserved unchan"
  field4 fr-view=false escaped=false literalTagInText=false :: ""
C45029
  field0 fr-view=false escaped=false literalTagInText=false :: ""
  field1 fr-view=true escaped=false literalTagInText=false :: " 1. In the top menu click “Work Orders”, then open a wo"
  field2 fr-view=true escaped=false literalTagInText=false :: " 1. Open an edit row, change a field, then select the r"
  field3 fr-view=true escaped=false literalTagInText=false :: " 1. Because a field was changed, the discard confirmati"
  field4 fr-view=false escaped=false literalTagInText=false :: ""
C45030
  field0 fr-view=false escaped=false literalTagInText=false :: ""
  field1 fr-view=true escaped=false literalTagInText=false :: " 1. In the top menu click “Work Orders”, then open a wo"
  field2 fr-view=true escaped=false literalTagInText=false :: " 1. Open an edit row and enter a quantity value.2. In t"
  field3 fr-view=true escaped=false literalTagInText=false :: " 1. The row is repopulated from the newly selected part"
  field4 fr-view=false escaped=false literalTagInText=false :: ""
C45031
  field0 fr-view=false escaped=false literalTagInText=false :: ""
  field1 fr-view=true escaped=false literalTagInText=false :: " 1. In the top menu click “Work Orders”, then open a wo"
  field2 fr-view=true escaped=false literalTagInText=false :: " 1. Open an edit row, change nothing, and close it. "
  field3 fr-view=true escaped=false literalTagInText=false :: " 1. No confirmation is shown and no update is recorded."
  field4 fr-view=false escaped=false literalTagInText=false :: ""
C45032
  field0 fr-view=false escaped=false literalTagInText=false :: ""
  field1 fr-view=true escaped=false literalTagInText=false :: " 1. In the top menu click “Work Orders”, then open a wo"
  field2 fr-view=true escaped=false literalTagInText=false :: " 1. Hover or focus an existing part line. "
  field3 fr-view=true escaped=false literalTagInText=false :: " 1. The Edit control is not displayed.---This is the ex"
  field4 fr-view=false escaped=false literalTagInText=false :: ""
C45033
  field0 fr-view=false escaped=false literalTagInText=false :: ""
  field1 fr-view=true escaped=false literalTagInText=false :: " 1. In the top menu click “Work Orders”, then open a wo"
  field2 fr-view=true escaped=false literalTagInText=false :: " 1. Open an edit row, clear the description, and attemp"
  field3 fr-view=true escaped=false literalTagInText=false :: " 1. The row does not save and the combined validation f"
  field4 fr-view=false escaped=false literalTagInText=false :: ""
C45034
  field0 fr-view=false escaped=false literalTagInText=false :: ""
  field1 fr-view=true escaped=false literalTagInText=false :: " 1. In the top menu click “Work Orders”, then open a wo"
  field2 fr-view=true escaped=false literalTagInText=false :: " 1. Move the mouse over an existing part row and click "
  field3 fr-view=true escaped=false literalTagInText=false :: " 1. The change saves normally and the row returns to it"
  field4 fr-view=false escaped=false literalTagInText=false :: ""
C45035
  field0 fr-view=false escaped=false literalTagInText=false :: ""
  field1 fr-view=true escaped=false literalTagInText=false :: " 1. In the top menu click “Work Orders”, then open a wo"
  field2 fr-view=true escaped=false literalTagInText=false :: " 1. Open an edit row with changes.2. Have the work orde"
  field3 fr-view=true escaped=false literalTagInText=false :: " 1. The save fails and the alert “This work order can n"
  field4 fr-view=false escaped=false literalTagInText=false :: ""
C45036
  field0 fr-view=false escaped=false literalTagInText=false :: ""
  field1 fr-view=true escaped=false literalTagInText=false :: " 1. In the top menu click “Work Orders”, then open a wo"
  field2 fr-view=true escaped=false literalTagInText=false :: " 1. In the work order line's Parts section (see Precond"
  field3 fr-view=true escaped=false literalTagInText=false :: " 1. The inline row displays six editable fields, in ord"
  field4 fr-view=false escaped=false literalTagInText=false :: ""
C45037
  field0 fr-view=false escaped=false literalTagInText=false :: ""
  field1 fr-view=true escaped=false literalTagInText=false :: " 1. In the top menu click “Work Orders”, then open a wo"
  field2 fr-view=true escaped=false literalTagInText=false :: " 1. Exercise the description, part number, and quantity"
  field3 fr-view=true escaped=false literalTagInText=false :: " 1. Description, part number, and quantity behaviour fr"
  field4 fr-view=false escaped=false literalTagInText=false :: ""
C45038
  field0 fr-view=false escaped=false literalTagInText=false :: ""
  field1 fr-view=true escaped=false literalTagInText=false :: " 1. In the top menu click “Work Orders”, then open a wo"
  field2 fr-view=true escaped=false literalTagInText=false :: " 1. On the open inline part row (see Preconditions), se"
  field3 fr-view=true escaped=false literalTagInText=false :: " 1. Cost and sell price populate automatically from the"
  field4 fr-view=false escaped=false literalTagInText=false :: ""
C45039
  field0 fr-view=false escaped=false literalTagInText=false :: ""
  field1 fr-view=true escaped=false literalTagInText=false :: " 1. In the top menu click “Work Orders”, then open a wo"
  field2 fr-view=true escaped=false literalTagInText=false :: " 1. With a normal (catalog) part selected, edit the cos"
  field3 fr-view=true escaped=false literalTagInText=false :: " 1. For a normal part, the populated cost and sell pric"
  field4 fr-view=false escaped=false literalTagInText=false :: ""
C45040
  field0 fr-view=false escaped=false literalTagInText=false :: ""
  field1 fr-view=true escaped=false literalTagInText=false :: " 1. In the top menu click “Work Orders”, then open a wo"
  field2 fr-view=true escaped=false literalTagInText=false :: " 1. Open the category field and view the options.2. Lea"
  field3 fr-view=true escaped=false literalTagInText=false :: " 1. The category field is a select of the shop's part c"
  field4 fr-view=false escaped=false literalTagInText=false :: ""
C45041
  field0 fr-view=false escaped=false literalTagInText=false :: ""
  field1 fr-view=true escaped=false literalTagInText=false :: " 1. In the top menu click “Work Orders”, then open a wo"
  field2 fr-view=true escaped=false literalTagInText=false :: " 1. Open the inline row and look at its actions. "
  field3 fr-view=true escaped=false literalTagInText=false :: " 1. The inline row displays a Save action, a “More opti"
  field4 fr-view=false escaped=false literalTagInText=false :: ""
C45042
  field0 fr-view=false escaped=false literalTagInText=false :: ""
  field1 fr-view=true escaped=false literalTagInText=false :: " 1. In the top menu click “Work Orders”, then open a wo"
  field2 fr-view=true escaped=false literalTagInText=false :: " 1. Enter description, quantity, cost, and sell price ("
  field3 fr-view=true escaped=false literalTagInText=false :: " 1. The part saves; part number and category are option"
  field4 fr-view=false escaped=false literalTagInText=false :: ""
C45043
  field0 fr-view=false escaped=false literalTagInText=false :: ""
  field1 fr-view=true escaped=false literalTagInText=false :: " 1. In the top menu click “Work Orders”, then open a wo"
  field2 fr-view=true escaped=false literalTagInText=false :: " 1. Save a valid six-field inline row. "
  field3 fr-view=true escaped=false literalTagInText=false :: " 1. The part is added at the top of the line's parts li"
  field4 fr-view=false escaped=false literalTagInText=false :: ""
C45044
  field0 fr-view=false escaped=false literalTagInText=false :: ""
  field1 fr-view=true escaped=false literalTagInText=false :: " 1. In the top menu click “Work Orders”, then open a wo"
  field2 fr-view=true escaped=false literalTagInText=false :: " 1. Select “More options” in the inline row. "
  field3 fr-view=true escaped=false literalTagInText=false :: " 1. The part details modal (titled “New Part Request” w"
  field4 fr-view=false escaped=false literalTagInText=false :: ""
C45045
  field0 fr-view=false escaped=false literalTagInText=false :: ""
  field1 fr-view=true escaped=false literalTagInText=false :: " 1. In the top menu click “Work Orders”, then open a wo"
  field2 fr-view=true escaped=false literalTagInText=false :: " 1. On the open inline part row (see Preconditions), se"
  field3 fr-view=true escaped=false literalTagInText=false :: " 1. All values already entered in the inline row carry "
  field4 fr-view=false escaped=false literalTagInText=false :: ""
C45046
  field0 fr-view=false escaped=false literalTagInText=false :: ""
  field1 fr-view=true escaped=false literalTagInText=false :: " 1. In the top menu click “Work Orders”, then open a wo"
  field2 fr-view=true escaped=false literalTagInText=false :: " 1. Complete the modal and select “Save Part”. "
  field3 fr-view=true escaped=false literalTagInText=false :: " 1. The part is added, the modal closes, and the inline"
  field4 fr-view=false escaped=false literalTagInText=false :: ""
C45047
  field0 fr-view=false escaped=false literalTagInText=false :: ""
  field1 fr-view=true escaped=false literalTagInText=false :: " 1. In the top menu click “Work Orders”, then open a wo"
  field2 fr-view=true escaped=false literalTagInText=false :: " 1. On the Full View inline add row, type some values, "
  field3 fr-view=true escaped=false literalTagInText=false :: " 1. Cancelling the part details modal - via, the X, or "
  field4 fr-view=false escaped=false literalTagInText=false :: ""
C45048
  field0 fr-view=false escaped=false literalTagInText=false :: ""
  field1 fr-view=true escaped=false literalTagInText=false :: " 1. In the top menu click “Work Orders”, then open a wo"
  field2 fr-view=true escaped=false literalTagInText=false :: " 1. Enter valid values and press Enter from any field. "
  field3 fr-view=true escaped=false literalTagInText=false :: " 1. Pressing Enter saves the row, matching the Tech Vie"
  field4 fr-view=false escaped=false literalTagInText=false :: ""
C45049
  field0 fr-view=false escaped=false literalTagInText=false :: ""
  field1 fr-view=true escaped=false literalTagInText=false :: " 1. In the top menu click “Work Orders”, then open a wo"
  field2 fr-view=true escaped=false literalTagInText=false :: " 1. With the inline row open, press Shift+Enter. "
  field3 fr-view=true escaped=false literalTagInText=false :: " 1. The “More options” part details modal (titled “New "
  field4 fr-view=false escaped=false literalTagInText=false :: ""
C45050
  field0 fr-view=false escaped=false literalTagInText=false :: ""
  field1 fr-view=true escaped=false literalTagInText=false :: " 1. In the top menu click “Work Orders”, then open a wo"
  field2 fr-view=true escaped=false literalTagInText=false :: " 1. Place the cursor in the description field and press"
  field3 fr-view=true escaped=false literalTagInText=false :: " 1. Tab moves the cursor forward through the row and do"
  field4 fr-view=false escaped=false literalTagInText=false :: ""
C45051
  field0 fr-view=false escaped=false literalTagInText=false :: ""
  field1 fr-view=true escaped=false literalTagInText=false :: " 1. In the top menu click “Work Orders”, then open a wo"
  field2 fr-view=true escaped=false literalTagInText=false :: " 1. With an empty inline row open, press Escape. "
  field3 fr-view=true escaped=false literalTagInText=false :: " 1. Escape closes the inline row, matching the Tech Vie"
  field4 fr-view=false escaped=false literalTagInText=false :: ""
C45052
  field0 fr-view=false escaped=false literalTagInText=false :: ""
  field1 fr-view=true escaped=false literalTagInText=false :: " 1. In the top menu click “Work Orders”, then open a wo"
  field2 fr-view=true escaped=false literalTagInText=false :: " 1. Click somewhere on the page outside the inline row."
  field3 fr-view=true escaped=false literalTagInText=false :: " 1. The inline row remains open and its data is preserv"
  field4 fr-view=false escaped=false literalTagInText=false :: ""
C45053
  field0 fr-view=false escaped=false literalTagInText=false :: ""
  field1 fr-view=true escaped=false literalTagInText=false :: " 1. In the top menu click “Work Orders”, then open a wo"
  field2 fr-view=true escaped=false literalTagInText=false :: " 1. On the open inline part row (see Preconditions), re"
  field3 fr-view=true escaped=false literalTagInText=false :: " 1. The keyboard hint legend additionally shows: ⇧Enter"
  field4 fr-view=false escaped=false literalTagInText=false :: ""
C45054
  field0 fr-view=false escaped=false literalTagInText=false :: ""
  field1 fr-view=true escaped=false literalTagInText=false :: " 1. In the top menu click “Work Orders”, then open a wo"
  field2 fr-view=true escaped=false literalTagInText=false :: " 1. Enter a free-typed description with cost and sell p"
  field3 fr-view=true escaped=false literalTagInText=false :: " 1. The Requested flow applies equally in Full View: th"
  field4 fr-view=false escaped=false literalTagInText=false :: ""
C45055
  field0 fr-view=false escaped=false literalTagInText=false :: ""
  field1 fr-view=true escaped=false literalTagInText=false :: " 1. In the top menu click “Work Orders”, then open a wo"
  field2 fr-view=true escaped=false literalTagInText=false :: " 1. Type text that has no catalog match into the part n"
  field3 fr-view=true escaped=false literalTagInText=false :: " 1. The typeahead ends with a “Create <typed text> as a"
  field4 fr-view=false escaped=false literalTagInText=false :: ""
C45056
  field0 fr-view=false escaped=false literalTagInText=false :: ""
  field1 fr-view=true escaped=false literalTagInText=false :: " 1. In the top menu click “Work Orders”, then open a wo"
  field2 fr-view=true escaped=false literalTagInText=false :: " 1. Leave cost and sell price empty (with other fields "
  field3 fr-view=true escaped=false literalTagInText=false :: " 1. The row does not save and the single combined messa"
  field4 fr-view=false escaped=false literalTagInText=false :: ""
C45057
  field0 fr-view=false escaped=false literalTagInText=false :: ""
  field1 fr-view=true escaped=false literalTagInText=false :: " 1. In the top menu click “Work Orders”, then open a wo"
  field2 fr-view=true escaped=false literalTagInText=false :: " 1. With an incomplete row (missing required fields), s"
  field3 fr-view=true escaped=false literalTagInText=false :: " 1. Validation is not enforced when More Options is sel"
  field4 fr-view=false escaped=false literalTagInText=false :: ""
C45058
  field0 fr-view=false escaped=false literalTagInText=false :: ""
  field1 fr-view=true escaped=false literalTagInText=false :: " 1. In the top menu click “Work Orders”, then open a wo"
  field2 fr-view=true escaped=false literalTagInText=false :: " 1. Enter a non-numeric value, then a negative value, i"
  field3 fr-view=true escaped=false literalTagInText=false :: " 1. The row does not save and the message names the fie"
  field4 fr-view=false escaped=false literalTagInText=false :: ""
C45059
  field0 fr-view=false escaped=false literalTagInText=false :: ""
  field1 fr-view=true escaped=false literalTagInText=false :: " 1. In the top menu click “Work Orders”, then open a wo"
  field2 fr-view=true escaped=false literalTagInText=false :: " 1. Enter a sell price lower than the cost and Save. "
  field3 fr-view=true escaped=false literalTagInText=false :: " 1. A non-blocking note is displayed in the row: “Sell "
  field4 fr-view=false escaped=false literalTagInText=false :: ""
C45060
  field0 fr-view=false escaped=false literalTagInText=false :: ""
  field1 fr-view=true escaped=false literalTagInText=false :: " 1. In the top menu click “Work Orders”, then open a wo"
  field2 fr-view=true escaped=false literalTagInText=false :: " 1. On the open inline part row (see Preconditions), se"
  field3 fr-view=true escaped=false literalTagInText=false :: " 1. Where the part picked is a catalogue part — the pic"
  field4 fr-view=false escaped=false literalTagInText=false :: ""
C45061
  field0 fr-view=false escaped=false literalTagInText=false :: ""
  field1 fr-view=true escaped=false literalTagInText=false :: " 1. In the top menu click “Work Orders”, then open a wo"
  field2 fr-view=true escaped=false literalTagInText=false :: " 1. Have the work order move to a status that does not "
  field3 fr-view=true escaped=false literalTagInText=false :: " 1. The save fails and the alert “This work order can n"
  field4 fr-view=false escaped=false literalTagInText=false :: ""
C45062
  field0 fr-view=false escaped=false literalTagInText=false :: ""
  field1 fr-view=true escaped=false literalTagInText=false :: " 1. In the top menu click “Work Orders”, then open a wo"
  field2 fr-view=true escaped=false literalTagInText=false :: " 1. Cause the save to fail for a reason other than an e"
  field3 fr-view=true escaped=false literalTagInText=false :: " 1. An alert toast is shown: “Couldn't add the part. Pl"
  field4 fr-view=false escaped=false literalTagInText=false :: ""
C53477
  field0 fr-view=false escaped=false literalTagInText=false :: ""
  field1 fr-view=true escaped=false literalTagInText=false :: " 1. In the top menu click “Work Orders”, then open a wo"
  field2 fr-view=true escaped=false literalTagInText=false :: " 1. In a work order line’s Parts section, click “Add Pa"
  field3 fr-view=true escaped=false literalTagInText=false :: " 1. The inline add row shows only three fields: descrip"
  field4 fr-view=false escaped=false literalTagInText=false :: ""
C45063
  field0 fr-view=false escaped=false literalTagInText=false :: ""
  field1 fr-view=true escaped=false literalTagInText=false :: " 1. In the top menu click “Work Orders”, then open a wo"
  field2 fr-view=true escaped=false literalTagInText=false :: " 1. In the work order line's Parts section (see Precond"
  field3 fr-view=true escaped=false literalTagInText=false :: " 1. The part details modal (titled “New Part Request” w"
  field4 fr-view=false escaped=false literalTagInText=false :: ""
C45064
  field0 fr-view=false escaped=false literalTagInText=false :: ""
  field1 fr-view=true escaped=false literalTagInText=false :: " 1. In the top menu click “Work Orders”, then open a wo"
  field2 fr-view=true escaped=false literalTagInText=false :: " 1. In the work order line's Parts section (see Precond"
  field3 fr-view=true escaped=false literalTagInText=false :: " 1. There is no inline edit row for Full View users; th"
  field4 fr-view=false escaped=false literalTagInText=false :: ""
C45065
  field0 fr-view=false escaped=false literalTagInText=false :: ""
  field1 fr-view=true escaped=false literalTagInText=false :: " 1. In the top menu click “Work Orders”, then open a wo"
  field2 fr-view=true escaped=false literalTagInText=false :: " 1. Change a value and save from the modal. "
  field3 fr-view=true escaped=false literalTagInText=false :: " 1. The part line is updated and the modal closes.2. No"
  field4 fr-view=false escaped=false literalTagInText=false :: ""
C45066
  field0 fr-view=false escaped=false literalTagInText=false :: ""
  field1 fr-view=true escaped=false literalTagInText=false :: " 1. In the top menu click “Work Orders”, then open a wo"
  field2 fr-view=true escaped=false literalTagInText=false :: " 1. Hover or focus an existing part line. "
  field3 fr-view=true escaped=false literalTagInText=false :: " 1. The Edit control is not displayed.---This is the ex"
  field4 fr-view=false escaped=false literalTagInText=false :: ""
C45067
  field0 fr-view=false escaped=false literalTagInText=false :: ""
  field1 fr-view=true escaped=false literalTagInText=false :: " 1. In the top menu click “Work Orders”, then open a wo"
  field2 fr-view=true escaped=false literalTagInText=false :: " 1. Cancel the modal. "
  field3 fr-view=true escaped=false literalTagInText=false :: " 1. The changes are discarded and the part line is left"
  field4 fr-view=false escaped=false literalTagInText=false :: ""
C45068
  field0 fr-view=false escaped=false literalTagInText=false :: ""
  field1 fr-view=true escaped=false literalTagInText=false :: " 1. In the top menu click “Work Orders”, then open a wo"
  field2 fr-view=true escaped=false literalTagInText=false :: " 1. In the work order line's Parts section (see Precond"
  field3 fr-view=true escaped=false literalTagInText=false :: " 1. The S6-R5 confirmation applies before the part deta"
  field4 fr-view=false escaped=false literalTagInText=false :: ""
C45069
  field0 fr-view=false escaped=false literalTagInText=false :: ""
  field1 fr-view=true escaped=false literalTagInText=false :: " 1. In the top menu click “Work Orders”, then open a wo"
  field2 fr-view=true escaped=false literalTagInText=false :: " 1. Select the row’s close control (the “×” at the end "
  field3 fr-view=true escaped=false literalTagInText=false :: " 1. A confirmation is displayed — Title: “Discard this "
  field4 fr-view=false escaped=false literalTagInText=false :: ""
C45070
  field0 fr-view=false escaped=false literalTagInText=false :: ""
  field1 fr-view=true escaped=false literalTagInText=false :: " 1. In the top menu click “Work Orders”, then open a wo"
  field2 fr-view=true escaped=false literalTagInText=false :: " 1. Select the row’s close control (the “×” at the end "
  field3 fr-view=true escaped=false literalTagInText=false :: " 1. The same confirmation is shown with edit wording — "
  field4 fr-view=false escaped=false literalTagInText=false :: ""
C45071
  field0 fr-view=false escaped=false literalTagInText=false :: ""
  field1 fr-view=true escaped=false literalTagInText=false :: " 1. In the top menu click “Work Orders”, then open a wo"
  field2 fr-view=true escaped=false literalTagInText=false :: " 1. On the discard confirmation dialog (see Preconditio"
  field3 fr-view=true escaped=false literalTagInText=false :: " 1. The confirmation closes and the user is returned to"
  field4 fr-view=false escaped=false literalTagInText=false :: ""
C45072
  field0 fr-view=false escaped=false literalTagInText=false :: ""
  field1 fr-view=true escaped=false literalTagInText=false :: " 1. In the top menu click “Work Orders”, then open a wo"
  field2 fr-view=true escaped=false literalTagInText=false :: " 1. Select “Discard Part” on an add row.2. Repeat on an"
  field3 fr-view=true escaped=false literalTagInText=false :: " 1. On an add row the inline row closes without saving."
  field4 fr-view=false escaped=false literalTagInText=false :: ""
C45073
  field0 fr-view=false escaped=false literalTagInText=false :: ""
  field1 fr-view=true escaped=false literalTagInText=false :: " 1. In the top menu click “Work Orders”, then open a wo"
  field2 fr-view=true escaped=false literalTagInText=false :: " 1. Trigger navigation away from the work order via bro"
  field3 fr-view=true escaped=false literalTagInText=false :: " 1. A confirmation is displayed — Title: “Leave without"
  field4 fr-view=false escaped=false literalTagInText=false :: ""
C45074
  field0 fr-view=false escaped=false literalTagInText=false :: ""
  field1 fr-view=true escaped=false literalTagInText=false :: " 1. In the top menu click “Work Orders”, then open a wo"
  field2 fr-view=true escaped=false literalTagInText=false :: " 1. Select “Add Part” on another work order line, or Ed"
  field3 fr-view=true escaped=false literalTagInText=false :: " 1. The S6-R1 confirmation is displayed.2. Selecting “D"
  field4 fr-view=false escaped=false literalTagInText=false :: ""
C45075
  field0 fr-view=false escaped=false literalTagInText=false :: ""
  field1 fr-view=true escaped=false literalTagInText=false :: " 1. In the top menu click “Work Orders”, then open a wo"
  field2 fr-view=true escaped=false literalTagInText=false :: " 1. Attempt to open a second inline row elsewhere on th"
  field3 fr-view=true escaped=false literalTagInText=false :: " 1. Only one inline row may be open on a work order at "
  field4 fr-view=false escaped=false literalTagInText=false :: ""
C45076
  field0 fr-view=false escaped=false literalTagInText=false :: ""
  field1 fr-view=true escaped=false literalTagInText=false :: " 1. In the top menu click “Work Orders”, then open a wo"
  field2 fr-view=true escaped=false literalTagInText=false :: " 1. On the open inline part row (see Preconditions), se"
  field3 fr-view=true escaped=false literalTagInText=false :: " 1. The row closes immediately with no confirmation.---"
  field4 fr-view=false escaped=false literalTagInText=false :: ""
C45077
  field0 fr-view=false escaped=false literalTagInText=false :: ""
  field1 fr-view=true escaped=false literalTagInText=false :: " 1. In the top menu click “Work Orders”, then open a wo"
  field2 fr-view=true escaped=false literalTagInText=false :: " 1. Navigate away from the work order. "
  field3 fr-view=true escaped=false literalTagInText=false :: " 1. Navigation proceeds immediately with no confirmatio"
  field4 fr-view=false escaped=false literalTagInText=false :: ""
C45078
  field0 fr-view=false escaped=false literalTagInText=false :: ""
  field1 fr-view=true escaped=false literalTagInText=false :: " 1. In the top menu click “Work Orders”, then open a wo"
  field2 fr-view=true escaped=false literalTagInText=false :: " 1. Close the edit row, or navigate away. "
  field3 fr-view=true escaped=false literalTagInText=false :: " 1. Closing it or navigating away proceeds immediately "
  field4 fr-view=false escaped=false literalTagInText=false :: ""
C45079
  field0 fr-view=false escaped=false literalTagInText=false :: ""
  field1 fr-view=true escaped=false literalTagInText=false :: " 1. In the top menu click “Work Orders”, then open a wo"
  field2 fr-view=true escaped=false literalTagInText=false :: " 1. Navigate away from the work order. "
  field3 fr-view=true escaped=false literalTagInText=false :: " 1. Navigation is unaffected; no confirmation is shown."
  field4 fr-view=false escaped=false literalTagInText=false :: ""
C45080
  field0 fr-view=false escaped=false literalTagInText=false :: ""
  field1 fr-view=true escaped=false literalTagInText=false :: " 1. In the top menu click “Work Orders”, then open a wo"
  field2 fr-view=true escaped=false literalTagInText=false :: " 1. Click somewhere on the page outside the inline row."
  field3 fr-view=true escaped=false literalTagInText=false :: " 1. Clicking outside is not treated as navigating away "
  field4 fr-view=false escaped=false literalTagInText=false :: ""
C45081
  field0 fr-view=false escaped=false literalTagInText=false :: ""
  field1 fr-view=true escaped=false literalTagInText=false :: " 1. In the top menu click “Work Orders”, then open a wo"
  field2 fr-view=true escaped=false literalTagInText=false :: " 1. Save an inline row so the follow-on empty row opens"
  field3 fr-view=true escaped=false literalTagInText=false :: " 1. The untouched follow-on empty row does not trigger "
  field4 fr-view=false escaped=false literalTagInText=false :: ""
C45082
  field0 fr-view=false escaped=false literalTagInText=false :: ""
  field1 fr-view=true escaped=false literalTagInText=false :: " 1. In the top menu click “Work Orders”, then open a wo"
  field2 fr-view=true escaped=false literalTagInText=false :: " 1. On the navigate-away confirmation dialog (see Preco"
  field3 fr-view=true escaped=false literalTagInText=false :: " 1. The entered part is discarded and the navigation th"
  field4 fr-view=false escaped=false literalTagInText=false :: ""
C45083
  field0 fr-view=false escaped=false literalTagInText=false :: ""
  field1 fr-view=true escaped=false literalTagInText=false :: " 1. In the top menu click “Work Orders”, then open a wo"
  field2 fr-view=true escaped=false literalTagInText=false :: " 1. Select “Stay on Work Order”. "
  field3 fr-view=true escaped=false literalTagInText=false :: " 1. The navigation is cancelled, the user stays on the "
  field4 fr-view=false escaped=false literalTagInText=false :: ""
C45221
  field0 fr-view=false escaped=false literalTagInText=false :: ""
  field1 fr-view=true escaped=false literalTagInText=false :: " 1. In the top menu click “Work Orders”, then open a wo"
  field2 fr-view=true escaped=false literalTagInText=false :: " 1. On the open inline part row (see Preconditions), lo"
  field3 fr-view=true escaped=false literalTagInText=false :: " 1. Each catalog part carries a set of bins.2. Every bi"
  field4 fr-view=false escaped=false literalTagInText=false :: ""
C45222
  field0 fr-view=false escaped=false literalTagInText=false :: ""
  field1 fr-view=true escaped=false literalTagInText=false :: " 1. In the top menu click “Work Orders”, then open a wo"
  field2 fr-view=true escaped=false literalTagInText=false :: " 1. Open the inline row and search the part number type"
  field3 fr-view=true escaped=false literalTagInText=false :: " 1. The result card shows the total inventory quantity "
  field4 fr-view=false escaped=false literalTagInText=false :: ""
C45223
  field0 fr-view=false escaped=false literalTagInText=false :: ""
  field1 fr-view=true escaped=false literalTagInText=false :: " 1. In the top menu click “Work Orders”, then open a wo"
  field2 fr-view=true escaped=false literalTagInText=false :: " 1. On the open inline part row (see Preconditions), se"
  field3 fr-view=true escaped=false literalTagInText=false :: " 1. When the Default bin covers the quantity, the full "
  field4 fr-view=false escaped=false literalTagInText=false :: ""
C45224
  field0 fr-view=false escaped=false literalTagInText=false :: ""
  field1 fr-view=true escaped=false literalTagInText=false :: " 1. In the top menu click “Work Orders”, then open a wo"
  field2 fr-view=true escaped=false literalTagInText=false :: " 1. Select a stocked catalog part and look below the in"
  field3 fr-view=true escaped=false literalTagInText=false :: " 1. While an allocation exists, it is displayed below t"
  field4 fr-view=false escaped=false literalTagInText=false :: ""
C45225
  field0 fr-view=false escaped=false literalTagInText=false :: ""
  field1 fr-view=true escaped=false literalTagInText=false :: " 1. In the top menu click “Work Orders”, then open a wo"
  field2 fr-view=true escaped=false literalTagInText=false :: " 1. Allocate the whole quantity to a single bin and rea"
  field3 fr-view=true escaped=false literalTagInText=false :: " 1. For a single-bin allocation the chip label is the b"
  field4 fr-view=false escaped=false literalTagInText=false :: ""
C45226
  field0 fr-view=false escaped=false literalTagInText=false :: ""
  field1 fr-view=true escaped=false literalTagInText=false :: " 1. In the top menu click “Work Orders”, then open a wo"
  field2 fr-view=true escaped=false literalTagInText=false :: " 1. Select the “Pulled from” chip. "
  field3 fr-view=true escaped=false literalTagInText=false :: " 1. A picker opens listing every bin in catalog order, "
  field4 fr-view=false escaped=false literalTagInText=false :: ""
C45227
  field0 fr-view=false escaped=false literalTagInText=false :: ""
  field1 fr-view=true escaped=false literalTagInText=false :: " 1. In the top menu click “Work Orders”, then open a wo"
  field2 fr-view=true escaped=false literalTagInText=false :: " 1. Choose a bin other than the current one from the pi"
  field3 fr-view=true escaped=false literalTagInText=false :: " 1. The full quantity moves into the chosen bin.2. The "
  field4 fr-view=false escaped=false literalTagInText=false :: ""
C45228
  field0 fr-view=false escaped=false literalTagInText=false :: ""
  field1 fr-view=true escaped=false literalTagInText=false :: " 1. In the top menu click “Work Orders”, then open a wo"
  field2 fr-view=true escaped=false literalTagInText=false :: " 1. Allocate a quantity larger than the chosen bin's on"
  field3 fr-view=true escaped=false literalTagInText=false :: " 1. Allocating more than a bin's on-hand quantity is pe"
  field4 fr-view=false escaped=false literalTagInText=false :: ""
C45229
  field0 fr-view=false escaped=false literalTagInText=false :: ""
  field1 fr-view=true escaped=false literalTagInText=false :: " 1. In the top menu click “Work Orders”, then open a wo"
  field2 fr-view=true escaped=false literalTagInText=false :: " 1. Look at the chip and the note beside it. "
  field3 fr-view=true escaped=false literalTagInText=false :: " 1. The chip is shown in warning styling.2. This warnin"
  field4 fr-view=false escaped=false literalTagInText=false :: ""
C45230
  field0 fr-view=false escaped=false literalTagInText=false :: ""
  field1 fr-view=true escaped=false literalTagInText=false :: " 1. In the top menu click “Work Orders”, then open a wo"
  field2 fr-view=true escaped=false literalTagInText=false :: " 1. Look at the note beside the chip. "
  field3 fr-view=true escaped=false literalTagInText=false :: " 1. This informational note is displayed beside the chi"
  field4 fr-view=false escaped=false literalTagInText=false :: ""
C45231
  field0 fr-view=false escaped=false literalTagInText=false :: ""
  field1 fr-view=true escaped=false literalTagInText=false :: " 1. In the top menu click “Work Orders”, then open a wo"
  field2 fr-view=true escaped=false literalTagInText=false :: " 1. With a manually chosen single bin, change the quant"
  field3 fr-view=true escaped=false literalTagInText=false :: " 1. When the user manually chose a single bin, that bin"
  field4 fr-view=false escaped=false literalTagInText=false :: ""
C45232
  field0 fr-view=false escaped=false literalTagInText=false :: ""
  field1 fr-view=true escaped=false literalTagInText=false :: " 1. In the top menu click “Work Orders”, then open a wo"
  field2 fr-view=true escaped=false literalTagInText=false :: " 1. As a Tech View user, select “Split across bins…” an"
  field3 fr-view=true escaped=false literalTagInText=false :: " 1. For a Tech View user - and for a Full View user WIT"
  field4 fr-view=false escaped=false literalTagInText=false :: ""
C45233
  field0 fr-view=false escaped=false literalTagInText=false :: ""
  field1 fr-view=true escaped=false literalTagInText=false :: " 1. In the top menu click “Work Orders”, then open a wo"
  field2 fr-view=true escaped=false literalTagInText=false :: " 1. Inspect the modal's rows and actions.2. Select the "
  field3 fr-view=true escaped=false literalTagInText=false :: " 1. The modal lists one row per bin, each showing name,"
  field4 fr-view=false escaped=false literalTagInText=false :: ""
C45234
  field0 fr-view=false escaped=false literalTagInText=false :: ""
  field1 fr-view=true escaped=false literalTagInText=false :: " 1. In the top menu click “Work Orders”, then open a wo"
  field2 fr-view=true escaped=false literalTagInText=false :: " 1. Enter allocations across two or more bins and selec"
  field3 fr-view=true escaped=false literalTagInText=false :: " 1. The split is written back to the inline row.2. The "
  field4 fr-view=false escaped=false literalTagInText=false :: ""
C45235
  field0 fr-view=false escaped=false literalTagInText=false :: ""
  field1 fr-view=true escaped=false literalTagInText=false :: " 1. In the top menu click “Work Orders”, then open a wo"
  field2 fr-view=true escaped=false literalTagInText=false :: " 1. Look at the row for the already-negative bin.2. Ent"
  field3 fr-view=true escaped=false literalTagInText=false :: " 1. Bins already at a negative on-hand quantity are dis"
  field4 fr-view=false escaped=false literalTagInText=false :: ""
C45236
  field0 fr-view=false escaped=false literalTagInText=false :: ""
  field1 fr-view=true escaped=false literalTagInText=false :: " 1. In the top menu click “Work Orders”, then open a wo"
  field2 fr-view=true escaped=false literalTagInText=false :: " 1. Open the Tech View inline edit row on a part that a"
  field3 fr-view=true escaped=false literalTagInText=false :: " 1. The inline edit row carries the same chip, picker, "
  field4 fr-view=false escaped=false literalTagInText=false :: ""
C45237
  field0 fr-view=false escaped=false literalTagInText=false :: ""
  field1 fr-view=true escaped=false literalTagInText=false :: " 1. In the top menu click “Work Orders”, then open a wo"
  field2 fr-view=true escaped=false literalTagInText=false :: " 1. Allocate a bin, save the part, and look at the save"
  field3 fr-view=true escaped=false literalTagInText=false :: " 1. The allocation is stored with the part line on save"
  field4 fr-view=false escaped=false literalTagInText=false :: ""
C45238
  field0 fr-view=false escaped=false literalTagInText=false :: ""
  field1 fr-view=true escaped=false literalTagInText=false :: " 1. In the top menu click “Work Orders”, then open a wo"
  field2 fr-view=true escaped=false literalTagInText=false :: " 1. From the row's last field, Tab toward the chip (per"
  field3 fr-view=true escaped=false literalTagInText=false :: " 1. The “Pulled from” chip is reachable by Tab; it is t"
  field4 fr-view=false escaped=false literalTagInText=false :: ""
C45239
  field0 fr-view=false escaped=false literalTagInText=false :: ""
  field1 fr-view=true escaped=false literalTagInText=false :: " 1. In the top menu click “Work Orders”, then open a wo"
  field2 fr-view=true escaped=false literalTagInText=false :: " 1. On the open inline part row (see Preconditions), se"
  field3 fr-view=true escaped=false literalTagInText=false :: " 1. The part gets no allocation and no chip.2. The “Pul"
  field4 fr-view=false escaped=false literalTagInText=false :: ""
C45240
  field0 fr-view=false escaped=false literalTagInText=false :: ""
  field1 fr-view=true escaped=false literalTagInText=false :: " 1. In the top menu click “Work Orders”, then open a wo"
  field2 fr-view=true escaped=false literalTagInText=false :: " 1. Free-type a description with no catalog part select"
  field3 fr-view=true escaped=false literalTagInText=false :: " 1. A part not linked to the catalog gets no allocation"
  field4 fr-view=false escaped=false literalTagInText=false :: ""
C45242
  field0 fr-view=false escaped=false literalTagInText=false :: ""
  field1 fr-view=true escaped=false literalTagInText=false :: " 1. In the top menu click “Work Orders”, then open a wo"
  field2 fr-view=true escaped=false literalTagInText=false :: " 1. On the open inline part row (see Preconditions), se"
  field3 fr-view=true escaped=false literalTagInText=false :: " 1. When the Default bin covers the quantity, no note i"
  field4 fr-view=false escaped=false literalTagInText=false :: ""
C45243
  field0 fr-view=false escaped=false literalTagInText=false :: ""
  field1 fr-view=true escaped=false literalTagInText=false :: " 1. In the top menu click “Work Orders”, then open a wo"
  field2 fr-view=true escaped=false literalTagInText=false :: " 1. On the open inline part row (see Preconditions), cr"
  field3 fr-view=true escaped=false literalTagInText=false :: " 1. A split allocation never shows the takes-negative w"
  field4 fr-view=false escaped=false literalTagInText=false :: ""
