IN0 []
ROWS all+search 11 ["","location_on Approved 4 S10043-17584 ZZAUTOTEST Regression Walk Freightliner Em2 106 RW-1 2","location_on Approved 2 S10043-17585 ZZAUTOTEST Regression Walk Freightliner Em2 106 RW-1 0"]
URL https://sv10043.qa.shopview.com/workorders?search=ZZAUTOTEST+Regression+Walk
AFTER Estimates IN []
URL https://sv10043.qa.shopview.com/workorders?tab=estimate
rows 33 ["","location_on Estimate 2 S2-17358 Andreasen Truck & Equipment Re.. WESTERN STAR 49X CHASSIS ","location_on Estimate 10 S2-15937 Buda Truck Repair INTERNATIONAL CV515 854 1HTKTSWK4RH4425"]
HEADS ["On Site","Status","Number","Customer","Asset","Unit","VIN/Serial #","Progress","Service Advisor","Lead Technician","Clocked In","Lines","Total Price","Created On"]
SORTABLE ["On Site","Status","Number","Customer","Asset","Unit","VIN/Serial #","Service Advisor","Lead Technician","Clocked In","Lines","Total Price","Created On"]
SORT On Site | ,Approved
4,Approved
2,Paid,Estimate,Approved,Approved,Invoiced,Approved
2,,$2,511.27 || ,Approved
4,Approved
2,Paid,Estimate,Approved,Approved,Invoiced,Approved
2,,$2,511.27
SORT Status | ,S10043-17584,S10043-17585,S10043-17588,S10043-17589,S10043-17582,S10043-17583,S10043-17587,S10043-17586,, || ,S10043-17586,S10043-17587,S10043-17583,S10043-17584,S10043-17585,S10043-17588,S10043-17589,S10043-17582,,
SORT Number | ,ZZAUTOTEST Regression Wal,ZZAUTOTEST Regression Wal,ZZAUTOTEST Regression Wal,ZZAUTOTEST Regression Wal,ZZAUTOTEST Regression Wal,ZZAUTOTEST Regression Wal,ZZAUTOTEST Regression Wal,ZZAUTOTEST Regression Wal,, || ,ZZAUTOTEST Regression Wal,ZZAUTOTEST Regression Wal,ZZAUTOTEST Regression Wal,ZZAUTOTEST Regression Wal,ZZAUTOTEST Regression Wal,ZZAUTOTEST Regression Wal,ZZAUTOTEST Regression Wal,ZZAUTOTEST Regression Wal,,
SORT Customer | ,Freightliner Em2 106,Freightliner Em2 106,Freightliner Em2 106,Freightliner Em2 106,Freightliner Em2 106,Freightliner Em2 106,Freightliner Em2 106,Freightliner Em2 106,, || ,Freightliner Em2 106,Freightliner Em2 106,Freightliner Em2 106,Freightliner Em2 106,Freightliner Em2 106,Freightliner Em2 106,Freightliner Em2 106,Freightliner Em2 106,,
SORT Asset | ,RW-1,RW-1,RW-1,RW-1,RW-1,RW-1,RW-1,RW-1,, || ,RW-1,RW-1,RW-1,RW-1,RW-1,RW-1,RW-1,RW-1,,
SORT Unit | ,,,1FVACWDT1BDAZ0001
content,,1FVACWDT1BDAZ0001
content,1FVACWDT1BDAZ0001
content,1FVACWDT1BDAZ0001
content,,, || ,,,1FVACWDT1BDAZ0001
content,,1FVACWDT1BDAZ0001
content,1FVACWDT1BDAZ0001
content,1FVACWDT1BDAZ0001
content,,,
SORT VIN/Serial # | ,2%,0%,0%,0%,0%,0%,0%,0%,, || ,0%,0%,0%,0%,2%,0%,0%,0%,,
SORT Service Advisor | ,Unassigned,ZZAUTOTEST Ana Alpha,ZZAUTOTEST Ana Alpha,Unassigned,Unassigned,Unassigned,ZZAUTOTEST Ana Alpha,ZZAUTOTEST Cal Charlie,, || ,Unassigned,ZZAUTOTEST Ana Alpha,ZZAUTOTEST Ana Alpha,Unassigned,Unassigned,Unassigned,ZZAUTOTEST Ana Alpha,ZZAUTOTEST Cal Charlie,,
SORT Lead Technician | ,,,,,,,,,, || ,,,,,,,,,,
SORT Clocked In | ,2,1,1,0,2,2,1,2,, || ,2,1,1,0,2,2,1,2,,
SORT Lines | ,-,$260.98,$173.98,$173.98,$521.96,$434.96,$434.96,$510.45,, || ,$521.96,$434.96,$434.96,$510.45,$260.98,$173.98,$173.98,-,,
SORT Total Price | ,Today,Today,Today,Today,Today,Today,Today,Today,, || ,Today,Today,Today,Today,Today,Today,Today,Today,,
SORT Created On | ,,,,,,,,,, || ,,,,,,,,,,
URL after sorts https://sv10043.qa.shopview.com/workorders?search=ZZAUTOTEST+Regression+Walk
PAGER d 2 $521.96 Today location_on Estimate S10043-17583 ZZAUTOTEST Regression Walk Freightliner Em2 106 RW-1 0% Admin ShopView Unassigned 0 - Today location_on Approved 2 S10043-17582 ZZAUTOTEST Regression Walk Freightliner Em2 106 RW-1 0% Admin ShopView ZZAUTOTEST Cal Charlie 2 $510.45 Today $2,511.27 
