URL https://sv10043.qa.shopview.com/workorders?search=ZZAUTOTEST+Regression+Walk
THS ["0:On Site:true","1:Status:true","2:Number:true","3:Customer:true","4:Asset:true","5:Unit:true","6:VIN/Serial #:true","7:Progress:false","8:Service Advisor:true","9:Lead Technician:true","10:Clocked In:true","11:Lines:true","12:Total Price:true","13:Created On:true"]
SORT On Site ASC |location_on|location_on|location_on|location_on|location_on|location_on|location_on|location_on|| DESC |location_on|location_on|location_on|location_on|location_on|location_on|location_on|location_on||
SORT Status ASC Approved 4|Approved 2|Approved|Approved|Approved 2|Estimate|Invoiced|Paid|$2,511.27 DESC Paid|Invoiced|Estimate|Approved 4|Approved 2|Approved|Approved|Approved 2|$2,511.27
SORT Number ASC S10043-17582|S10043-17583|S10043-17584|S10043-17585|S10043-17586|S10043-17587|S10043-17588|S10043-17589 DESC S10043-17589|S10043-17588|S10043-17587|S10043-17586|S10043-17585|S10043-17584|S10043-17583|S10043-17582
SORT Customer ASC ZZAUTOTEST Regression |ZZAUTOTEST Regression |ZZAUTOTEST Regression |ZZAUTOTEST Regression |ZZAUTOTEST Regression |ZZAUTOTEST Regression |ZZAUTOTEST Regression |ZZAUTOTEST Regression  DESC ZZAUTOTEST Regression |ZZAUTOTEST Regression |ZZAUTOTEST Regression |ZZAUTOTEST Regression |ZZAUTOTEST Regression |ZZAUTOTEST Regression |ZZAUTOTEST Regression |ZZAUTOTEST Regression 
SORT Asset ASC Freightliner Em2 106|Freightliner Em2 106|Freightliner Em2 106|Freightliner Em2 106|Freightliner Em2 106|Freightliner Em2 106|Freightliner Em2 106|Freightliner Em2 106 DESC Freightliner Em2 106|Freightliner Em2 106|Freightliner Em2 106|Freightliner Em2 106|Freightliner Em2 106|Freightliner Em2 106|Freightliner Em2 106|Freightliner Em2 106
SORT Unit ASC RW-1|RW-1|RW-1|RW-1|RW-1|RW-1|RW-1|RW-1 DESC RW-1|RW-1|RW-1|RW-1|RW-1|RW-1|RW-1|RW-1
SORT VIN/Serial # ASC ||||1FVACWDT1BDAZ0001 cont|1FVACWDT1BDAZ0001 cont|1FVACWDT1BDAZ0001 cont|1FVACWDT1BDAZ0001 cont DESC 1FVACWDT1BDAZ0001 cont|1FVACWDT1BDAZ0001 cont|1FVACWDT1BDAZ0001 cont|1FVACWDT1BDAZ0001 cont||||
SORT Service Advisor ASC Admin ShopView|Admin ShopView|Admin ShopView|Admin ShopView|Admin ShopView|Admin ShopView|Admin ShopView|Admin ShopView DESC Admin ShopView|Admin ShopView|Admin ShopView|Admin ShopView|Admin ShopView|Admin ShopView|Admin ShopView|Admin ShopView
SORT Lead Technician ASC Unassigned|Unassigned|Unassigned|Unassigned|ZZAUTOTEST Ana Alpha|ZZAUTOTEST Ana Alpha|ZZAUTOTEST Ana Alpha|ZZAUTOTEST Cal Charlie DESC ZZAUTOTEST Cal Charlie|ZZAUTOTEST Ana Alpha|ZZAUTOTEST Ana Alpha|ZZAUTOTEST Ana Alpha|Unassigned|Unassigned|Unassigned|Unassigned
SORT Clocked In ASC ||||||| DESC |||||||
SORT Lines ASC 0|1|1|1|2|2|2|2 DESC 2|2|2|2|1|1|1|0
SORT Total Price ASC -|$173.98|$173.98|$260.98|$434.96|$434.96|$510.45|$521.96 DESC $521.96|$510.45|$434.96|$434.96|$260.98|$173.98|$173.98|-
SORT Created On ASC Today|Today|Today|Today|Today|Today|Today|Today DESC Today|Today|Today|Today|Today|Today|Today|Today
URL2 https://sv10043.qa.shopview.com/workorders?search=ZZAUTOTEST+Regression+Walk
rows visible 33
scroller q-table__middle q-virtual-scroll q-virtual-scroll--vertical scroll base-table
rows after scroll 63
TAIL tent_copy 82% Gerald Ortiz Unassigned 18 $4,804.03 Aug 21, 2026 location_on Invoiced S2-17407 Leland Diesel & Fleet Repair Freightliner M2 N/A 3ALACXFD8KDLN7830 content_copy 76% Becky Gonzales Monique Turner 24 $6,564.73 Aug 21, 2026 location_on Paid S2-17406 Spanish Fork Diesel & Fleet Re.. KEN WORTH T880 - 1NKZLK0X7PJ260308 content_copy 96% Amy Medina Melanie Garner 2 - Aug 21, 2026 $159,505.55 
pager btns ["Tech View~person"]
