DAN c1ab3a04-fa78-4e89-bfdc-c58cc2fc76be null
after setLead  
woG lead ZZAUTOTEST Dan Delta
before STAFF name not found
before SCHED name not found
before BOARD name not found
IMP  Account Access Mode: ZZAUTOTEST Dan Delta in Staging Foothills Group 
top before initials:9 ZD
after upload red  
top after upload (no reload) -avatar/c1ab3a04-fa78-4e89-bfdc-c58cc2fc76be?t=1791467590520
top after reload -avatar/c1ab3a04-fa78-4e89-bfdc-c58cc2fc76be?t=1791467597923
red STAFF name not found
red SCHED m/view-avatar/c1ab3a04-fa78-4e89-bfdc-c58cc2fc76be
red BOARD name not found
IMP  Account Access Mode: ZZAUTOTEST Dan Delta in Staging Foothills Group 
top before -avatar/c1ab3a04-fa78-4e89-bfdc-c58cc2fc76be?t=1791467648511
after upload blue  
top after upload (no reload) -avatar/c1ab3a04-fa78-4e89-bfdc-c58cc2fc76be?t=1791467662361
top after reload -avatar/c1ab3a04-fa78-4e89-bfdc-c58cc2fc76be?t=1791467670207
blue STAFF name not found
blue SCHED m/view-avatar/c1ab3a04-fa78-4e89-bfdc-c58cc2fc76be
blue BOARD name not found
done
