Work In Progress S0 SA=false opts={"true":1,"false":1} first2=true,false txt=1 selected Total |Total rows=31
Work In Progress S4 click opt1 SA=false opts={"false":2} first2=false,false txt= Total |Total rows=31
Work In Progress S5 click opt1 again SA=false opts={"true":1,"false":1} first2=true,false txt=1 selected Total |Total rows=31
Work In Progress S6 select-all SA=true opts={"true":2} first2=true,true txt=2 selected Total |Total rows=31
Work In Progress S7 clear SA=false opts={"false":2} first2=false,false txt= Total |Total rows=31
Work In Progress closed btn place Location: No locations keyboard_arrow_down 
Technician Utilization S0 SA=true opts={"true":5} first2=true,true txt=5 selected Total  rows=6
Technician Utilization S4 click opt1 SA=false opts={"false":1,"true":4} first2=false,true txt=4 selected Total  rows=5
Technician Utilization S5 click opt1 again SA=true opts={"true":5} first2=true,true txt=5 selected Total  rows=6
Technician Utilization S6 select-all SA=false opts={"false":5} first2=false,false txt= Total  rows=0
Technician Utilization S7 clear SA=false opts={"false":5} first2=false,false txt= Total  rows=0
Technician Utilization closed btn person Technician: No technicians keyboard_arrow_down 
Sales By Representative S0 SA=false opts={"true":1,"false":1} first2=true,false txt=1 selected  rows=0
Sales By Representative S4 click opt1 SA=false opts={"false":2} first2=false,false txt=  rows=0
Sales By Representative S5 click opt1 again SA=false opts={"true":1,"false":1} first2=true,false txt=1 selected  rows=0
Sales By Representative S6 select-all SA=true opts={"true":2} first2=true,true txt=2 selected  rows=0
Sales By Representative S7 clear SA=false opts={"false":2} first2=false,false txt=  rows=0
Sales By Representative closed btn place Location: No locations keyboard_arrow_down 
Sales By Customer S0 SA=true opts={"mixed":1} first2=mixed txt=All customers are included. Pick one or more to narrow. Total rows=2
Sales By Customer S4 click opt1 SA=true opts={"true":1} first2=true txt=1 selected Total rows=2
Sales By Customer S5 click opt1 again SA=true opts={"mixed":1} first2=mixed txt=All customers are included. Pick one or more to narrow. Total rows=2
Sales By Customer S6 select-all SA=false opts={"false":1} first2=false txt= Total rows=2
Sales By Customer S7 no Clear button; select-all clicked again SA=true opts={"mixed":1} first2=mixed txt=All customers are included. Pick one or more to narrow. Total rows=2
Sales By Customer closed btn person Customer: All customers keyboard_arrow_down 
Parts Velocity S0 SA=true opts={"mixed":1042} first2=mixed,mixed txt=All vendors are included. Pick one or more to narrow.  rows=30
Parts Velocity S4 click opt1 SA=false opts={"true":1,"false":1041} first2=true,false txt=1 selected  rows=0
Parts Velocity S5 click opt1 again SA=true opts={"mixed":1042} first2=mixed,mixed txt=All vendors are included. Pick one or more to narrow.  rows=30
Parts Velocity S6 select-all SA=false opts={"false":1042} first2=false,false txt=  rows=30
Parts Velocity S7 no Clear button; select-all clicked again SA=true opts={"mixed":1042} first2=mixed,mixed txt=All vendors are included. Pick one or more to narrow.  rows=30
Parts Velocity closed btn local_shipping Vendor: All vendors keyboard_arrow_down 
Inventory Value S0 SA=true opts={"mixed":49} first2=mixed,mixed txt=All categories are included. Pick one or more to narrow. Total |Total  rows=31
Inventory Value S4 click opt1 SA=false opts={"true":1,"false":48} first2=true,false txt=1 selected Total |Total  rows=31
Inventory Value S5 click opt1 again SA=true opts={"mixed":49} first2=mixed,mixed txt=All categories are included. Pick one or more to narrow. Total |Total  rows=31
Inventory Value S6 select-all SA=false opts={"false":49} first2=false,false txt= Total |Total  rows=31
Inventory Value S7 no Clear button; select-all clicked again SA=true opts={"mixed":49} first2=mixed,mixed txt=All categories are included. Pick one or more to narrow. Total |Total  rows=31
Inventory Value closed btn list Category: All categories keyboard_arrow_down 
