Work In Progress START place Location: Staging Heavy D... keyboard_arrow_down cancel rows=31 Total
Work In Progress RESTORED place Location: Staging Heavy D... keyboard_arrow_down cancel rows=31 Total
Work In Progress CHANGED place Location: All locations keyboard_arrow_down cancel rows=31 Total url https://sv10043.qa.shopview.com/reports/work-in-progress?locationIds=b3c8c820-f815-4cf1-8938-10956c5ee71a&locationIds=f8a8b802-7780-4b16-bf10-343caeb616b2
Work In Progress RELOAD place Location: All locations keyboard_arrow_down cancel rows=31 Total url https://sv10043.qa.shopview.com/reports/work-in-progress?locationIds=b3c8c820-f815-4cf1-8938-10956c5ee71a&locationIds=f8a8b802-7780-4b16-bf10-343caeb616b2 notes 
Work In Progress FINAL place Location: Staging Heavy D... keyboard_arrow_down cancel
Sales By Representative START place Location: Staging Heavy D... keyboard_arrow_down cancel rows=0 
Sales By Representative RESTORED place Location: Staging Heavy D... keyboard_arrow_down cancel rows=0 
Sales By Representative CHANGED place Location: All locations keyboard_arrow_down cancel rows=0  url https://sv10043.qa.shopview.com/reports/sales-by-representative?locationIds=b3c8c820-f815-4cf1-8938-10956c5ee71a&locationIds=f8a8b802-7780-4b16-bf10-343caeb616b2
Sales By Representative RELOAD place Location: All locations keyboard_arrow_down cancel rows=0  url https://sv10043.qa.shopview.com/reports/sales-by-representative?locationIds=b3c8c820-f815-4cf1-8938-10956c5ee71a&locationIds=f8a8b802-7780-4b16-bf10-343caeb616b2 notes 
Sales By Representative FINAL place Location: Staging Heavy D... keyboard_arrow_down cancel
Technician Utilization START person Technician: All technicians keyboard_arrow_down cancel rows=6 Total 
Technician Utilization RESTORED person Technician: All technicians keyboard_arrow_down cancel rows=6 Total 
Technician Utilization CHANGED person Technician: 4 technicians keyboard_arrow_down cancel rows=5 Total  url https://sv10043.qa.shopview.com/reports/technician-utilization?deselectedTechnicianIds=7f85bc58-9ff5-4b50-b3f3-d85821069066
Technician Utilization RELOAD person Technician: 4 technicians keyboard_arrow_down cancel rows=5 Total  url https://sv10043.qa.shopview.com/reports/technician-utilization?deselectedTechnicianIds=7f85bc58-9ff5-4b50-b3f3-d85821069066 notes 
Technician Utilization FINAL person Technician: All technicians keyboard_arrow_down cancel
Sales By Customer START person Customer: All customers keyboard_arrow_down rows=2 Total
Sales By Customer RESTORED person Customer: All customers keyboard_arrow_down rows=2 Total
Sales By Customer CHANGED person Customer: All customers keyboard_arrow_down cancel rows=2 Total url https://sv10043.qa.shopview.com/reports/sales-by-customer?customerIds=e96eba51-d939-483a-881f-a4837380b998
Sales By Customer RELOAD person Customer: All customers keyboard_arrow_down cancel rows=2 Total url https://sv10043.qa.shopview.com/reports/sales-by-customer?customerIds=e96eba51-d939-483a-881f-a4837380b998 notes 
Sales By Customer FINAL person Customer: All customers keyboard_arrow_down
Parts Velocity START local_shipping Vendor: All vendors keyboard_arrow_down rows=30 
Parts Velocity RESTORED local_shipping Vendor: All vendors keyboard_arrow_down rows=30 
Parts Velocity CHANGED local_shipping Vendor: 5 Star Truck Re... keyboard_arrow_down cancel rows=0  url https://sv10043.qa.shopview.com/reports/parts-velocity?vendorIds=30078d30-2033-42cb-871d-48b97635a519
Parts Velocity RELOAD local_shipping Vendor: 5 Star Truck Re... keyboard_arrow_down cancel rows=0  url https://sv10043.qa.shopview.com/reports/parts-velocity?vendorIds=30078d30-2033-42cb-871d-48b97635a519 notes 
Parts Velocity FINAL local_shipping Vendor: All vendors keyboard_arrow_down
Inventory Value START list Category: All categories keyboard_arrow_down rows=31 Total
Inventory Value RESTORED list Category: All categories keyboard_arrow_down rows=31 Total
Inventory Value CHANGED list Category: Uncategorized keyboard_arrow_down cancel rows=31 Total url https://sv10043.qa.shopview.com/reports/inventory-value?categoryIds=b25c5c04-fe8d-4c21-a15c-a02c69f1ee5d
Inventory Value RELOAD list Category: Uncategorized keyboard_arrow_down cancel rows=31 Total url https://sv10043.qa.shopview.com/reports/inventory-value?categoryIds=b25c5c04-fe8d-4c21-a15c-a02c69f1ee5d notes 
Inventory Value FINAL list Category: All categories keyboard_arrow_down
