NWO dlg New Work Order close Customer ZZAUTOTEST Regression Walk arrow_drop_down Add Asset 2022 Freightliner Em2 106 RW-1 arrow_drop_down Add Asset Here? View open work orders Save
CONFIRM er Em2 106 RW-1 arrow_drop_down Add Asset Here? View open work orders Save || Confirmation close Are you sure you want to open a new work order? This customer is over their credit limit. Create Cancel
after save url https://sv10043.qa.shopview.com/workorders/c189ac8a-55ac-43ef-8615-a960d378abd6/lines
WO S10043-17588 https://sv10043.qa.shopview.com/workorders/c189ac8a-55ac-43ef-8615-a960d378abd6/lines
LR none
NEWLINE before save New Line AI SHOPCOACH LINE BUILDER close Title Service - Full grease service arrow_drop_down Line Approved Save & Add Line Save & Close
LR none
NEWLINE before save New Line AI SHOPCOACH LINE BUILDER close Title Service - Adjust clutch arrow_drop_down Line Approved Save & Add Line Save & Close
woE LINES Name/Description Actual/Estimate Progress Status Action Rate Margin Total expand_less 1 more_vert Service - Full grease service Preventative maintenane 0.00 / 1.00 0% Approved Complete $149.95 100% $149.95 Story Add tech story for this line Labor Unassigned more_vert Start $149.95 Parts add Add Part expand_less 2 more_vert Service - Adjust clutch Low Free Play 0.00 / 1.50 0% Approved Complete $149.95 100% $224.93 Story Add tech story for this line Labor Unassigned more_vert Start $224.93 Parts a
woE STATUS S10043-17588 Approved
NWO dlg New Work Order close Customer ZZAUTOTEST Regression Walk arrow_drop_down Add Asset 2022 Freightliner Em2 106 RW-1 arrow_drop_down Add Asset Here? View open work orders Save
CONFIRM er Em2 106 RW-1 arrow_drop_down Add Asset Here? View open work orders Save || Confirmation close Are you sure you want to open a new work order? This customer is over their credit limit. Create Cancel
after save url https://sv10043.qa.shopview.com/workorders/c4ac1b4c-cbc4-4ccd-b780-890ff44a66cb/lines
WO S10043-17589 https://sv10043.qa.shopview.com/workorders/c4ac1b4c-cbc4-4ccd-b780-890ff44a66cb/lines
LR none
NEWLINE before save New Line AI SHOPCOACH LINE BUILDER close Title Service - Full grease service arrow_drop_down Line Approved Save & Add Line Save & Close
LR none
NEWLINE before save New Line AI SHOPCOACH LINE BUILDER close Title Service - Adjust clutch arrow_drop_down Line Approved Save & Add Line Save & Close
woG LINES Name/Description Actual/Estimate Progress Status Action Rate Margin Total expand_less 1 more_vert Service - Full grease service Preventative maintenane 0.00 / 1.00 0% Approved Complete $149.95 100% $149.95 Story Add tech story for this line Labor Unassigned more_vert Start $149.95 Parts add Add Part expand_less 2 more_vert Service - Adjust clutch Low Free Play 0.00 / 1.50 0% Approved Complete $149.95 100% $224.93 Story Add tech story for this line Labor Unassigned more_vert Start $224.93 Parts a
woG STATUS S10043-17589 Approved
