=== Administrator ===
{"role":"Administrator","ch":201,"login":200,"rfrRend":true,"invRend":true,"setLineStatus":true,"btns":{"A":1,"D":1,"S":1,"C":1,"P":0},"core":{"ok":2,"notok":2},"partReturn":false,"woDelete":true,"finLoaded":true,"newPayment":true,"reverse":true,"credit":true,"woMenu":["Audit Log","Timesheets (1)","Delete Work Order"],"finMenu":["Audit Log","Timesheets (0)","Reverse","Issue Credit"]}
=== Service Manager ===
{"role":"Service Manager","ch":201,"login":200,"rfrRend":true,"invRend":true,"setLineStatus":true,"btns":{"A":1,"D":1,"S":1,"C":1,"P":0},"core":{"ok":2,"notok":2},"partReturn":false,"woDelete":true,"finLoaded":false,"newPayment":false,"reverse":false,"credit":false,"woMenu":["Audit Log","Timesheets (1)","Delete Work Order"],"finMenu":[]}
=== Service Advisor ===
{"role":"Service Advisor","ch":201,"login":200,"rfrRend":true,"invRend":true,"setLineStatus":true,"btns":{"A":1,"D":1,"S":1,"C":1,"P":0},"core":{"ok":2,"notok":2},"partReturn":false,"woDelete":true,"finLoaded":false,"newPayment":false,"reverse":false,"credit":false,"woMenu":["Audit Log","Timesheets (1)","Delete Work Order"],"finMenu":[]}
=== Service Advisor - No Reports ===
{"role":"Service Advisor - No Reports","ch":201,"login":200,"rfrRend":true,"invRend":true,"setLineStatus":true,"btns":{"A":1,"D":1,"S":1,"C":1,"P":0},"core":{"ok":2,"notok":2},"partReturn":false,"woDelete":true,"finLoaded":true,"newPayment":true,"reverse":true,"credit":true,"woMenu":["Audit Log","Timesheets (1)","Delete Work Order"],"finMenu":["Audit Log","Timesheets (0)","Reverse","Issue Credit"]}
=== Service Advisor Technician ===
{"role":"Service Advisor Technician","ch":201,"login":200,"rfrRend":true,"invRend":true,"setLineStatus":true,"btns":{"A":1,"D":1,"S":1,"C":1,"P":0},"core":{"ok":2,"notok":2},"partReturn":false,"woDelete":true,"finLoaded":false,"newPayment":false,"reverse":false,"credit":false,"woMenu":["Audit Log","Timesheets (1)","Delete Work Order"],"finMenu":[]}
=== Service Advisor - Limited View ===
{"role":"Service Advisor - Limited View","ch":201,"login":200,"rfrRend":true,"invRend":true,"setLineStatus":true,"btns":{"A":1,"D":1,"S":1,"C":1,"P":0},"core":{"ok":2,"notok":2},"partReturn":false,"woDelete":true,"finLoaded":true,"newPayment":true,"reverse":true,"credit":true,"woMenu":["Audit Log","Timesheets (1)","Delete Work Order"],"finMenu":["Audit Log","Timesheets (0)","Reverse","Issue Credit"]}
=== Foreman ===
{"role":"Foreman","ch":201,"login":200,"rfrRend":true,"invRend":true,"setLineStatus":true,"btns":{"A":1,"D":1,"S":1,"C":1,"P":0},"core":{"ok":2,"notok":2},"partReturn":false,"woDelete":true,"finLoaded":false,"newPayment":false,"reverse":false,"credit":false,"woMenu":["Audit Log","Timesheets (1)","Delete Work Order"],"finMenu":[]}
=== Technician ===
{"role":"Technician","ch":201,"login":200,"rfrRend":true,"invRend":true,"setLineStatus":true,"btns":{"A":0,"D":0,"S":1,"C":1,"P":0},"core":{"ok":2,"notok":2},"partReturn":false,"woDelete":true,"finLoaded":false,"newPayment":false,"reverse":false,"credit":false,"woMenu":["Audit Log","Timesheets (1)","Delete Work Order"],"finMenu":[]}
=== Parts Manager ===
{"role":"Parts Manager","ch":201,"login":200,"rfrRend":true,"invRend":true,"setLineStatus":true,"btns":{"A":0,"D":0,"S":1,"C":1,"P":0},"core":{"ok":2,"notok":2},"partReturn":false,"woDelete":true,"finLoaded":false,"newPayment":false,"reverse":false,"credit":false,"woMenu":["Audit Log","Timesheets (1)","Delete Work Order"],"finMenu":[]}
=== Parts Technician ===
{"role":"Parts Technician","ch":201,"login":200,"rfrRend":true,"invRend":true,"setLineStatus":true,"btns":{"A":0,"D":0,"S":1,"C":1,"P":0},"core":{"ok":2,"notok":2},"partReturn":false,"woDelete":true,"finLoaded":false,"newPayment":false,"reverse":false,"credit":false,"woMenu":["Audit Log","Timesheets (1)","Delete Work Order"],"finMenu":[]}
=== Sales Representative ===
{"role":"Sales Representative","ch":201,"login":200,"rfrRend":false,"invRend":true,"setLineStatus":false,"btns":{"A":0,"D":0,"S":0,"C":0,"P":0},"core":{"ok":0,"notok":0},"partReturn":false,"woDelete":false,"finLoaded":false,"newPayment":false,"reverse":false,"credit":false,"woMenu":[],"finMenu":[]}
=== Reporting ===
{"role":"Reporting","ch":201,"login":200,"setLineStatus":false,"btns":{},"core":{},"ERR":"Error: page.evaluate: Target page, context or browser has been closed"}
=== Office User ===
{"role":"Office User","ch":201,"login":200,"rfrRend":true,"invRend":true,"setLineStatus":false,"btns":{"A":0,"D":0,"S":0,"C":0,"P":0},"core":{"ok":2,"notok":2},"partReturn":false,"woDelete":true,"finLoaded":false,"newPayment":false,"reverse":false,"credit":false,"woMenu":["Audit Log","Timesheets (1)","Delete Work Order"],"finMenu":[]}
=== Time Clock User ===
{"role":"Time Clock User","ch":201,"login":200,"rfrRend":false,"invRend":true,"setLineStatus":false,"btns":{"A":0,"D":0,"S":0,"C":0,"P":0},"core":{"ok":0,"notok":0},"partReturn":false,"woDelete":false,"finLoaded":false,"newPayment":false,"reverse":false,"credit":false,"woMenu":[],"finMenu":[]}
=== RESTORE to Office User ===
restore status 201 -> role now: Office User
=== DONE ===
