=== Administrator ===
{"role":"Administrator","ch":201,"invRend":true,"finTab":true,"finLoaded":true,"att":1,"newPayment":true,"reverse":true,"credit":true,"finMenu":["Audit Log","Timesheets (0)","Reverse","Issue Credit"]}
=== Service Manager ===
{"role":"Service Manager","ch":201,"invRend":true,"finTab":true,"finLoaded":false,"att":4,"newPayment":false,"reverse":false,"credit":false,"finMenu":[]}
=== Service Advisor ===
{"role":"Service Advisor","ch":201,"invRend":true,"finTab":true,"finLoaded":false,"att":4,"newPayment":false,"reverse":false,"credit":false,"finMenu":[]}
=== Service Advisor - No Reports ===
{"role":"Service Advisor - No Reports","ch":201,"invRend":true,"finTab":true,"finLoaded":true,"att":1,"newPayment":true,"reverse":true,"credit":true,"finMenu":["Audit Log","Timesheets (0)","Reverse","Issue Credit"]}
=== Service Advisor Technician ===
{"role":"Service Advisor Technician","ch":201,"invRend":true,"finTab":false,"finLoaded":false,"newPayment":false,"reverse":false,"credit":false,"finMenu":["Audit Log","Timesheets (0)"]}
=== Service Advisor - Limited View ===
{"role":"Service Advisor - Limited View","ch":201,"invRend":true,"finTab":true,"finLoaded":true,"att":1,"newPayment":true,"reverse":true,"credit":true,"finMenu":["Audit Log","Timesheets (0)","Reverse","Issue Credit"]}
=== Foreman ===
{"role":"Foreman","ch":201,"invRend":true,"finTab":false,"finLoaded":false,"newPayment":false,"reverse":false,"credit":false,"finMenu":["Audit Log","Timesheets (0)"]}
=== Technician ===
{"role":"Technician","ch":201,"invRend":true,"finTab":false,"finLoaded":false,"newPayment":false,"reverse":false,"credit":false,"finMenu":["Audit Log","Timesheets (0)"]}
=== Parts Manager ===
{"role":"Parts Manager","ch":201,"invRend":true,"finTab":true,"finLoaded":false,"att":4,"newPayment":false,"reverse":false,"credit":false,"finMenu":[]}
=== Parts Technician ===
{"role":"Parts Technician","ch":201,"invRend":true,"finTab":true,"finLoaded":false,"att":4,"newPayment":false,"reverse":false,"credit":false,"finMenu":[]}
=== Sales Representative ===
{"role":"Sales Representative","ch":201,"finLoaded":false,"newPayment":false,"reverse":false,"credit":false,"finMenu":[]}
=== Reporting ===
{"role":"Reporting","ch":201,"finLoaded":false,"newPayment":false,"reverse":false,"credit":false,"finMenu":[]}
=== Office User ===
{"role":"Office User","ch":201,"invRend":true,"finTab":true,"finLoaded":false,"att":4,"newPayment":false,"reverse":false,"credit":false,"finMenu":[]}
=== Time Clock User ===
{"role":"Time Clock User","ch":201,"finLoaded":false,"newPayment":false,"reverse":false,"credit":false,"finMenu":[]}
=== RESTORE ===
restore 201 role now: Office User
=== FINDONE ===
