updates 61 · new 36 · our cases not in any proposal: []
OK C88594
OK C88595
OK C88596
OK C88597
OK C88598
OK C88599
OK C88600
OK C88601
OK C88602
OK C88603
OK C88604
OK C88605
OK C88606
OK C88607
OK C88608
OK C88609
OK C88610
OK C88611
OK C88630
OK C88612
OK C88613
OK C88614
OK C88615
OK C88616
OK C88627
OK C88628
OK C88617
OK C88618
OK C88619
OK C88620
OK C88621
OK C88622
OK C204097
OK C88623
OK C88624
OK C88625
OK C204098
OK C88626
OK C88629
OK C88631
OK C88632
OK C88633
OK C88634
OK C88635
OK C88636
OK C88637
OK C88638
OK C88639
OK C88640
OK C88641
OK C88642
OK C88643
OK C88644
OK C88645
OK C88646
OK C88647
OK C88648
OK C88649
OK C88650
OK C88651
OK C88652
OK C351704 NEW-A11
OK C351705 NEW-A12
OK C351706 NEW-A1
OK C351707 NEW-A2
OK C351708 NEW-A3
OK C351709 NEW-A4
OK C351710 NEW-A5
OK C351711 NEW-A6
OK C351712 NEW-A7
OK C351713 NEW-A8
OK C351714 NEW-A9
OK C351715 NEW-A10
OK C351716 NEW-B01
OK C351717 NEW-B02
OK C351718 NEW-B03
OK C351719 NEW-B04
OK C351720 NEW-B05
OK C351721 NEW-B06
OK C351722 NEW-B07
OK C351723 NEW-B08
OK C351724 NEW-B09
OK C351725 NEW-B10
OK C351726 NEW-B11
OK C351727 NEW-B12
OK C351728 NEW-B13
OK C351729 NEW-B14
OK C351730 NEW-B15
OK C351731 NEW-B16
OK C351732 NEW-B17
OK C351733 NEW-B18
OK C351734 NEW-B19
OK C351735 NEW-B20
OK C351736 NEW-B21
OK C351737 NEW-B22
OK C351738 NEW-B23
OK C351739 NEW-B24
verified 97 of 97
