[Work Orders] discovery: 0 pages, 152 candidates, 0 hidden text blocks; 34s
----------------------------------------
Exception occurred during processing of request from ('127.0.0.1', 54648)
Traceback (most recent call last):
  File "/usr/lib/python3.11/http/server.py", line 734, in send_head
    f = open(path, 'rb')
        ^^^^^^^^^^^^^^^^
FileNotFoundError: [Errno 2] No such file or directory: '/home/user/Manual-test-Cases/build/wo-board-tech-view/sources/design-2026-10-08-upload/assets/logo-primary-light.svg'

During handling of the above exception, another exception occurred:

Traceback (most recent call last):
  File "/usr/lib/python3.11/socketserver.py", line 691, in process_request_thread
    self.finish_request(request, client_address)
  File "/usr/lib/python3.11/socketserver.py", line 361, in finish_request
    self.RequestHandlerClass(request, client_address, self)
  File "/home/user/Manual-test-Cases/build/testing-tools/drive_design_full.py", line 290, in __init__
    def __init__(self, *a, **k): super().__init__(*a, directory=str(root), **k)
                                 ^^^^^^^^^^^^^^^^^^^^^^^^^^^^^^^^^^^^^^^^^^^^^^
  File "/usr/lib/python3.11/http/server.py", line 675, in __init__
    super().__init__(*args, **kwargs)
  File "/usr/lib/python3.11/socketserver.py", line 755, in __init__
    self.handle()
  File "/usr/lib/python3.11/http/server.py", line 440, in handle
    self.handle_one_request()
  File "/usr/lib/python3.11/http/server.py", line 428, in handle_one_request
    method()
  File "/usr/lib/python3.11/http/server.py", line 679, in do_GET
    f = self.send_head()
        ^^^^^^^^^^^^^^^^
  File "/usr/lib/python3.11/http/server.py", line 736, in send_head
    self.send_error(HTTPStatus.NOT_FOUND, "File not found")
  File "/usr/lib/python3.11/http/server.py", line 495, in send_error
    self.wfile.write(body)
  File "/usr/lib/python3.11/socketserver.py", line 834, in write
    self._sock.sendall(b)
BrokenPipeError: [Errno 32] Broken pipe
----------------------------------------
----------------------------------------
Exception occurred during processing of request from ('127.0.0.1', 54654)
Traceback (most recent call last):
  File "/usr/lib/python3.11/socketserver.py", line 691, in process_request_thread
    self.finish_request(request, client_address)
  File "/usr/lib/python3.11/socketserver.py", line 361, in finish_request
    self.RequestHandlerClass(request, client_address, self)
  File "/home/user/Manual-test-Cases/build/testing-tools/drive_design_full.py", line 290, in __init__
    def __init__(self, *a, **k): super().__init__(*a, directory=str(root), **k)
                                 ^^^^^^^^^^^^^^^^^^^^^^^^^^^^^^^^^^^^^^^^^^^^^^
  File "/usr/lib/python3.11/http/server.py", line 675, in __init__
    super().__init__(*args, **kwargs)
  File "/usr/lib/python3.11/socketserver.py", line 755, in __init__
    self.handle()
  File "/usr/lib/python3.11/http/server.py", line 440, in handle
    self.handle_one_request()
  File "/usr/lib/python3.11/http/server.py", line 428, in handle_one_request
    method()
  File "/usr/lib/python3.11/http/server.py", line 682, in do_GET
    self.copyfile(f, self.wfile)
  File "/usr/lib/python3.11/http/server.py", line 881, in copyfile
    shutil.copyfileobj(source, outputfile)
  File "/usr/lib/python3.11/shutil.py", line 200, in copyfileobj
    fdst_write(buf)
  File "/usr/lib/python3.11/socketserver.py", line 834, in write
    self._sock.sendall(b)
BrokenPipeError: [Errno 32] Broken pipe
----------------------------------------
----------------------------------------
Exception occurred during processing of request from ('127.0.0.1', 54664)
Traceback (most recent call last):
  File "/usr/lib/python3.11/socketserver.py", line 691, in process_request_thread
    self.finish_request(request, client_address)
  File "/usr/lib/python3.11/socketserver.py", line 361, in finish_request
    self.RequestHandlerClass(request, client_address, self)
  File "/home/user/Manual-test-Cases/build/testing-tools/drive_design_full.py", line 290, in __init__
    def __init__(self, *a, **k): super().__init__(*a, directory=str(root), **k)
                                 ^^^^^^^^^^^^^^^^^^^^^^^^^^^^^^^^^^^^^^^^^^^^^^
  File "/usr/lib/python3.11/http/server.py", line 675, in __init__
    super().__init__(*args, **kwargs)
  File "/usr/lib/python3.11/socketserver.py", line 755, in __init__
    self.handle()
  File "/usr/lib/python3.11/http/server.py", line 440, in handle
    self.handle_one_request()
  File "/usr/lib/python3.11/http/server.py", line 428, in handle_one_request
    method()
  File "/usr/lib/python3.11/http/server.py", line 682, in do_GET
    self.copyfile(f, self.wfile)
  File "/usr/lib/python3.11/http/server.py", line 881, in copyfile
    shutil.copyfileobj(source, outputfile)
  File "/usr/lib/python3.11/shutil.py", line 200, in copyfileobj
    fdst_write(buf)
  File "/usr/lib/python3.11/socketserver.py", line 834, in write
    self._sock.sendall(b)
BrokenPipeError: [Errno 32] Broken pipe
----------------------------------------
----------------------------------------
Exception occurred during processing of request from ('127.0.0.1', 54680)
Traceback (most recent call last):
  File "/usr/lib/python3.11/socketserver.py", line 691, in process_request_thread
    self.finish_request(request, client_address)
  File "/usr/lib/python3.11/socketserver.py", line 361, in finish_request
    self.RequestHandlerClass(request, client_address, self)
  File "/home/user/Manual-test-Cases/build/testing-tools/drive_design_full.py", line 290, in __init__
    def __init__(self, *a, **k): super().__init__(*a, directory=str(root), **k)
                                 ^^^^^^^^^^^^^^^^^^^^^^^^^^^^^^^^^^^^^^^^^^^^^^
  File "/usr/lib/python3.11/http/server.py", line 675, in __init__
    super().__init__(*args, **kwargs)
  File "/usr/lib/python3.11/socketserver.py", line 755, in __init__
    self.handle()
  File "/usr/lib/python3.11/http/server.py", line 440, in handle
    self.handle_one_request()
  File "/usr/lib/python3.11/http/server.py", line 428, in handle_one_request
    method()
  File "/usr/lib/python3.11/http/server.py", line 682, in do_GET
    self.copyfile(f, self.wfile)
  File "/usr/lib/python3.11/http/server.py", line 881, in copyfile
    shutil.copyfileobj(source, outputfile)
  File "/usr/lib/python3.11/shutil.py", line 200, in copyfileobj
    fdst_write(buf)
  File "/usr/lib/python3.11/socketserver.py", line 834, in write
    self._sock.sendall(b)
BrokenPipeError: [Errno 32] Broken pipe
----------------------------------------
----------------------------------------
Exception occurred during processing of request from ('127.0.0.1', 54688)
Traceback (most recent call last):
  File "/usr/lib/python3.11/http/server.py", line 734, in send_head
    f = open(path, 'rb')
        ^^^^^^^^^^^^^^^^
FileNotFoundError: [Errno 2] No such file or directory: '/home/user/Manual-test-Cases/build/wo-board-tech-view/sources/design-2026-10-08-upload/assets/logo-primary-light.svg'

During handling of the above exception, another exception occurred:

Traceback (most recent call last):
  File "/usr/lib/python3.11/socketserver.py", line 691, in process_request_thread
    self.finish_request(request, client_address)
  File "/usr/lib/python3.11/socketserver.py", line 361, in finish_request
    self.RequestHandlerClass(request, client_address, self)
  File "/home/user/Manual-test-Cases/build/testing-tools/drive_design_full.py", line 290, in __init__
    def __init__(self, *a, **k): super().__init__(*a, directory=str(root), **k)
                                 ^^^^^^^^^^^^^^^^^^^^^^^^^^^^^^^^^^^^^^^^^^^^^^
  File "/usr/lib/python3.11/http/server.py", line 675, in __init__
    super().__init__(*args, **kwargs)
  File "/usr/lib/python3.11/socketserver.py", line 755, in __init__
    self.handle()
  File "/usr/lib/python3.11/http/server.py", line 440, in handle
    self.handle_one_request()
  File "/usr/lib/python3.11/http/server.py", line 428, in handle_one_request
    method()
  File "/usr/lib/python3.11/http/server.py", line 679, in do_GET
    f = self.send_head()
        ^^^^^^^^^^^^^^^^
  File "/usr/lib/python3.11/http/server.py", line 736, in send_head
    self.send_error(HTTPStatus.NOT_FOUND, "File not found")
  File "/usr/lib/python3.11/http/server.py", line 495, in send_error
    self.wfile.write(body)
  File "/usr/lib/python3.11/socketserver.py", line 834, in write
    self._sock.sendall(b)
BrokenPipeError: [Errno 32] Broken pipe
----------------------------------------
----------------------------------------
Exception occurred during processing of request from ('127.0.0.1', 54702)
Traceback (most recent call last):
  File "/usr/lib/python3.11/socketserver.py", line 691, in process_request_thread
    self.finish_request(request, client_address)
  File "/usr/lib/python3.11/socketserver.py", line 361, in finish_request
    self.RequestHandlerClass(request, client_address, self)
  File "/home/user/Manual-test-Cases/build/testing-tools/drive_design_full.py", line 290, in __init__
    def __init__(self, *a, **k): super().__init__(*a, directory=str(root), **k)
                                 ^^^^^^^^^^^^^^^^^^^^^^^^^^^^^^^^^^^^^^^^^^^^^^
  File "/usr/lib/python3.11/http/server.py", line 675, in __init__
    super().__init__(*args, **kwargs)
  File "/usr/lib/python3.11/socketserver.py", line 755, in __init__
    self.handle()
  File "/usr/lib/python3.11/http/server.py", line 440, in handle
    self.handle_one_request()
  File "/usr/lib/python3.11/http/server.py", line 428, in handle_one_request
    method()
  File "/usr/lib/python3.11/http/server.py", line 682, in do_GET
    self.copyfile(f, self.wfile)
  File "/usr/lib/python3.11/http/server.py", line 881, in copyfile
    shutil.copyfileobj(source, outputfile)
  File "/usr/lib/python3.11/shutil.py", line 200, in copyfileobj
    fdst_write(buf)
  File "/usr/lib/python3.11/socketserver.py", line 834, in write
    self._sock.sendall(b)
BrokenPipeError: [Errno 32] Broken pipe
----------------------------------------
--------------------------------------------------------------------------------
Exception occurred during processing of request from ('127.0.0.1', 57818)

Exception occurred during processing of request from ('127.0.0.1', 57810)
Traceback (most recent call last):
  File "/usr/lib/python3.11/socketserver.py", line 691, in process_request_thread
    self.finish_request(request, client_address)
  File "/usr/lib/python3.11/socketserver.py", line 361, in finish_request
    self.RequestHandlerClass(request, client_address, self)
  File "/home/user/Manual-test-Cases/build/testing-tools/drive_design_full.py", line 290, in __init__
    def __init__(self, *a, **k): super().__init__(*a, directory=str(root), **k)
                                 ^^^^^^^^^^^^^^^^^^^^^^^^^^^^^^^^^^^^^^^^^^^^^^
  File "/usr/lib/python3.11/http/server.py", line 675, in __init__
    super().__init__(*args, **kwargs)
Traceback (most recent call last):
  File "/usr/lib/python3.11/socketserver.py", line 691, in process_request_thread
    self.finish_request(request, client_address)
----------------------------------------
Exception occurred during processing of request from ('127.0.0.1', 57826)
Traceback (most recent call last):
  File "/usr/lib/python3.11/socketserver.py", line 691, in process_request_thread
    self.finish_request(request, client_address)
  File "/usr/lib/python3.11/socketserver.py", line 361, in finish_request
    self.RequestHandlerClass(request, client_address, self)
  File "/home/user/Manual-test-Cases/build/testing-tools/drive_design_full.py", line 290, in __init__
    def __init__(self, *a, **k): super().__init__(*a, directory=str(root), **k)
                                 ^^^^^^^^^^^^^^^^^^^^^^^^^^^^^^^^^^^^^^^^^^^^^^
  File "/usr/lib/python3.11/http/server.py", line 675, in __init__
    super().__init__(*args, **kwargs)
  File "/usr/lib/python3.11/socketserver.py", line 755, in __init__
    self.handle()
  File "/usr/lib/python3.11/http/server.py", line 440, in handle
    self.handle_one_request()
  File "/usr/lib/python3.11/http/server.py", line 428, in handle_one_request
    method()
  File "/usr/lib/python3.11/http/server.py", line 682, in do_GET
    self.copyfile(f, self.wfile)
  File "/usr/lib/python3.11/http/server.py", line 881, in copyfile
    shutil.copyfileobj(source, outputfile)
  File "/usr/lib/python3.11/shutil.py", line 200, in copyfileobj
    fdst_write(buf)
  File "/usr/lib/python3.11/socketserver.py", line 834, in write
    self._sock.sendall(b)
BrokenPipeError: [Errno 32] Broken pipe
----------------------------------------
  File "/usr/lib/python3.11/socketserver.py", line 755, in __init__
    self.handle()
  File "/usr/lib/python3.11/http/server.py", line 440, in handle
    self.handle_one_request()
  File "/usr/lib/python3.11/http/server.py", line 428, in handle_one_request
    method()
  File "/usr/lib/python3.11/http/server.py", line 682, in do_GET
    self.copyfile(f, self.wfile)
  File "/usr/lib/python3.11/http/server.py", line 881, in copyfile
    shutil.copyfileobj(source, outputfile)
  File "/usr/lib/python3.11/shutil.py", line 200, in copyfileobj
    fdst_write(buf)
  File "/usr/lib/python3.11/socketserver.py", line 834, in write
    self._sock.sendall(b)
BrokenPipeError: [Errno 32] Broken pipe
----------------------------------------
  File "/usr/lib/python3.11/socketserver.py", line 361, in finish_request
    self.RequestHandlerClass(request, client_address, self)
  File "/home/user/Manual-test-Cases/build/testing-tools/drive_design_full.py", line 290, in __init__
    def __init__(self, *a, **k): super().__init__(*a, directory=str(root), **k)
                                 ^^^^^^^^^^^^^^^^^^^^^^^^^^^^^^^^^^^^^^^^^^^^^^
  File "/usr/lib/python3.11/http/server.py", line 675, in __init__
    super().__init__(*args, **kwargs)
  File "/usr/lib/python3.11/socketserver.py", line 755, in __init__
    self.handle()
  File "/usr/lib/python3.11/http/server.py", line 440, in handle
    self.handle_one_request()
  File "/usr/lib/python3.11/http/server.py", line 428, in handle_one_request
    method()
  File "/usr/lib/python3.11/http/server.py", line 682, in do_GET
    self.copyfile(f, self.wfile)
  File "/usr/lib/python3.11/http/server.py", line 881, in copyfile
    shutil.copyfileobj(source, outputfile)
  File "/usr/lib/python3.11/shutil.py", line 200, in copyfileobj
    fdst_write(buf)
  File "/usr/lib/python3.11/socketserver.py", line 834, in write
    self._sock.sendall(b)
BrokenPipeError: [Errno 32] Broken pipe
----------------------------------------
----------------------------------------
Exception occurred during processing of request from ('127.0.0.1', 57838)
Traceback (most recent call last):
  File "/usr/lib/python3.11/http/server.py", line 734, in send_head
    f = open(path, 'rb')
        ^^^^^^^^^^^^^^^^
FileNotFoundError: [Errno 2] No such file or directory: '/home/user/Manual-test-Cases/build/wo-board-tech-view/sources/design-2026-10-08-upload/assets/logo-primary-light.svg'

During handling of the above exception, another exception occurred:

Traceback (most recent call last):
  File "/usr/lib/python3.11/socketserver.py", line 691, in process_request_thread
    self.finish_request(request, client_address)
  File "/usr/lib/python3.11/socketserver.py", line 361, in finish_request
    self.RequestHandlerClass(request, client_address, self)
  File "/home/user/Manual-test-Cases/build/testing-tools/drive_design_full.py", line 290, in __init__
    def __init__(self, *a, **k): super().__init__(*a, directory=str(root), **k)
                                 ^^^^^^^^^^^^^^^^^^^^^^^^^^^^^^^^^^^^^^^^^^^^^^
  File "/usr/lib/python3.11/http/server.py", line 675, in __init__
    super().__init__(*args, **kwargs)
  File "/usr/lib/python3.11/socketserver.py", line 755, in __init__
    self.handle()
  File "/usr/lib/python3.11/http/server.py", line 440, in handle
    self.handle_one_request()
  File "/usr/lib/python3.11/http/server.py", line 428, in handle_one_request
    method()
  File "/usr/lib/python3.11/http/server.py", line 679, in do_GET
    f = self.send_head()
        ^^^^^^^^^^^^^^^^
  File "/usr/lib/python3.11/http/server.py", line 736, in send_head
    self.send_error(HTTPStatus.NOT_FOUND, "File not found")
  File "/usr/lib/python3.11/http/server.py", line 495, in send_error
    self.wfile.write(body)
  File "/usr/lib/python3.11/socketserver.py", line 834, in write
    self._sock.sendall(b)
BrokenPipeError: [Errno 32] Broken pipe
----------------------------------------
----------------------------------------
Exception occurred during processing of request from ('127.0.0.1', 58444)
----------------------------------------
Exception occurred during processing of request from ('127.0.0.1', 58434)
Traceback (most recent call last):
  File "/usr/lib/python3.11/socketserver.py", line 691, in process_request_thread
    self.finish_request(request, client_address)
  File "/usr/lib/python3.11/socketserver.py", line 361, in finish_request
    self.RequestHandlerClass(request, client_address, self)
  File "/home/user/Manual-test-Cases/build/testing-tools/drive_design_full.py", line 290, in __init__
    def __init__(self, *a, **k): super().__init__(*a, directory=str(root), **k)
                                 ^^^^^^^^^^^^^^^^^^^^^^^^^^^^^^^^^^^^^^^^^^^^^^
  File "/usr/lib/python3.11/http/server.py", line 675, in __init__
    super().__init__(*args, **kwargs)
  File "/usr/lib/python3.11/socketserver.py", line 755, in __init__
    self.handle()
  File "/usr/lib/python3.11/http/server.py", line 440, in handle
    self.handle_one_request()
  File "/usr/lib/python3.11/http/server.py", line 428, in handle_one_request
    method()
  File "/usr/lib/python3.11/http/server.py", line 682, in do_GET
    self.copyfile(f, self.wfile)
  File "/usr/lib/python3.11/http/server.py", line 881, in copyfile
    shutil.copyfileobj(source, outputfile)
  File "/usr/lib/python3.11/shutil.py", line 200, in copyfileobj
    fdst_write(buf)
  File "/usr/lib/python3.11/socketserver.py", line 834, in write
    self._sock.sendall(b)
BrokenPipeError: [Errno 32] Broken pipe
----------------------------------------
Traceback (most recent call last):
  File "/usr/lib/python3.11/http/server.py", line 734, in send_head
    f = open(path, 'rb')
        ^^^^^^^^^^^^^^^^
FileNotFoundError: [Errno 2] No such file or directory: '/home/user/Manual-test-Cases/build/wo-board-tech-view/sources/design-2026-10-08-upload/assets/logo-primary-light.svg'

During handling of the above exception, another exception occurred:

Traceback (most recent call last):
  File "/usr/lib/python3.11/socketserver.py", line 691, in process_request_thread
    self.finish_request(request, client_address)
  File "/usr/lib/python3.11/socketserver.py", line 361, in finish_request
    self.RequestHandlerClass(request, client_address, self)
  File "/home/user/Manual-test-Cases/build/testing-tools/drive_design_full.py", line 290, in __init__
    def __init__(self, *a, **k): super().__init__(*a, directory=str(root), **k)
                                 ^^^^^^^^^^^^^^^^^^^^^^^^^^^^^^^^^^^^^^^^^^^^^^
  File "/usr/lib/python3.11/http/server.py", line 675, in __init__
    super().__init__(*args, **kwargs)
  File "/usr/lib/python3.11/socketserver.py", line 755, in __init__
    self.handle()
  File "/usr/lib/python3.11/http/server.py", line 440, in handle
    self.handle_one_request()
  File "/usr/lib/python3.11/http/server.py", line 428, in handle_one_request
    method()
  File "/usr/lib/python3.11/http/server.py", line 679, in do_GET
    f = self.send_head()
        ^^^^^^^^^^^^^^^^
  File "/usr/lib/python3.11/http/server.py", line 736, in send_head
    self.send_error(HTTPStatus.NOT_FOUND, "File not found")
  File "/usr/lib/python3.11/http/server.py", line 495, in send_error
    self.wfile.write(body)
  File "/usr/lib/python3.11/socketserver.py", line 834, in write
    self._sock.sendall(b)
BrokenPipeError: [Errno 32] Broken pipe
----------------------------------------
----------------------------------------
Exception occurred during processing of request from ('127.0.0.1', 51828)
Traceback (most recent call last):
  File "/usr/lib/python3.11/http/server.py", line 734, in send_head
    f = open(path, 'rb')
        ^^^^^^^^^^^^^^^^
FileNotFoundError: [Errno 2] No such file or directory: '/home/user/Manual-test-Cases/build/wo-board-tech-view/sources/design-2026-10-08-upload/assets/logo-primary-light.svg'

During handling of the above exception, another exception occurred:

Traceback (most recent call last):
  File "/usr/lib/python3.11/socketserver.py", line 691, in process_request_thread
    self.finish_request(request, client_address)
  File "/usr/lib/python3.11/socketserver.py", line 361, in finish_request
    self.RequestHandlerClass(request, client_address, self)
  File "/home/user/Manual-test-Cases/build/testing-tools/drive_design_full.py", line 290, in __init__
    def __init__(self, *a, **k): super().__init__(*a, directory=str(root), **k)
                                 ^^^^^^^^^^^^^^^^^^^^^^^^^^^^^^^^^^^^^^^^^^^^^^
  File "/usr/lib/python3.11/http/server.py", line 675, in __init__
    super().__init__(*args, **kwargs)
  File "/usr/lib/python3.11/socketserver.py", line 755, in __init__
    self.handle()
  File "/usr/lib/python3.11/http/server.py", line 440, in handle
    self.handle_one_request()
  File "/usr/lib/python3.11/http/server.py", line 428, in handle_one_request
    method()
  File "/usr/lib/python3.11/http/server.py", line 679, in do_GET
    f = self.send_head()
        ^^^^^^^^^^^^^^^^
  File "/usr/lib/python3.11/http/server.py", line 736, in send_head
    self.send_error(HTTPStatus.NOT_FOUND, "File not found")
  File "/usr/lib/python3.11/http/server.py", line 495, in send_error
    self.wfile.write(body)
  File "/usr/lib/python3.11/socketserver.py", line 834, in write
    self._sock.sendall(b)
BrokenPipeError: [Errno 32] Broken pipe
----------------------------------------
----------------------------------------
Exception occurred during processing of request from ('127.0.0.1', 38270)
Traceback (most recent call last):
  File "/usr/lib/python3.11/socketserver.py", line 691, in process_request_thread
    self.finish_request(request, client_address)
  File "/usr/lib/python3.11/socketserver.py", line 361, in finish_request
    self.RequestHandlerClass(request, client_address, self)
  File "/home/user/Manual-test-Cases/build/testing-tools/drive_design_full.py", line 290, in __init__
    def __init__(self, *a, **k): super().__init__(*a, directory=str(root), **k)
                                 ^^^^^^^^^^^^^^^^^^^^^^^^^^^^^^^^^^^^^^^^^^^^^^
  File "/usr/lib/python3.11/http/server.py", line 675, in __init__
    super().__init__(*args, **kwargs)
  File "/usr/lib/python3.11/socketserver.py", line 755, in __init__
    self.handle()
  File "/usr/lib/python3.11/http/server.py", line 440, in handle
    self.handle_one_request()
  File "/usr/lib/python3.11/http/server.py", line 428, in handle_one_request
    method()
  File "/usr/lib/python3.11/http/server.py", line 682, in do_GET
    self.copyfile(f, self.wfile)
  File "/usr/lib/python3.11/http/server.py", line 881, in copyfile
    shutil.copyfileobj(source, outputfile)
  File "/usr/lib/python3.11/shutil.py", line 200, in copyfileobj
    fdst_write(buf)
  File "/usr/lib/python3.11/socketserver.py", line 834, in write
    self._sock.sendall(b)
BrokenPipeError: [Errno 32] Broken pipe
----------------------------------------
----------------------------------------
Exception occurred during processing of request from ('127.0.0.1', 38276)
Traceback (most recent call last):
  File "/usr/lib/python3.11/socketserver.py", line 691, in process_request_thread
    self.finish_request(request, client_address)
  File "/usr/lib/python3.11/socketserver.py", line 361, in finish_request
    self.RequestHandlerClass(request, client_address, self)
  File "/home/user/Manual-test-Cases/build/testing-tools/drive_design_full.py", line 290, in __init__
    def __init__(self, *a, **k): super().__init__(*a, directory=str(root), **k)
                                 ^^^^^^^^^^^^^^^^^^^^^^^^^^^^^^^^^^^^^^^^^^^^^^
  File "/usr/lib/python3.11/http/server.py", line 675, in __init__
    super().__init__(*args, **kwargs)
  File "/usr/lib/python3.11/socketserver.py", line 755, in __init__
    self.handle()
  File "/usr/lib/python3.11/http/server.py", line 440, in handle
    self.handle_one_request()
  File "/usr/lib/python3.11/http/server.py", line 428, in handle_one_request
    method()
  File "/usr/lib/python3.11/http/server.py", line 682, in do_GET
    self.copyfile(f, self.wfile)
  File "/usr/lib/python3.11/http/server.py", line 881, in copyfile
    shutil.copyfileobj(source, outputfile)
  File "/usr/lib/python3.11/shutil.py", line 200, in copyfileobj
    fdst_write(buf)
  File "/usr/lib/python3.11/socketserver.py", line 834, in write
    self._sock.sendall(b)
BrokenPipeError: [Errno 32] Broken pipe
----------------------------------------
----------------------------------------
Exception occurred during processing of request from ('127.0.0.1', 38284)
Traceback (most recent call last):
  File "/usr/lib/python3.11/socketserver.py", line 691, in process_request_thread
    self.finish_request(request, client_address)
  File "/usr/lib/python3.11/socketserver.py", line 361, in finish_request
    self.RequestHandlerClass(request, client_address, self)
  File "/home/user/Manual-test-Cases/build/testing-tools/drive_design_full.py", line 290, in __init__
    def __init__(self, *a, **k): super().__init__(*a, directory=str(root), **k)
                                 ^^^^^^^^^^^^^^^^^^^^^^^^^^^^^^^^^^^^^^^^^^^^^^
  File "/usr/lib/python3.11/http/server.py", line 675, in __init__
    super().__init__(*args, **kwargs)
  File "/usr/lib/python3.11/socketserver.py", line 755, in __init__
    self.handle()
  File "/usr/lib/python3.11/http/server.py", line 440, in handle
    self.handle_one_request()
  File "/usr/lib/python3.11/http/server.py", line 428, in handle_one_request
    method()
  File "/usr/lib/python3.11/http/server.py", line 682, in do_GET
    self.copyfile(f, self.wfile)
  File "/usr/lib/python3.11/http/server.py", line 881, in copyfile
    shutil.copyfileobj(source, outputfile)
  File "/usr/lib/python3.11/shutil.py", line 200, in copyfileobj
    fdst_write(buf)
  File "/usr/lib/python3.11/socketserver.py", line 834, in write
    self._sock.sendall(b)
BrokenPipeError: [Errno 32] Broken pipe
----------------------------------------
----------------------------------------
Exception occurred during processing of request from ('127.0.0.1', 38300)
Traceback (most recent call last):
  File "/usr/lib/python3.11/http/server.py", line 734, in send_head
    f = open(path, 'rb')
        ^^^^^^^^^^^^^^^^
FileNotFoundError: [Errno 2] No such file or directory: '/home/user/Manual-test-Cases/build/wo-board-tech-view/sources/design-2026-10-08-upload/assets/logo-primary-light.svg'

During handling of the above exception, another exception occurred:

Traceback (most recent call last):
  File "/usr/lib/python3.11/socketserver.py", line 691, in process_request_thread
    self.finish_request(request, client_address)
  File "/usr/lib/python3.11/socketserver.py", line 361, in finish_request
    self.RequestHandlerClass(request, client_address, self)
  File "/home/user/Manual-test-Cases/build/testing-tools/drive_design_full.py", line 290, in __init__
    def __init__(self, *a, **k): super().__init__(*a, directory=str(root), **k)
                                 ^^^^^^^^^^^^^^^^^^^^^^^^^^^^^^^^^^^^^^^^^^^^^^
  File "/usr/lib/python3.11/http/server.py", line 675, in __init__
    super().__init__(*args, **kwargs)
  File "/usr/lib/python3.11/socketserver.py", line 755, in __init__
    self.handle()
  File "/usr/lib/python3.11/http/server.py", line 440, in handle
    self.handle_one_request()
  File "/usr/lib/python3.11/http/server.py", line 428, in handle_one_request
    method()
  File "/usr/lib/python3.11/http/server.py", line 679, in do_GET
    f = self.send_head()
        ^^^^^^^^^^^^^^^^
  File "/usr/lib/python3.11/http/server.py", line 736, in send_head
    self.send_error(HTTPStatus.NOT_FOUND, "File not found")
  File "/usr/lib/python3.11/http/server.py", line 495, in send_error
    self.wfile.write(body)
  File "/usr/lib/python3.11/socketserver.py", line 834, in write
    self._sock.sendall(b)
BrokenPipeError: [Errno 32] Broken pipe
----------------------------------------
----------------------------------------
Exception occurred during processing of request from ('127.0.0.1', 38784)
Traceback (most recent call last):
----------------------------------------  File "/usr/lib/python3.11/socketserver.py", line 691, in process_request_thread
    self.finish_request(request, client_address)

Exception occurred during processing of request from ('127.0.0.1', 38792)
Traceback (most recent call last):
  File "/usr/lib/python3.11/socketserver.py", line 361, in finish_request
    self.RequestHandlerClass(request, client_address, self)
  File "/home/user/Manual-test-Cases/build/testing-tools/drive_design_full.py", line 290, in __init__
    def __init__(self, *a, **k): super().__init__(*a, directory=str(root), **k)
                                 ^^^^^^^^^^^^^^^^^^^^^^^^^^^^^^^^^^^^^^^^^^^^^^
  File "/usr/lib/python3.11/http/server.py", line 675, in __init__
    super().__init__(*args, **kwargs)
  File "/usr/lib/python3.11/socketserver.py", line 755, in __init__
    self.handle()
  File "/usr/lib/python3.11/http/server.py", line 440, in handle
    self.handle_one_request()
  File "/usr/lib/python3.11/http/server.py", line 428, in handle_one_request
    method()
  File "/usr/lib/python3.11/http/server.py", line 682, in do_GET
    self.copyfile(f, self.wfile)
  File "/usr/lib/python3.11/http/server.py", line 881, in copyfile
    shutil.copyfileobj(source, outputfile)
  File "/usr/lib/python3.11/shutil.py", line 200, in copyfileobj
    fdst_write(buf)
  File "/usr/lib/python3.11/socketserver.py", line 834, in write
    self._sock.sendall(b)
BrokenPipeError: [Errno 32] Broken pipe
----------------------------------------
  File "/usr/lib/python3.11/socketserver.py", line 691, in process_request_thread
    self.finish_request(request, client_address)
  File "/usr/lib/python3.11/socketserver.py", line 361, in finish_request
    self.RequestHandlerClass(request, client_address, self)
  File "/home/user/Manual-test-Cases/build/testing-tools/drive_design_full.py", line 290, in __init__
    def __init__(self, *a, **k): super().__init__(*a, directory=str(root), **k)
                                 ^^^^^^^^^^^^^^^^^^^^^^^^^^^^^^^^^^^^^^^^^^^^^^
  File "/usr/lib/python3.11/http/server.py", line 675, in __init__
    super().__init__(*args, **kwargs)
  File "/usr/lib/python3.11/socketserver.py", line 755, in __init__
    self.handle()
  File "/usr/lib/python3.11/http/server.py", line 440, in handle
    self.handle_one_request()
  File "/usr/lib/python3.11/http/server.py", line 428, in handle_one_request
    method()
  File "/usr/lib/python3.11/http/server.py", line 682, in do_GET
    self.copyfile(f, self.wfile)
  File "/usr/lib/python3.11/http/server.py", line 881, in copyfile
    shutil.copyfileobj(source, outputfile)
  File "/usr/lib/python3.11/shutil.py", line 200, in copyfileobj
    fdst_write(buf)
  File "/usr/lib/python3.11/socketserver.py", line 834, in write
    self._sock.sendall(b)
BrokenPipeError: [Errno 32] Broken pipe
----------------------------------------
----------------------------------------
Exception occurred during processing of request from ('127.0.0.1', 39100)
Traceback (most recent call last):
  File "/usr/lib/python3.11/socketserver.py", line 691, in process_request_thread
    self.finish_request(request, client_address)
  File "/usr/lib/python3.11/socketserver.py", line 361, in finish_request
    self.RequestHandlerClass(request, client_address, self)
  File "/home/user/Manual-test-Cases/build/testing-tools/drive_design_full.py", line 290, in __init__
    def __init__(self, *a, **k): super().__init__(*a, directory=str(root), **k)
                                 ^^^^^^^^^^^^^^^^^^^^^^^^^^^^^^^^^^^^^^^^^^^^^^
  File "/usr/lib/python3.11/http/server.py", line 675, in __init__
    super().__init__(*args, **kwargs)
  File "/usr/lib/python3.11/socketserver.py", line 755, in __init__
    self.handle()
  File "/usr/lib/python3.11/http/server.py", line 440, in handle
    self.handle_one_request()
  File "/usr/lib/python3.11/http/server.py", line 428, in handle_one_request
    method()
  File "/usr/lib/python3.11/http/server.py", line 682, in do_GET
    self.copyfile(f, self.wfile)
  File "/usr/lib/python3.11/http/server.py", line 881, in copyfile
    shutil.copyfileobj(source, outputfile)
  File "/usr/lib/python3.11/shutil.py", line 200, in copyfileobj
    fdst_write(buf)
  File "/usr/lib/python3.11/socketserver.py", line 834, in write
    self._sock.sendall(b)
BrokenPipeError: [Errno 32] Broken pipe
----------------------------------------
----------------------------------------
Exception occurred during processing of request from ('127.0.0.1', 39210)
Traceback (most recent call last):
  File "/usr/lib/python3.11/socketserver.py", line 691, in process_request_thread
    self.finish_request(request, client_address)
  File "/usr/lib/python3.11/socketserver.py", line 361, in finish_request
    self.RequestHandlerClass(request, client_address, self)
  File "/home/user/Manual-test-Cases/build/testing-tools/drive_design_full.py", line 290, in __init__
    def __init__(self, *a, **k): super().__init__(*a, directory=str(root), **k)
                                 ^^^^^^^^^^^^^^^^^^^^^^^^^^^^^^^^^^^^^^^^^^^^^^
  File "/usr/lib/python3.11/http/server.py", line 675, in __init__
    super().__init__(*args, **kwargs)
  File "/usr/lib/python3.11/socketserver.py", line 755, in __init__
    self.handle()
  File "/usr/lib/python3.11/http/server.py", line 440, in handle
    self.handle_one_request()
  File "/usr/lib/python3.11/http/server.py", line 428, in handle_one_request
    method()
  File "/usr/lib/python3.11/http/server.py", line 682, in do_GET
    self.copyfile(f, self.wfile)
  File "/usr/lib/python3.11/http/server.py", line 881, in copyfile
    shutil.copyfileobj(source, outputfile)
  File "/usr/lib/python3.11/shutil.py", line 200, in copyfileobj
    fdst_write(buf)
  File "/usr/lib/python3.11/socketserver.py", line 834, in write
    self._sock.sendall(b)
BrokenPipeError: [Errno 32] Broken pipe
----------------------------------------
----------------------------------------
Exception occurred during processing of request from ('127.0.0.1', 58036)
Traceback (most recent call last):
  File "/usr/lib/python3.11/socketserver.py", line 691, in process_request_thread
    self.finish_request(request, client_address)
  File "/usr/lib/python3.11/socketserver.py", line 361, in finish_request
    self.RequestHandlerClass(request, client_address, self)
  File "/home/user/Manual-test-Cases/build/testing-tools/drive_design_full.py", line 290, in __init__
    def __init__(self, *a, **k): super().__init__(*a, directory=str(root), **k)
                                 ^^^^^^^^^^^^^^^^^^^^^^^^^^^^^^^^^^^^^^^^^^^^^^
  File "/usr/lib/python3.11/http/server.py", line 675, in __init__
    super().__init__(*args, **kwargs)
  File "/usr/lib/python3.11/socketserver.py", line 755, in __init__
    self.handle()
  File "/usr/lib/python3.11/http/server.py", line 440, in handle
    self.handle_one_request()
  File "/usr/lib/python3.11/http/server.py", line 428, in handle_one_request
    method()
  File "/usr/lib/python3.11/http/server.py", line 682, in do_GET
    self.copyfile(f, self.wfile)
  File "/usr/lib/python3.11/http/server.py", line 881, in copyfile
    shutil.copyfileobj(source, outputfile)
  File "/usr/lib/python3.11/shutil.py", line 200, in copyfileobj
    fdst_write(buf)
  File "/usr/lib/python3.11/socketserver.py", line 834, in write
    self._sock.sendall(b)
BrokenPipeError: [Errno 32] Broken pipe
----------------------------------------
----------------------------------------
Exception occurred during processing of request from ('127.0.0.1', 35242)
Traceback (most recent call last):
  File "/usr/lib/python3.11/socketserver.py", line 691, in process_request_thread
    self.finish_request(request, client_address)
  File "/usr/lib/python3.11/socketserver.py", line 361, in finish_request
    self.RequestHandlerClass(request, client_address, self)
  File "/home/user/Manual-test-Cases/build/testing-tools/drive_design_full.py", line 290, in __init__
    def __init__(self, *a, **k): super().__init__(*a, directory=str(root), **k)
                                 ^^^^^^^^^^^^^^^^^^^^^^^^^^^^^^^^^^^^^^^^^^^^^^
  File "/usr/lib/python3.11/http/server.py", line 675, in __init__
    super().__init__(*args, **kwargs)
  File "/usr/lib/python3.11/socketserver.py", line 755, in __init__
    self.handle()
  File "/usr/lib/python3.11/http/server.py", line 440, in handle
    self.handle_one_request()
  File "/usr/lib/python3.11/http/server.py", line 428, in handle_one_request
    method()
  File "/usr/lib/python3.11/http/server.py", line 682, in do_GET
    self.copyfile(f, self.wfile)
  File "/usr/lib/python3.11/http/server.py", line 881, in copyfile
    shutil.copyfileobj(source, outputfile)
  File "/usr/lib/python3.11/shutil.py", line 200, in copyfileobj
    fdst_write(buf)
  File "/usr/lib/python3.11/socketserver.py", line 834, in write
    self._sock.sendall(b)
BrokenPipeError: [Errno 32] Broken pipe
----------------------------------------
----------------------------------------
Exception occurred during processing of request from ('127.0.0.1', 47482)
Traceback (most recent call last):
  File "/usr/lib/python3.11/socketserver.py", line 691, in process_request_thread
    self.finish_request(request, client_address)
  File "/usr/lib/python3.11/socketserver.py", line 361, in finish_request
    self.RequestHandlerClass(request, client_address, self)
  File "/home/user/Manual-test-Cases/build/testing-tools/drive_design_full.py", line 290, in __init__
    def __init__(self, *a, **k): super().__init__(*a, directory=str(root), **k)
                                 ^^^^^^^^^^^^^^^^^^^^^^^^^^^^^^^^^^^^^^^^^^^^^^
  File "/usr/lib/python3.11/http/server.py", line 675, in __init__
    super().__init__(*args, **kwargs)
  File "/usr/lib/python3.11/socketserver.py", line 755, in __init__
    self.handle()
  File "/usr/lib/python3.11/http/server.py", line 440, in handle
    self.handle_one_request()
  File "/usr/lib/python3.11/http/server.py", line 428, in handle_one_request
    method()
  File "/usr/lib/python3.11/http/server.py", line 682, in do_GET
    self.copyfile(f, self.wfile)
  File "/usr/lib/python3.11/http/server.py", line 881, in copyfile
    shutil.copyfileobj(source, outputfile)
  File "/usr/lib/python3.11/shutil.py", line 200, in copyfileobj
    fdst_write(buf)
  File "/usr/lib/python3.11/socketserver.py", line 834, in write
    self._sock.sendall(b)
BrokenPipeError: [Errno 32] Broken pipe
----------------------------------------
----------------------------------------
Exception occurred during processing of request from ('127.0.0.1', 38046)
Traceback (most recent call last):
  File "/usr/lib/python3.11/socketserver.py", line 691, in process_request_thread
    self.finish_request(request, client_address)
----------------------------------------
Exception occurred during processing of request from ('127.0.0.1', 38056)
Traceback (most recent call last):
  File "/usr/lib/python3.11/socketserver.py", line 361, in finish_request
    self.RequestHandlerClass(request, client_address, self)
  File "/home/user/Manual-test-Cases/build/testing-tools/drive_design_full.py", line 290, in __init__
    def __init__(self, *a, **k): super().__init__(*a, directory=str(root), **k)
                                 ^^^^^^^^^^^^^^^^^^^^^^^^^^^^^^^^^^^^^^^^^^^^^^
  File "/usr/lib/python3.11/http/server.py", line 675, in __init__
    super().__init__(*args, **kwargs)
  File "/usr/lib/python3.11/socketserver.py", line 755, in __init__
    self.handle()
  File "/usr/lib/python3.11/http/server.py", line 440, in handle
    self.handle_one_request()
  File "/usr/lib/python3.11/http/server.py", line 428, in handle_one_request
    method()
  File "/usr/lib/python3.11/http/server.py", line 682, in do_GET
    self.copyfile(f, self.wfile)
  File "/usr/lib/python3.11/http/server.py", line 881, in copyfile
    shutil.copyfileobj(source, outputfile)
  File "/usr/lib/python3.11/shutil.py", line 200, in copyfileobj
    fdst_write(buf)
  File "/usr/lib/python3.11/socketserver.py", line 834, in write
    self._sock.sendall(b)
BrokenPipeError: [Errno 32] Broken pipe
----------------------------------------
  File "/usr/lib/python3.11/socketserver.py", line 691, in process_request_thread
    self.finish_request(request, client_address)
  File "/usr/lib/python3.11/socketserver.py", line 361, in finish_request
    self.RequestHandlerClass(request, client_address, self)
  File "/home/user/Manual-test-Cases/build/testing-tools/drive_design_full.py", line 290, in __init__
    def __init__(self, *a, **k): super().__init__(*a, directory=str(root), **k)
                                 ^^^^^^^^^^^^^^^^^^^^^^^^^^^^^^^^^^^^^^^^^^^^^^
  File "/usr/lib/python3.11/http/server.py", line 675, in __init__
    super().__init__(*args, **kwargs)
  File "/usr/lib/python3.11/socketserver.py", line 755, in __init__
    self.handle()
----------------------------------------  File "/usr/lib/python3.11/http/server.py", line 440, in handle
    self.handle_one_request()
  File "/usr/lib/python3.11/http/server.py", line 428, in handle_one_request
    method()
  File "/usr/lib/python3.11/http/server.py", line 682, in do_GET
    self.copyfile(f, self.wfile)
  File "/usr/lib/python3.11/http/server.py", line 881, in copyfile
    shutil.copyfileobj(source, outputfile)
  File "/usr/lib/python3.11/shutil.py", line 200, in copyfileobj
    fdst_write(buf)
  File "/usr/lib/python3.11/socketserver.py", line 834, in write
    self._sock.sendall(b)
BrokenPipeError: [Errno 32] Broken pipe
----------------------------------------

Exception occurred during processing of request from ('127.0.0.1', 38064)
Traceback (most recent call last):
  File "/usr/lib/python3.11/http/server.py", line 734, in send_head
    f = open(path, 'rb')
        ^^^^^^^^^^^^^^^^
FileNotFoundError: [Errno 2] No such file or directory: '/home/user/Manual-test-Cases/build/wo-board-tech-view/sources/design-2026-10-08-upload/assets/logo-primary-light.svg'

During handling of the above exception, another exception occurred:

Traceback (most recent call last):
  File "/usr/lib/python3.11/socketserver.py", line 691, in process_request_thread
    self.finish_request(request, client_address)
  File "/usr/lib/python3.11/socketserver.py", line 361, in finish_request
    self.RequestHandlerClass(request, client_address, self)
  File "/home/user/Manual-test-Cases/build/testing-tools/drive_design_full.py", line 290, in __init__
    def __init__(self, *a, **k): super().__init__(*a, directory=str(root), **k)
                                 ^^^^^^^^^^^^^^^^^^^^^^^^^^^^^^^^^^^^^^^^^^^^^^
  File "/usr/lib/python3.11/http/server.py", line 675, in __init__
    super().__init__(*args, **kwargs)
  File "/usr/lib/python3.11/socketserver.py", line 755, in __init__
    self.handle()
  File "/usr/lib/python3.11/http/server.py", line 440, in handle
    self.handle_one_request()
  File "/usr/lib/python3.11/http/server.py", line 428, in handle_one_request
    method()
  File "/usr/lib/python3.11/http/server.py", line 679, in do_GET
    f = self.send_head()
        ^^^^^^^^^^^^^^^^
  File "/usr/lib/python3.11/http/server.py", line 736, in send_head
    self.send_error(HTTPStatus.NOT_FOUND, "File not found")
  File "/usr/lib/python3.11/http/server.py", line 495, in send_error
    self.wfile.write(body)
  File "/usr/lib/python3.11/socketserver.py", line 834, in write
    self._sock.sendall(b)
BrokenPipeError: [Errno 32] Broken pipe
----------------------------------------
[Work Orders] forced pass over 2 covered elements
{
 "board": "Work Orders.dc.html",
 "url_mode": "http-served",
 "pages": {
  "_header_or_outside": {
   "elements_found": 152,
   "of_which_pointer_inherited_batched": 42,
   "hovered": 152,
   "clicked": 152,
   "hover_exposed": 93,
   "click_exposed": 144,
   "click_navigated_in_board": 0,
   "click_navigated_other_board": 0,
   "hover_style_change": 35,
   "occluded": 2,
   "covered_forced_hovered": 2,
   "covered_forced_clicked": 2,
   "forced_hover_exposed": 0,
   "forced_click_exposed": 2,
   "failed": 0,
   "missing": 0,
   "fail_reasons": []
  }
 },
 "elapsed_s": 547,
 "hidden_text_blocks": 0,
 "hidden_text_blocks_exposed_by_interaction": 0,
 "interactions": 308,
 "exposed": 239
}
