[Add Part] discovery: 0 pages, 90 candidates, 69 hidden text blocks; 27s
{
 "board": "Add Part.html",
 "url_mode": "http-served",
 "pages": {
  "_header_or_outside": {
   "elements_found": 90,
   "of_which_pointer_inherited_batched": 33,
   "hovered": 90,
   "clicked": 90,
   "hover_exposed": 27,
   "click_exposed": 49,
   "click_navigated_in_board": 8,
   "click_navigated_other_board": 0,
   "hover_style_change": 18,
   "occluded": 0,
   "covered_forced_hovered": 0,
   "covered_forced_clicked": 0,
   "forced_hover_exposed": 0,
   "forced_click_exposed": 0,
   "failed": 0,
   "missing": 0,
   "fail_reasons": []
  }
 },
 "elapsed_s": 186,
 "hidden_text_blocks": 69,
 "hidden_text_blocks_exposed_by_interaction": 23,
 "interactions": 180,
 "exposed": 76
}
