[Work Orders -no page-fix-] discovery: 0 pages, 179 candidates, 0 hidden text blocks; 25s
----------------------------------------
Exception occurred during processing of request from ('127.0.0.1', 54874)
Traceback (most recent call last):
  File "/usr/lib/python3.11/socketserver.py", line 691, in process_request_thread
    self.finish_request(request, client_address)
  File "/usr/lib/python3.11/socketserver.py", line 361, in finish_request
    self.RequestHandlerClass(request, client_address, self)
  File "/home/user/Manual-test-Cases/build/testing-tools/drive_design_full.py", line 290, in __init__
    def __init__(self, *a, **k): super().__init__(*a, directory=str(root), **k)
                                 ^^^^^^^^^^^^^^^^^^^^^^^^^^^^^^^^^^^^^^^^^^^^^^
  File "/usr/lib/python3.11/http/server.py", line 675, in __init__
    super().__init__(*args, **kwargs)
  File "/usr/lib/python3.11/socketserver.py", line 755, in __init__
    self.handle()
  File "/usr/lib/python3.11/http/server.py", line 440, in handle
    self.handle_one_request()
  File "/usr/lib/python3.11/http/server.py", line 428, in handle_one_request
    method()
  File "/usr/lib/python3.11/http/server.py", line 682, in do_GET
    self.copyfile(f, self.wfile)
  File "/usr/lib/python3.11/http/server.py", line 881, in copyfile
    shutil.copyfileobj(source, outputfile)
  File "/usr/lib/python3.11/shutil.py", line 200, in copyfileobj
    fdst_write(buf)
  File "/usr/lib/python3.11/socketserver.py", line 834, in write
    self._sock.sendall(b)
BrokenPipeError: [Errno 32] Broken pipe
----------------------------------------
--------------------------------------------------------------------------------
Exception occurred during processing of request from ('127.0.0.1', 54972)
Traceback (most recent call last):
  File "/usr/lib/python3.11/socketserver.py", line 691, in process_request_thread
    self.finish_request(request, client_address)
  File "/usr/lib/python3.11/socketserver.py", line 361, in finish_request
    self.RequestHandlerClass(request, client_address, self)
  File "/home/user/Manual-test-Cases/build/testing-tools/drive_design_full.py", line 290, in __init__
    def __init__(self, *a, **k): super().__init__(*a, directory=str(root), **k)
                                 ^^^^^^^^^^^^^^^^^^^^^^^^^^^^^^^^^^^^^^^^^^^^^^
  File "/usr/lib/python3.11/http/server.py", line 675, in __init__
    super().__init__(*args, **kwargs)
  File "/usr/lib/python3.11/socketserver.py", line 755, in __init__
    self.handle()
  File "/usr/lib/python3.11/http/server.py", line 440, in handle
    self.handle_one_request()
  File "/usr/lib/python3.11/http/server.py", line 428, in handle_one_request
    method()
  File "/usr/lib/python3.11/http/server.py", line 682, in do_GET
    self.copyfile(f, self.wfile)
  File "/usr/lib/python3.11/http/server.py", line 881, in copyfile
    shutil.copyfileobj(source, outputfile)
  File "/usr/lib/python3.11/shutil.py", line 200, in copyfileobj
    fdst_write(buf)
  File "/usr/lib/python3.11/socketserver.py", line 834, in write
    self._sock.sendall(b)
BrokenPipeError: [Errno 32] Broken pipe
----------------------------------------

Exception occurred during processing of request from ('127.0.0.1', 54966)
Traceback (most recent call last):
  File "/usr/lib/python3.11/socketserver.py", line 691, in process_request_thread
    self.finish_request(request, client_address)
  File "/usr/lib/python3.11/socketserver.py", line 361, in finish_request
    self.RequestHandlerClass(request, client_address, self)
  File "/home/user/Manual-test-Cases/build/testing-tools/drive_design_full.py", line 290, in __init__
    def __init__(self, *a, **k): super().__init__(*a, directory=str(root), **k)
                                 ^^^^^^^^^^^^^^^^^^^^^^^^^^^^^^^^^^^^^^^^^^^^^^
  File "/usr/lib/python3.11/http/server.py", line 675, in __init__
    super().__init__(*args, **kwargs)
  File "/usr/lib/python3.11/socketserver.py", line 755, in __init__
    self.handle()
  File "/usr/lib/python3.11/http/server.py", line 440, in handle
    self.handle_one_request()
  File "/usr/lib/python3.11/http/server.py", line 428, in handle_one_request
    method()
  File "/usr/lib/python3.11/http/server.py", line 682, in do_GET
    self.copyfile(f, self.wfile)
  File "/usr/lib/python3.11/http/server.py", line 881, in copyfile
    shutil.copyfileobj(source, outputfile)
  File "/usr/lib/python3.11/shutil.py", line 200, in copyfileobj
    fdst_write(buf)
  File "/usr/lib/python3.11/socketserver.py", line 834, in write
    self._sock.sendall(b)
BrokenPipeError: [Errno 32] Broken pipe
----------------------------------------
----------------------------------------
Exception occurred during processing of request from ('127.0.0.1', 54976)
Traceback (most recent call last):
  File "/usr/lib/python3.11/socketserver.py", line 691, in process_request_thread
    self.finish_request(request, client_address)
  File "/usr/lib/python3.11/socketserver.py", line 361, in finish_request
    self.RequestHandlerClass(request, client_address, self)
  File "/home/user/Manual-test-Cases/build/testing-tools/drive_design_full.py", line 290, in __init__
    def __init__(self, *a, **k): super().__init__(*a, directory=str(root), **k)
                                 ^^^^^^^^^^^^^^^^^^^^^^^^^^^^^^^^^^^^^^^^^^^^^^
  File "/usr/lib/python3.11/http/server.py", line 675, in __init__
    super().__init__(*args, **kwargs)
  File "/usr/lib/python3.11/socketserver.py", line 755, in __init__
    self.handle()
  File "/usr/lib/python3.11/http/server.py", line 440, in handle
    self.handle_one_request()
  File "/usr/lib/python3.11/http/server.py", line 428, in handle_one_request
    method()
  File "/usr/lib/python3.11/http/server.py", line 682, in do_GET
    self.copyfile(f, self.wfile)
  File "/usr/lib/python3.11/http/server.py", line 881, in copyfile
    shutil.copyfileobj(source, outputfile)
  File "/usr/lib/python3.11/shutil.py", line 200, in copyfileobj
    fdst_write(buf)
  File "/usr/lib/python3.11/socketserver.py", line 834, in write
    self._sock.sendall(b)
BrokenPipeError: [Errno 32] Broken pipe
----------------------------------------
----------------------------------------
Exception occurred during processing of request from ('127.0.0.1', 57680)
Traceback (most recent call last):
  File "/usr/lib/python3.11/http/server.py", line 734, in send_head
    f = open(path, 'rb')
        ^^^^^^^^^^^^^^^^
FileNotFoundError: [Errno 2] No such file or directory: '/home/user/Manual-test-Cases/build/wo-board-tech-view/sources/design-2026-10-08-upload/assets/logo-primary-light.svg'

During handling of the above exception, another exception occurred:

Traceback (most recent call last):
  File "/usr/lib/python3.11/socketserver.py", line 691, in process_request_thread
    self.finish_request(request, client_address)
  File "/usr/lib/python3.11/socketserver.py", line 361, in finish_request
    self.RequestHandlerClass(request, client_address, self)
  File "/home/user/Manual-test-Cases/build/testing-tools/drive_design_full.py", line 290, in __init__
    def __init__(self, *a, **k): super().__init__(*a, directory=str(root), **k)
                                 ^^^^^^^^^^^^^^^^^^^^^^^^^^^^^^^^^^^^^^^^^^^^^^
  File "/usr/lib/python3.11/http/server.py", line 675, in __init__
    super().__init__(*args, **kwargs)
  File "/usr/lib/python3.11/socketserver.py", line 755, in __init__
    self.handle()
  File "/usr/lib/python3.11/http/server.py", line 440, in handle
    self.handle_one_request()
  File "/usr/lib/python3.11/http/server.py", line 428, in handle_one_request
    method()
  File "/usr/lib/python3.11/http/server.py", line 679, in do_GET
    f = self.send_head()
        ^^^^^^^^^^^^^^^^
  File "/usr/lib/python3.11/http/server.py", line 736, in send_head
    self.send_error(HTTPStatus.NOT_FOUND, "File not found")
  File "/usr/lib/python3.11/http/server.py", line 495, in send_error
    self.wfile.write(body)
  File "/usr/lib/python3.11/socketserver.py", line 834, in write
    self._sock.sendall(b)
BrokenPipeError: [Errno 32] Broken pipe
----------------------------------------
----------------------------------------
Exception occurred during processing of request from ('127.0.0.1', 37592)
Traceback (most recent call last):
  File "/usr/lib/python3.11/http/server.py", line 734, in send_head
    f = open(path, 'rb')
        ^^^^^^^^^^^^^^^^
FileNotFoundError: [Errno 2] No such file or directory: '/home/user/Manual-test-Cases/build/wo-board-tech-view/sources/design-2026-10-08-upload/assets/logo-primary-light.svg'

During handling of the above exception, another exception occurred:

Traceback (most recent call last):
  File "/usr/lib/python3.11/socketserver.py", line 691, in process_request_thread
    self.finish_request(request, client_address)
  File "/usr/lib/python3.11/socketserver.py", line 361, in finish_request
    self.RequestHandlerClass(request, client_address, self)
  File "/home/user/Manual-test-Cases/build/testing-tools/drive_design_full.py", line 290, in __init__
    def __init__(self, *a, **k): super().__init__(*a, directory=str(root), **k)
                                 ^^^^^^^^^^^^^^^^^^^^^^^^^^^^^^^^^^^^^^^^^^^^^^
  File "/usr/lib/python3.11/http/server.py", line 675, in __init__
    super().__init__(*args, **kwargs)
  File "/usr/lib/python3.11/socketserver.py", line 755, in __init__
    self.handle()
  File "/usr/lib/python3.11/http/server.py", line 440, in handle
    self.handle_one_request()
  File "/usr/lib/python3.11/http/server.py", line 428, in handle_one_request
    method()
  File "/usr/lib/python3.11/http/server.py", line 679, in do_GET
    f = self.send_head()
        ^^^^^^^^^^^^^^^^
  File "/usr/lib/python3.11/http/server.py", line 736, in send_head
    self.send_error(HTTPStatus.NOT_FOUND, "File not found")
  File "/usr/lib/python3.11/http/server.py", line 495, in send_error
    self.wfile.write(body)
  File "/usr/lib/python3.11/socketserver.py", line 834, in write
    self._sock.sendall(b)
BrokenPipeError: [Errno 32] Broken pipe
----------------------------------------
----------------------------------------
Exception occurred during processing of request from ('127.0.0.1', 42606)
Traceback (most recent call last):
  File "/usr/lib/python3.11/socketserver.py", line 691, in process_request_thread
    self.finish_request(request, client_address)
  File "/usr/lib/python3.11/socketserver.py", line 361, in finish_request
    self.RequestHandlerClass(request, client_address, self)
  File "/home/user/Manual-test-Cases/build/testing-tools/drive_design_full.py", line 290, in __init__
    def __init__(self, *a, **k): super().__init__(*a, directory=str(root), **k)
                                 ^^^^^^^^^^^^^^^^^^^^^^^^^^^^^^^^^^^^^^^^^^^^^^
  File "/usr/lib/python3.11/http/server.py", line 675, in __init__
    super().__init__(*args, **kwargs)
  File "/usr/lib/python3.11/socketserver.py", line 755, in __init__
    self.handle()
  File "/usr/lib/python3.11/http/server.py", line 440, in handle
    self.handle_one_request()
  File "/usr/lib/python3.11/http/server.py", line 428, in handle_one_request
    method()
  File "/usr/lib/python3.11/http/server.py", line 682, in do_GET
    self.copyfile(f, self.wfile)
  File "/usr/lib/python3.11/http/server.py", line 881, in copyfile
    shutil.copyfileobj(source, outputfile)
  File "/usr/lib/python3.11/shutil.py", line 200, in copyfileobj
    fdst_write(buf)
  File "/usr/lib/python3.11/socketserver.py", line 834, in write
    self._sock.sendall(b)
BrokenPipeError: [Errno 32] Broken pipe
----------------------------------------
----------------------------------------
Exception occurred during processing of request from ('127.0.0.1', 37712)
Traceback (most recent call last):
  File "/usr/lib/python3.11/socketserver.py", line 691, in process_request_thread
    self.finish_request(request, client_address)
  File "/usr/lib/python3.11/socketserver.py", line 361, in finish_request
    self.RequestHandlerClass(request, client_address, self)
  File "/home/user/Manual-test-Cases/build/testing-tools/drive_design_full.py", line 290, in __init__
    def __init__(self, *a, **k): super().__init__(*a, directory=str(root), **k)
                                 ^^^^^^^^^^^^^^^^^^^^^^^^^^^^^^^^^^^^^^^^^^^^^^
  File "/usr/lib/python3.11/http/server.py", line 675, in __init__
    super().__init__(*args, **kwargs)
  File "/usr/lib/python3.11/socketserver.py", line 755, in __init__
    self.handle()
  File "/usr/lib/python3.11/http/server.py", line 440, in handle
    self.handle_one_request()
  File "/usr/lib/python3.11/http/server.py", line 428, in handle_one_request
    method()
  File "/usr/lib/python3.11/http/server.py", line 682, in do_GET
    self.copyfile(f, self.wfile)
  File "/usr/lib/python3.11/http/server.py", line 881, in copyfile
    shutil.copyfileobj(source, outputfile)
  File "/usr/lib/python3.11/shutil.py", line 200, in copyfileobj
    fdst_write(buf)
  File "/usr/lib/python3.11/socketserver.py", line 834, in write
    self._sock.sendall(b)
BrokenPipeError: [Errno 32] Broken pipe
----------------------------------------
----------------------------------------
Exception occurred during processing of request from ('127.0.0.1', 45442)
Traceback (most recent call last):
  File "/usr/lib/python3.11/socketserver.py", line 691, in process_request_thread
    self.finish_request(request, client_address)
  File "/usr/lib/python3.11/socketserver.py", line 361, in finish_request
    self.RequestHandlerClass(request, client_address, self)
  File "/home/user/Manual-test-Cases/build/testing-tools/drive_design_full.py", line 290, in __init__
    def __init__(self, *a, **k): super().__init__(*a, directory=str(root), **k)
                                 ^^^^^^^^^^^^^^^^^^^^^^^^^^^^^^^^^^^^^^^^^^^^^^
  File "/usr/lib/python3.11/http/server.py", line 675, in __init__
    super().__init__(*args, **kwargs)
  File "/usr/lib/python3.11/socketserver.py", line 755, in __init__
    self.handle()
  File "/usr/lib/python3.11/http/server.py", line 440, in handle
    self.handle_one_request()
  File "/usr/lib/python3.11/http/server.py", line 428, in handle_one_request
    method()
  File "/usr/lib/python3.11/http/server.py", line 682, in do_GET
    self.copyfile(f, self.wfile)
  File "/usr/lib/python3.11/http/server.py", line 881, in copyfile
    shutil.copyfileobj(source, outputfile)
  File "/usr/lib/python3.11/shutil.py", line 200, in copyfileobj
    fdst_write(buf)
  File "/usr/lib/python3.11/socketserver.py", line 834, in write
    self._sock.sendall(b)
BrokenPipeError: [Errno 32] Broken pipe
----------------------------------------
----------------------------------------
Exception occurred during processing of request from ('127.0.0.1', 49714)
Traceback (most recent call last):
  File "/usr/lib/python3.11/socketserver.py", line 691, in process_request_thread
    self.finish_request(request, client_address)
----------------------------------------
Exception occurred during processing of request from ('127.0.0.1', 49716)
Traceback (most recent call last):
  File "/usr/lib/python3.11/socketserver.py", line 691, in process_request_thread
    self.finish_request(request, client_address)
  File "/usr/lib/python3.11/socketserver.py", line 361, in finish_request
    self.RequestHandlerClass(request, client_address, self)
  File "/home/user/Manual-test-Cases/build/testing-tools/drive_design_full.py", line 290, in __init__
    def __init__(self, *a, **k): super().__init__(*a, directory=str(root), **k)
                                 ^^^^^^^^^^^^^^^^^^^^^^^^^^^^^^^^^^^^^^^^^^^^^^
  File "/usr/lib/python3.11/http/server.py", line 675, in __init__
    super().__init__(*args, **kwargs)
  File "/usr/lib/python3.11/socketserver.py", line 755, in __init__
    self.handle()
  File "/usr/lib/python3.11/http/server.py", line 440, in handle
    self.handle_one_request()
  File "/usr/lib/python3.11/http/server.py", line 428, in handle_one_request
    method()
  File "/usr/lib/python3.11/http/server.py", line 682, in do_GET
    self.copyfile(f, self.wfile)
  File "/usr/lib/python3.11/http/server.py", line 881, in copyfile
    shutil.copyfileobj(source, outputfile)
  File "/usr/lib/python3.11/shutil.py", line 200, in copyfileobj
    fdst_write(buf)
  File "/usr/lib/python3.11/socketserver.py", line 834, in write
    self._sock.sendall(b)
BrokenPipeError: [Errno 32] Broken pipe
----------------------------------------
  File "/usr/lib/python3.11/socketserver.py", line 361, in finish_request
    self.RequestHandlerClass(request, client_address, self)
  File "/home/user/Manual-test-Cases/build/testing-tools/drive_design_full.py", line 290, in __init__
    def __init__(self, *a, **k): super().__init__(*a, directory=str(root), **k)
                                 ^^^^^^^^^^^^^^^^^^^^^^^^^^^^^^^^^^^^^^^^^^^^^^
  File "/usr/lib/python3.11/http/server.py", line 675, in __init__
    super().__init__(*args, **kwargs)
  File "/usr/lib/python3.11/socketserver.py", line 755, in __init__
    self.handle()
  File "/usr/lib/python3.11/http/server.py", line 440, in handle
    self.handle_one_request()
  File "/usr/lib/python3.11/http/server.py", line 428, in handle_one_request
    method()
  File "/usr/lib/python3.11/http/server.py", line 682, in do_GET
    self.copyfile(f, self.wfile)
  File "/usr/lib/python3.11/http/server.py", line 881, in copyfile
    shutil.copyfileobj(source, outputfile)
  File "/usr/lib/python3.11/shutil.py", line 200, in copyfileobj
    fdst_write(buf)
  File "/usr/lib/python3.11/socketserver.py", line 834, in write
    self._sock.sendall(b)
BrokenPipeError: [Errno 32] Broken pipe
----------------------------------------
----------------------------------------
Exception occurred during processing of request from ('127.0.0.1', 49732)
Traceback (most recent call last):
  File "/usr/lib/python3.11/socketserver.py", line 691, in process_request_thread
    self.finish_request(request, client_address)
  File "/usr/lib/python3.11/socketserver.py", line 361, in finish_request
    self.RequestHandlerClass(request, client_address, self)
  File "/home/user/Manual-test-Cases/build/testing-tools/drive_design_full.py", line 290, in __init__
    def __init__(self, *a, **k): super().__init__(*a, directory=str(root), **k)
                                 ^^^^^^^^^^^^^^^^^^^^^^^^^^^^^^^^^^^^^^^^^^^^^^
  File "/usr/lib/python3.11/http/server.py", line 675, in __init__
    super().__init__(*args, **kwargs)
  File "/usr/lib/python3.11/socketserver.py", line 755, in __init__
    self.handle()
  File "/usr/lib/python3.11/http/server.py", line 440, in handle
    self.handle_one_request()
  File "/usr/lib/python3.11/http/server.py", line 428, in handle_one_request
    method()
  File "/usr/lib/python3.11/http/server.py", line 682, in do_GET
    self.copyfile(f, self.wfile)
  File "/usr/lib/python3.11/http/server.py", line 881, in copyfile
    shutil.copyfileobj(source, outputfile)
  File "/usr/lib/python3.11/shutil.py", line 200, in copyfileobj
    fdst_write(buf)
  File "/usr/lib/python3.11/socketserver.py", line 834, in write
    self._sock.sendall(b)
BrokenPipeError: [Errno 32] Broken pipe
----------------------------------------
----------------------------------------
Exception occurred during processing of request from ('127.0.0.1', 49922)
Traceback (most recent call last):
  File "/usr/lib/python3.11/socketserver.py", line 691, in process_request_thread
    self.finish_request(request, client_address)
  File "/usr/lib/python3.11/socketserver.py", line 361, in finish_request
    self.RequestHandlerClass(request, client_address, self)
  File "/home/user/Manual-test-Cases/build/testing-tools/drive_design_full.py", line 290, in __init__
    def __init__(self, *a, **k): super().__init__(*a, directory=str(root), **k)
                                 ^^^^^^^^^^^^^^^^^^^^^^^^^^^^^^^^^^^^^^^^^^^^^^
  File "/usr/lib/python3.11/http/server.py", line 675, in __init__
    super().__init__(*args, **kwargs)
  File "/usr/lib/python3.11/socketserver.py", line 755, in __init__
    self.handle()
  File "/usr/lib/python3.11/http/server.py", line 440, in handle
    self.handle_one_request()
  File "/usr/lib/python3.11/http/server.py", line 428, in handle_one_request
    method()
  File "/usr/lib/python3.11/http/server.py", line 682, in do_GET
    self.copyfile(f, self.wfile)
  File "/usr/lib/python3.11/http/server.py", line 881, in copyfile
    shutil.copyfileobj(source, outputfile)
  File "/usr/lib/python3.11/shutil.py", line 200, in copyfileobj
    fdst_write(buf)
  File "/usr/lib/python3.11/socketserver.py", line 834, in write
    self._sock.sendall(b)
BrokenPipeError: [Errno 32] Broken pipe
----------------------------------------
----------------------------------------
Exception occurred during processing of request from ('127.0.0.1', 46366)
Traceback (most recent call last):
  File "/usr/lib/python3.11/socketserver.py", line 691, in process_request_thread
    self.finish_request(request, client_address)
  File "/usr/lib/python3.11/socketserver.py", line 361, in finish_request
    self.RequestHandlerClass(request, client_address, self)
  File "/home/user/Manual-test-Cases/build/testing-tools/drive_design_full.py", line 290, in __init__
    def __init__(self, *a, **k): super().__init__(*a, directory=str(root), **k)
                                 ^^^^^^^^^^^^^^^^^^^^^^^^^^^^^^^^^^^^^^^^^^^^^^
  File "/usr/lib/python3.11/http/server.py", line 675, in __init__
    super().__init__(*args, **kwargs)
  File "/usr/lib/python3.11/socketserver.py", line 755, in __init__
    self.handle()
  File "/usr/lib/python3.11/http/server.py", line 440, in handle
    self.handle_one_request()
  File "/usr/lib/python3.11/http/server.py", line 428, in handle_one_request
    method()
  File "/usr/lib/python3.11/http/server.py", line 682, in do_GET
    self.copyfile(f, self.wfile)
  File "/usr/lib/python3.11/http/server.py", line 881, in copyfile
    shutil.copyfileobj(source, outputfile)
  File "/usr/lib/python3.11/shutil.py", line 200, in copyfileobj
    fdst_write(buf)
  File "/usr/lib/python3.11/socketserver.py", line 834, in write
    self._sock.sendall(b)
BrokenPipeError: [Errno 32] Broken pipe
----------------------------------------
