44993 NO v26.35.9 stamp (changed case, handle separately)
44994 NO v26.35.9 stamp (changed case, handle separately)
45250 NO v26.35.9 stamp (changed case, handle separately)
45251 restamped 200
45252 restamped 200
45253 restamped 200
45254 restamped 200
45000 restamped 200
45007 NO v26.35.9 stamp (changed case, handle separately)
45018 restamped 200
45032 restamped 200
45033 restamped 200
45034 NO v26.35.9 stamp (changed case, handle separately)
45035 restamped 200
45036 restamped 200
45037 restamped 200
45038 restamped 200
45039 restamped 200
45040 restamped 200
45041 restamped 200
45042 restamped 200
45043 restamped 200
45044 restamped 200
45045 restamped 200
45046 restamped 200
45047 restamped 200
45048 restamped 200
45049 restamped 200
45050 restamped 200
45051 restamped 200
45052 restamped 200
45053 restamped 200
45054 restamped 200
45055 restamped 200
45056 restamped 200
45057 restamped 200
45058 restamped 200
45059 restamped 200
45060 restamped 200
45061 restamped 200
45062 restamped 200
45063 restamped 200
45064 restamped 200
45065 restamped 200
45066 restamped 200
45067 restamped 200
45068 restamped 200
45069 restamped 200
45070 restamped 200
45071 restamped 200
45072 restamped 200
45073 restamped 200
45074 restamped 200
45075 restamped 200
45076 restamped 200
45077 restamped 200
45078 restamped 200
45079 restamped 200
45080 restamped 200
45081 restamped 200
45082 restamped 200
45083 restamped 200
45221 restamped 200
45222 restamped 200
45223 restamped 200
45224 restamped 200
45225 restamped 200
45226 restamped 200
45227 restamped 200
45228 restamped 200
45229 restamped 200
45230 restamped 200
45231 restamped 200
45232 restamped 200
45233 restamped 200
45234 restamped 200
45235 restamped 200
45236 restamped 200
45237 restamped 200
45238 restamped 200
45239 restamped 200
45240 restamped 200
45242 restamped 200
45243 restamped 200
45084 restamped 200
45085 restamped 200
45086 restamped 200
45087 restamped 200
45088 restamped 200
45089 restamped 200
45090 restamped 200
45091 restamped 200
45092 restamped 200
45093 restamped 200
45094 restamped 200
45095 restamped 200
45096 restamped 200
45097 restamped 200
45098 restamped 200
45099 restamped 200
45100 restamped 200
45101 restamped 200
45102 restamped 200
45103 restamped 200
45104 restamped 200
45105 restamped 200
45106 restamped 200
45107 restamped 200
45108 restamped 200
45109 restamped 200
45110 restamped 200
45111 restamped 200
45112 restamped 200
45113 restamped 200
45114 restamped 200
45115 restamped 200
45116 restamped 200
45117 restamped 200
45118 restamped 200
45119 restamped 200
45120 restamped 200
45121 restamped 200
45122 restamped 200
45123 restamped 200
45124 restamped 200
45125 restamped 200
45126 restamped 200
45127 restamped 200
