18:08:26 C44988 OK (custom_expected)  1/162
18:08:51 C44989 deadlock - retry 1/3
18:10:14 C44989 deadlock - retry 2/3
node:internal/modules/run_main:123
    triggerUncaughtException(
    ^

page.waitForTimeout: Target page, context or browser has been closed
    at /home/user/Manual-test-Cases/build/testing-tools/surgical_replace.mjs:119:81

Node.js v22.22.2
18:11:13 C44988 already checkpointed
18:11:25 C44989 OK (custom_expected)  1/162
18:11:36 C44990 OK (custom_expected)  2/162
18:11:48 C44991 OK (custom_expected)  3/162
18:12:00 C44992 OK (custom_expected)  4/162
18:12:12 C44995 OK (custom_expected)  5/162
18:12:24 C44997 OK (custom_expected)  6/162
18:12:35 C44998 OK (custom_expected)  7/162
18:12:46 C44999 OK (custom_expected)  8/162
18:13:11 C45000 deadlock - retry 1/3
18:14:34 C45000 deadlock - retry 2/3
18:16:00 C45000 deadlock - retry 3/3
18:17:29 C45000 FAILED: still on the edit page ["Deadlock found when trying to get lock; try restarting transaction","Title is too long","You have reached max 2000 characters limit. You can't type more."]
18:17:34 C45001 nothing replaced: {"custom_expected":"no editor"}
18:17:37 C45002 nothing replaced: {"custom_expected":"no editor"}
18:17:41 C45003 nothing replaced: {"custom_expected":"no editor"}
18:17:44 C45004 nothing replaced: {"custom_expected":"no editor"}
18:17:47 C45005 nothing replaced: {"custom_expected":"no editor"}
18:17:51 C45006 nothing replaced: {"custom_expected":"no editor"}
18:17:54 C45008 nothing replaced: {"custom_expected":"no editor"}
18:17:58 C45009 nothing replaced: {"custom_expected":"no editor"}
18:18:01 C45010 nothing replaced: {"custom_expected":"no editor"}
18:18:05 C45011 nothing replaced: {"custom_expected":"no editor"}
18:18:08 C45012 nothing replaced: {"custom_expected":"no editor"}
18:18:11 C45013 nothing replaced: {"custom_expected":"no editor"}
18:18:15 C45014 nothing replaced: {"custom_expected":"no editor"}
18:18:18 C45015 nothing replaced: {"custom_expected":"no editor"}
18:18:21 C45016 nothing replaced: {"custom_expected":"no editor"}
18:18:25 C45017 nothing replaced: {"custom_expected":"no editor"}
18:18:28 C45018 nothing replaced: {"custom_expected":"no editor"}
18:18:32 C45019 nothing replaced: {"custom_expected":"no editor"}
18:18:35 C45020 nothing replaced: {"custom_expected":"no editor"}
18:18:38 C45021 nothing replaced: {"custom_expected":"no editor"}
18:18:42 C45022 nothing replaced: {"custom_expected":"no editor"}
18:18:45 C45023 nothing replaced: {"custom_expected":"no editor"}
18:18:48 C45024 nothing replaced: {"custom_expected":"no editor"}
18:18:52 C45025 nothing replaced: {"custom_expected":"no editor"}
18:18:55 C45026 nothing replaced: {"custom_expected":"no editor"}
18:18:58 C45027 nothing replaced: {"custom_expected":"no editor"}
18:19:02 C45028 nothing replaced: {"custom_expected":"no editor"}
18:19:05 C45029 nothing replaced: {"custom_expected":"no editor"}
18:19:09 C45030 nothing replaced: {"custom_expected":"no editor"}
18:19:12 C45031 nothing replaced: {"custom_expected":"no editor"}
18:19:16 C45032 nothing replaced: {"custom_expected":"no editor"}
18:19:19 C45033 nothing replaced: {"custom_expected":"no editor"}
18:19:23 C45035 nothing replaced: {"custom_expected":"no editor"}
18:19:26 C45036 nothing replaced: {"custom_expected":"no editor"}
18:19:30 C45037 nothing replaced: {"custom_expected":"no editor"}
18:19:33 C45038 nothing replaced: {"custom_expected":"no editor"}
node:internal/modules/run_main:123
    triggerUncaughtException(
    ^

page.goto: Target page, context or browser has been closed
Call log:
[2m  - navigating to "https://shopview.testrail.io/index.php?/cases/edit/45039&_cb=1788977974858", waiting until "networkidle"[22m

    at /home/user/Manual-test-Cases/build/testing-tools/surgical_replace.mjs:70:14

Node.js v22.22.2
18:23:01 C44988 already checkpointed
18:23:01 C44989 already checkpointed
18:23:01 C44990 already checkpointed
18:23:01 C44991 already checkpointed
18:23:01 C44992 already checkpointed
18:23:01 C44995 already checkpointed
18:23:01 C44997 already checkpointed
18:23:01 C44998 already checkpointed
18:23:01 C44999 already checkpointed
18:23:01 C45000 already checkpointed
18:23:01 C45001 already checkpointed
18:23:01 C45002 already checkpointed
18:23:01 C45003 already checkpointed
18:23:01 C45004 already checkpointed
18:23:13 C45005 OK (custom_expected)  1/162
18:23:25 C45006 OK (custom_expected)  2/162
18:23:35 C45008 OK (custom_expected)  3/162
18:23:46 C45009 OK (custom_expected)  4/162
18:23:57 C45010 OK (custom_expected)  5/162
18:24:08 C45011 OK (custom_expected)  6/162
18:24:20 C45012 OK (custom_expected)  7/162
18:24:30 C45013 OK (custom_expected)  8/162
18:24:42 C45014 OK (custom_expected)  9/162
18:24:53 C45015 OK (custom_expected)  10/162
18:25:03 C45016 OK (custom_expected)  11/162
18:25:14 C45017 OK (custom_expected)  12/162
18:25:39 C45018 deadlock - retry 1/3
18:27:02 C45018 deadlock - retry 2/3
18:28:28 C45018 deadlock - retry 3/3
18:29:57 C45018 FAILED: still on the edit page ["Deadlock found when trying to get lock; try restarting transaction","Title is too long","You have reached max 2000 characters limit. You can't type more."]
18:30:16 C45019 OK (custom_expected)  13/162
18:30:30 C45020 OK (custom_expected)  14/162
18:30:45 C45021 OK (custom_expected)  15/162
18:30:59 C45022 OK (custom_expected)  16/162
18:31:16 C45023 OK (custom_expected)  17/162
18:31:34 C45024 OK (custom_expected)  18/162
18:31:48 C45025 OK (custom_expected)  19/162
18:31:59 C45026 OK (custom_expected)  20/162
18:32:11 C45027 OK (custom_expected)  21/162
18:32:22 C45028 OK (custom_expected)  22/162
18:32:33 C45029 OK (custom_expected)  23/162
18:32:46 C45030 OK (custom_expected)  24/162
18:32:59 C45031 OK (custom_expected)  25/162
node:internal/modules/run_main:123
    triggerUncaughtException(
    ^

page.click: Target page, context or browser has been closed
Browser logs:

[pid=26385][err] [0909/183236.527326:ERROR:net/socket/ssl_client_socket_impl.cc:902] handshake failed; returned -1, SSL error code 1, net_error -202
[pid=26385][err] [0909/183236.536328:ERROR:net/socket/ssl_client_socket_impl.cc:902] handshake failed; returned -1, SSL error code 1, net_error -202
[pid=26385][err] [0909/183240.902691:ERROR:net/socket/ssl_client_socket_impl.cc:902] handshake failed; returned -1, SSL error code 1, net_error -202
[pid=26385][err] [0909/183241.341098:ERROR:net/socket/ssl_client_socket_impl.cc:902] handshake failed; returned -1, SSL error code 1, net_error -202
[pid=26385][err] [0909/183241.342492:ERROR:net/socket/ssl_client_socket_impl.cc:902] handshake failed; returned -1, SSL error code 1, net_error -202
[pid=26385][err] [0909/183241.344161:ERROR:net/socket/ssl_client_socket_impl.cc:902] handshake failed; returned -1, SSL error code 1, net_error -202
[pid=26385][err] [0909/183241.345757:ERROR:net/socket/ssl_client_socket_impl.cc:902] handshake failed; returned -1, SSL error code 1, net_error -202
[pid=26385][err] [0909/183241.347249:ERROR:net/socket/ssl_client_socket_impl.cc:902] handshake failed; returned -1, SSL error code 1, net_error -202
[pid=26385][err] [0909/183241.349598:ERROR:net/socket/ssl_client_socket_impl.cc:902] handshake failed; returned -1, SSL error code 1, net_error -202
[pid=26385][err] [0909/183241.351142:ERROR:net/socket/ssl_client_socket_impl.cc:902] handshake failed; returned -1, SSL error code 1, net_error -202
[pid=26385][err] [0909/183241.353188:ERROR:net/socket/ssl_client_socket_impl.cc:902] handshake failed; returned -1, SSL error code 1, net_error -202
[pid=26385][err] [0909/183241.794965:ERROR:net/socket/ssl_client_socket_impl.cc:902] handshake failed; returned -1, SSL error code 1, net_error -202
[pid=26385][err] [0909/183241.796256:ERROR:net/socket/ssl_client_socket_impl.cc:902] handshake failed; returned -1, SSL error code 1, net_error -202
[pid=26385][err] [0909/183241.797896:ERROR:net/socket/ssl_client_socket_impl.cc:902] handshake failed; returned -1, SSL error code 1, net_error -202
[pid=26385][err] [0909/183241.799501:ERROR:net/socket/ssl_client_socket_impl.cc:902] handshake failed; returned -1, SSL error code 1, net_error -202
[pid=26385][err] [0909/183241.801046:ERROR:net/socket/ssl_client_socket_impl.cc:902] handshake failed; returned -1, SSL error code 1, net_error -202
[pid=26385][err] [0909/183241.802746:ERROR:net/socket/ssl_client_socket_impl.cc:902] handshake failed; returned -1, SSL error code 1, net_error -202
[pid=26385][err] [0909/183241.804385:ERROR:net/socket/ssl_client_socket_impl.cc:902] handshake failed; returned -1, SSL error code 1, net_error -202
[pid=26385][err] [0909/183241.805900:ERROR:net/socket/ssl_client_socket_impl.cc:902] handshake failed; returned -1, SSL error code 1, net_error -202
[pid=26385][err] [0909/183241.807440:ERROR:net/socket/ssl_client_socket_impl.cc:902] handshake failed; returned -1, SSL error code 1, net_error -202
[pid=26385][err] [0909/183241.809027:ERROR:net/socket/ssl_client_socket_impl.cc:902] handshake failed; returned -1, SSL error code 1, net_error -202
[pid=26385][err] [0909/183241.810635:ERROR:net/socket/ssl_client_socket_impl.cc:902] handshake failed; returned -1, SSL error code 1, net_error -202
[pid=26385][err] [0909/183241.812140:ERROR:net/socket/ssl_client_socket_impl.cc:902] handshake failed; returned -1, SSL error code 1, net_error -202
[pid=26385][err] [0909/183241.813525:ERROR:net/socket/ssl_client_socket_impl.cc:902] handshake failed; returned -1, SSL error code 1, net_error -202
[pid=26385][err] [0909/183241.814963:ERROR:net/socket/ssl_client_socket_impl.cc:902] handshake failed; returned -1, SSL error code 1, net_error -202
[pid=26385][err] [0909/183241.816523:ERROR:net/socket/ssl_client_socket_impl.cc:902] handshake failed; returned -1, SSL error code 1, net_error -202
[pid=26385][err] [0909/183242.755175:ERROR:net/socket/ssl_client_socket_impl.cc:902] handshake failed; returned -1, SSL error code 1, net_error -202
[pid=26385][err] [0909/183243.184661:ERROR:net/socket/ssl_client_socket_impl.cc:902] handshake failed; returned -1, SSL error code 1, net_error -202
[pid=26385][err] [0909/183245.397225:ERROR:net/socket/ssl_client_socket_impl.cc:902] handshake failed; returned -1, SSL error code 1, net_error -202
[pid=26385][err] [0909/183245.398125:ERROR:net/socket/ssl_client_socket_impl.cc:902] handshake failed; returned -1, SSL error code 1, net_error -202
[pid=26385][err] [0909/183245.399446:ERROR:net/socket/ssl_client_socket_impl.cc:902] handshake failed; returned -1, SSL error code 1, net_error -202
[pid=26385][err] [0909/183245.400262:ERROR:net/socket/ssl_client_socket_impl.cc:902] handshake failed; returned -1, SSL error code 1, net_error -202
[pid=26385][err] [0909/183247.252960:ERROR:net/socket/ssl_client_socket_impl.cc:902] handshake failed; returned -1, SSL error code 1, net_error -202
[pid=26385][err] [0909/183247.254637:ERROR:net/socket/ssl_client_socket_impl.cc:902] handshake failed; returned -1, SSL error code 1, net_error -202
[pid=26385][err] [0909/183247.256330:ERROR:net/socket/ssl_client_socket_impl.cc:902] handshake failed; returned -1, SSL error code 1, net_error -202
[pid=26385][err] [0909/183247.258876:ERROR:net/socket/ssl_client_socket_impl.cc:902] handshake failed; returned -1, SSL error code 1, net_error -202
[pid=26385][err] [0909/183247.260484:ERROR:net/socket/ssl_client_socket_impl.cc:902] handshake failed; returned -1, SSL error code 1, net_error -202
[pid=26385][err] [0909/183247.262036:ERROR:net/socket/ssl_client_socket_impl.cc:902] handshake failed; returned -1, SSL error code 1, net_error -202
[pid=26385][err] [0909/183247.264076:ERROR:net/socket/ssl_client_socket_impl.cc:902] handshake failed; returned -1, SSL error code 1, net_error -202
[pid=26385][err] [0909/183247.265675:ERROR:net/socket/ssl_client_socket_impl.cc:902] handshake failed; returned -1, SSL error code 1, net_error -202
[pid=26385][err] [0909/183247.267304:ERROR:net/socket/ssl_client_socket_impl.cc:902] handshake failed; returned -1, SSL error code 1, net_error -202
[pid=26385][err] [0909/183248.244130:ERROR:net/socket/ssl_client_socket_impl.cc:902] handshake failed; returned -1, SSL error code 1, net_error -202
[pid=26385][err] [0909/183248.247506:INFO:CONSOLE:1] "Labels Control: Project ID is not set.", source: https://static.testrail.io/10.7.1.1003/js/bundle/application-entrypoint.js (1)
[pid=26385][err] [0909/183248.249452:ERROR:net/socket/ssl_client_socket_impl.cc:902] handshake failed; returned -1, SSL error code 1, net_error -202
[pid=26385][err] [0909/183248.258806:ERROR:net/socket/ssl_client_socket_impl.cc:902] handshake failed; returned -1, SSL error code 1, net_error -202
[pid=26385][err] [0909/183248.260649:ERROR:net/socket/ssl_client_socket_impl.cc:902] handshake failed; returned -1, SSL error code 1, net_error -202
[pid=26385][err] [0909/183248.839082:ERROR:net/socket/ssl_client_socket_impl.cc:902] handshake failed; returned -1, SSL error code 1, net_error -202
[pid=26385][err] [0909/183248.840772:ERROR:net/socket/ssl_client_socket_impl.cc:902] handshake failed; returned -1, SSL error code 1, net_error -202
[pid=26385][err] [0909/183248.842228:ERROR:net/socket/ssl_client_socket_impl.cc:902] handshake failed; returned -1, SSL error code 1, net_error -202
[pid=26385][err] [0909/183248.843865:ERROR:net/socket/ssl_client_socket_impl.cc:902] handshake failed; returned -1, SSL error code 1, net_error -202
[pid=26385][err] [0909/183248.845440:ERROR:net/socket/ssl_client_socket_impl.cc:902] handshake failed; returned -1, SSL error code 1, net_error -202
[pid=26385][err] [0909/183248.846890:ERROR:net/socket/ssl_client_socket_impl.cc:902] handshake failed; returned -1, SSL error code 1, net_error -202
[pid=26385][err] [0909/183248.848376:ERROR:net/socket/ssl_client_socket_impl.cc:902] handshake failed; returned -1, SSL error code 1, net_error -202
[pid=26385][err] [0909/183248.849973:ERROR:net/socket/ssl_client_socket_impl.cc:902] handshake failed; returned -1, SSL error code 1, net_error -202
[pid=26385][err] [0909/183248.851861:ERROR:net/socket/ssl_client_socket_impl.cc:902] handshake failed; returned -1, SSL error code 1, net_error -202
[pid=26385][err] [0909/183248.853393:ERROR:net/socket/ssl_client_socket_impl.cc:902] handshake failed; returned -1, SSL error code 1, net_error -202
[pid=26385][err] [0909/183249.719627:ERROR:net/socket/ssl_client_socket_impl.cc:902] handshake failed; returned -1, SSL error code 1, net_error -202
[pid=26385][err] [0909/183249.728946:ERROR:net/socket/ssl_client_socket_impl.cc:902] handshake failed; returned -1, SSL error code 1, net_error -202
[pid=26385][err] [0909/183249.810234:ERROR:net/socket/ssl_client_socket_impl.cc:902] handshake failed; returned -1, SSL error code 1, net_error -202
[pid=26385][err] [0909/183253.571803:ERROR:net/socket/ssl_client_socket_impl.cc:902] handshake failed; returned -1, SSL error code 1, net_error -202
[pid=26385][err] [0909/183254.125915:ERROR:net/socket/ssl_client_socket_impl.cc:902] handshake failed; returned -1, SSL error code 1, net_error -202
[pid=26385][err] [0909/183254.127095:ERROR:net/socket/ssl_client_socket_impl.cc:902] handshake failed; returned -1, SSL error code 1, net_error -202
[pid=26385][err] [0909/183254.128824:ERROR:net/socket/ssl_client_socket_impl.cc:902] handshake failed; returned -1, SSL error code 1, net_error -202
[pid=26385][err] [0909/183254.130517:ERROR:net/socket/ssl_client_socket_impl.cc:902] handshake failed; returned -1, SSL error code 1, net_error -202
[pid=26385][err] [0909/183254.132018:ERROR:net/socket/ssl_client_socket_impl.cc:902] handshake failed; returned -1, SSL error code 1, net_error -202
[pid=26385][err] [0909/183254.133472:ERROR:net/socket/ssl_client_socket_impl.cc:902] handshake failed; returned -1, SSL error code 1, net_error -202
[pid=26385][err] [0909/183254.135060:ERROR:net/socket/ssl_client_socket_impl.cc:902] handshake failed; returned -1, SSL error code 1, net_error -202
[pid=26385][err] [0909/183254.136508:ERROR:net/socket/ssl_client_socket_impl.cc:902] handshake failed; returned -1, SSL error code 1, net_error -202
[pid=26385][err] [0909/183254.137944:ERROR:net/socket/ssl_client_socket_impl.cc:902] handshake failed; returned -1, SSL error code 1, net_error -202
[pid=26385][err] [0909/183254.139454:ERROR:net/socket/ssl_client_socket_impl.cc:902] handshake failed; returned -1, SSL error code 1, net_error -202
[pid=26385][err] [0909/183254.140945:ERROR:net/socket/ssl_client_socket_impl.cc:902] handshake failed; returned -1, SSL error code 1, net_error -202
[pid=26385][err] [0909/183254.142349:ERROR:net/socket/ssl_client_socket_impl.cc:902] handshake failed; returned -1, SSL error code 1, net_error -202
[pid=26385][err] [0909/183254.143791:ERROR:net/socket/ssl_client_socket_impl.cc:902] handshake failed; returned -1, SSL error code 1, net_error -202
[pid=26385][err] [0909/183254.145787:ERROR:net/socket/ssl_client_socket_impl.cc:902] handshake failed; returned -1, SSL error code 1, net_error -202
[pid=26385][err] [0909/183254.147450:ERROR:net/socket/ssl_client_socket_impl.cc:902] handshake failed; returned -1, SSL error code 1, net_error -202
[pid=26385][err] [0909/183254.149134:ERROR:net/socket/ssl_client_socket_impl.cc:902] handshake failed; returned -1, SSL error code 1, net_error -202
[pid=26385][err] [0909/183254.150695:ERROR:net/socket/ssl_client_socket_impl.cc:902] handshake failed; returned -1, SSL error code 1, net_error -202
[pid=26385][err] [0909/183254.152296:ERROR:net/socket/ssl_client_socket_impl.cc:902] handshake failed; returned -1, SSL error code 1, net_error -202
[pid=26385][err] [0909/183254.153937:ERROR:net/socket/ssl_client_socket_impl.cc:902] handshake failed; returned -1, SSL error code 1, net_error -202
[pid=26385][err] [0909/183254.155692:ERROR:net/socket/ssl_client_socket_impl.cc:902] handshake failed; returned -1, SSL error code 1, net_error -202
[pid=26385][err] [0909/183254.157362:ERROR:net/socket/ssl_client_socket_impl.cc:902] handshake failed; returned -1, SSL error code 1, net_error -202
[pid=26385][err] [0909/183254.159143:ERROR:net/socket/ssl_client_socket_impl.cc:902] handshake failed; returned -1, SSL error code 1, net_error -202
[pid=26385][err] [0909/183254.160871:ERROR:net/socket/ssl_client_socket_impl.cc:902] handshake failed; returned -1, SSL error code 1, net_error -202
[pid=26385][err] [0909/183254.162585:ERROR:net/socket/ssl_client_socket_impl.cc:902] handshake failed; returned -1, SSL error code 1, net_error -202
[pid=26385][err] [0909/183254.164232:ERROR:net/socket/ssl_client_socket_impl.cc:902] handshake failed; returned -1, SSL error code 1, net_error -202
[pid=26385][err] [0909/183254.165797:ERROR:net/socket/ssl_client_socket_impl.cc:902] handshake failed; returned -1, SSL error code 1, net_error -202
[pid=26385][err] [0909/183254.167467:ERROR:net/socket/ssl_client_socket_impl.cc:902] handshake failed; returned -1, SSL error code 1, net_error -202
[pid=26385][err] [0909/183254.169003:ERROR:net/socket/ssl_client_socket_impl.cc:902] handshake failed; returned -1, SSL error code 1, net_error -202
[pid=26385][err] [0909/183254.170843:ERROR:net/socket/ssl_client_socket_impl.cc:902] handshake failed; returned -1, SSL error code 1, net_error -202
[pid=26385][err] [0909/183254.172339:ERROR:net/socket/ssl_client_socket_impl.cc:902] handshake failed; returned -1, SSL error code 1, net_error -202
[pid=26385][err] [0909/183254.174759:ERROR:net/socket/ssl_client_socket_impl.cc:902] handshake failed; returned -1, SSL error code 1, net_error -202
[pid=26385][err] [0909/183254.589543:ERROR:net/socket/ssl_client_socket_impl.cc:902] handshake failed; returned -1, SSL error code 1, net_error -202
[pid=26385][err] [0909/183254.590259:ERROR:net/socket/ssl_client_socket_impl.cc:902] handshake failed; returned -1, SSL error code 1, net_error -202
[pid=26385][err] [0909/183254.591227:ERROR:net/socket/ssl_client_socket_impl.cc:902] handshake failed; returned -1, SSL error code 1, net_error -202
[pid=26385][err] [0909/183254.591792:ERROR:net/socket/ssl_client_socket_impl.cc:902] handshake failed; returned -1, SSL error code 1, net_error -202
[pid=26385][err] [0909/183254.592943:ERROR:net/socket/ssl_client_socket_impl.cc:902] handshake failed; returned -1, SSL error code 1, net_error -202
[pid=26385][err] [0909/183254.593695:ERROR:net/socket/ssl_client_socket_impl.cc:902] handshake failed; returned -1, SSL error code 1, net_error -202
[pid=26385][err] [0909/183254.595171:ERROR:net/socket/ssl_client_socket_impl.cc:902] handshake failed; returned -1, SSL error code 1, net_error -202
[pid=26385][err] [0909/183254.596104:ERROR:net/socket/ssl_client_socket_impl.cc:902] handshake failed; returned -1, SSL error code 1, net_error -202
[pid=26385][err] [0909/183254.596855:ERROR:net/socket/ssl_client_socket_impl.cc:902] handshake failed; returned -1, SSL error code 1, net_error -202
[pid=26385][err] [0909/183254.597856:ERROR:net/socket/ssl_client_socket_impl.cc:902] handshake failed; returned -1, SSL error code 1, net_error -202
[pid=26385][err] [0909/183254.598999:ERROR:net/socket/ssl_client_socket_impl.cc:902] handshake failed; returned -1, SSL error code 1, net_error -202
[pid=26385][err] [0909/183254.600062:ERROR:net/socket/ssl_client_socket_impl.cc:902] handshake failed; returned -1, SSL error code 1, net_error -202
[pid=26385][err] [0909/183254.601057:ERROR:net/socket/ssl_client_socket_impl.cc:902] handshake failed; returned -1, SSL error code 1, net_error -202
[pid=26385][err] [0909/183254.602116:ERROR:net/socket/ssl_client_socket_impl.cc:902] handshake failed; returned -1, SSL error code 1, net_error -202
[pid=26385][err] [0909/183254.603648:ERROR:net/socket/ssl_client_socket_impl.cc:902] handshake failed; returned -1, SSL error code 1, net_error -202
[pid=26385][err] [0909/183254.604755:ERROR:net/socket/ssl_client_socket_impl.cc:902] handshake failed; returned -1, SSL error code 1, net_error -202
[pid=26385][err] [0909/183254.606017:ERROR:net/socket/ssl_client_socket_impl.cc:902] handshake failed; returned -1, SSL error code 1, net_error -202
[pid=26385][err] [0909/183254.607568:ERROR:net/socket/ssl_client_socket_impl.cc:902] handshake failed; returned -1, SSL error code 1, net_error -202
[pid=26385][err] [0909/183254.608583:ERROR:net/socket/ssl_client_socket_impl.cc:902] handshake failed; returned -1, SSL error code 1, net_error -202
[pid=26385][err] [0909/183254.609771:ERROR:net/socket/ssl_client_socket_impl.cc:902] handshake failed; returned -1, SSL error code 1, net_error -202
[pid=26385][err] [0909/183254.611489:ERROR:net/socket/ssl_client_socket_impl.cc:902] handshake failed; returned -1, SSL error code 1, net_error -202
[pid=26385][err] [0909/183254.613039:ERROR:net/socket/ssl_client_socket_impl.cc:902] handshake failed; returned -1, SSL error code 1, net_error -202
[pid=26385][err] [0909/183254.614075:ERROR:net/socket/ssl_client_socket_impl.cc:902] handshake failed; returned -1, SSL error code 1, net_error -202
[pid=26385][err] [0909/183254.615238:ERROR:net/socket/ssl_client_socket_impl.cc:902] handshake failed; returned -1, SSL error code 1, net_error -202
[pid=26385][err] [0909/183254.616682:ERROR:net/socket/ssl_client_socket_impl.cc:902] handshake failed; returned -1, SSL error code 1, net_error -202
[pid=26385][err] [0909/183256.830197:ERROR:net/socket/ssl_client_socket_impl.cc:902] handshake failed; returned -1, SSL error code 1, net_error -202
[pid=26385][err] [0909/183257.103779:ERROR:net/socket/ssl_client_socket_impl.cc:902] handshake failed; returned -1, SSL error code 1, net_error -202
[pid=26385][err] [0909/183257.115544:ERROR:net/socket/ssl_client_socket_impl.cc:902] handshake failed; returned -1, SSL error code 1, net_error -202
[pid=26385][err] [0909/183257.603061:ERROR:net/socket/ssl_client_socket_impl.cc:902] handshake failed; returned -1, SSL error code 1, net_error -202
[pid=26385][err] [0909/183257.603476:ERROR:net/socket/ssl_client_socket_impl.cc:902] handshake failed; returned -1, SSL error code 1, net_error -202
[pid=26385][err] [0909/183257.605036:ERROR:net/socket/ssl_client_socket_impl.cc:902] handshake failed; returned -1, SSL error code 1, net_error -202
[pid=26385][err] [0909/183258.043291:ERROR:net/socket/ssl_client_socket_impl.cc:902] handshake failed; returned -1, SSL error code 1, net_error -202
[pid=26385][err] [0909/183258.043792:ERROR:net/socket/ssl_client_socket_impl.cc:902] handshake failed; returned -1, SSL error code 1, net_error -202
[pid=26385][err] [0909/183258.044657:ERROR:net/socket/ssl_client_socket_impl.cc:902] handshake failed; returned -1, SSL error code 1, net_error -202
[pid=26385][err] [0909/183258.046476:ERROR:net/socket/ssl_client_socket_impl.cc:902] handshake failed; returned -1, SSL error code 1, net_error -202
[pid=26385][err] [0909/183259.916647:ERROR:net/socket/ssl_client_socket_impl.cc:902] handshake failed; returned -1, SSL error code 1, net_error -202
[pid=26385][err] [0909/183259.918603:ERROR:net/socket/ssl_client_socket_impl.cc:902] handshake failed; returned -1, SSL error code 1, net_error -202
[pid=26385][err] [0909/183259.920349:ERROR:net/socket/ssl_client_socket_impl.cc:902] handshake failed; returned -1, SSL error code 1, net_error -202
[pid=26385][err] [0909/183259.924610:ERROR:net/socket/ssl_client_socket_impl.cc:902] handshake failed; returned -1, SSL error code 1, net_error -202
[pid=26385][err] [0909/183259.926371:ERROR:net/socket/ssl_client_socket_impl.cc:902] handshake failed; returned -1, SSL error code 1, net_error -202
[pid=26385][err] [0909/183300.593265:ERROR:net/socket/ssl_client_socket_impl.cc:902] handshake failed; returned -1, SSL error code 1, net_error -202
[pid=26385][err] [0909/183300.597955:INFO:CONSOLE:1] "Labels Control: Project ID is not set.", source: https://static.testrail.io/10.7.1.1003/js/bundle/application-entrypoint.js (1)
[pid=26385][err] [0909/183300.602561:ERROR:net/socket/ssl_client_socket_impl.cc:902] handshake failed; returned -1, SSL error code 1, net_error -202
[pid=26385][err] [0909/183300.605553:ERROR:net/socket/ssl_client_socket_impl.cc:902] handshake failed; returned -1, SSL error code 1, net_error -202
[pid=26385][err] [0909/183300.609369:ERROR:net/socket/ssl_client_socket_impl.cc:902] handshake failed; returned -1, SSL error code 1, net_error -202
[pid=26385][err] [0909/183300.929371:ERROR:net/socket/ssl_client_socket_impl.cc:902] handshake failed; returned -1, SSL error code 1, net_error -202
[pid=26385][err] [0909/183300.930649:ERROR:net/socket/ssl_client_socket_impl.cc:902] handshake failed; returned -1, SSL error code 1, net_error -202
[pid=26385][err] [0909/183300.932477:ERROR:net/socket/ssl_client_socket_impl.cc:902] handshake failed; returned -1, SSL error code 1, net_error -202
[pid=26385][err] [0909/183300.934851:ERROR:net/socket/ssl_client_socket_impl.cc:902] handshake failed; returned -1, SSL error code 1, net_error -202
[pid=26385][err] [0909/183300.937119:ERROR:net/socket/ssl_client_socket_impl.cc:902] handshake failed; returned -1, SSL error code 1, net_error -202
[pid=26385][err] [0909/183300.938868:ERROR:net/socket/ssl_client_socket_impl.cc:902] handshake failed; returned -1, SSL error code 1, net_error -202
[pid=26385][err] [0909/183300.940536:ERROR:net/socket/ssl_client_socket_impl.cc:902] handshake failed; returned -1, SSL error code 1, net_error -202
[pid=26385][err] [0909/183301.990610:ERROR:net/socket/ssl_client_socket_impl.cc:902] handshake failed; returned -1, SSL error code 1, net_error -202
[pid=26385][err] [0909/183302.006844:ERROR:net/socket/ssl_client_socket_impl.cc:902] handshake failed; returned -1, SSL error code 1, net_error -202
[pid=26385][err] [0909/183302.014876:ERROR:net/socket/ssl_client_socket_impl.cc:902] handshake failed; returned -1, SSL error code 1, net_error -202
[pid=26385] <gracefully close start>
[pid=26385] <forcefully close>
[pid=26385] <kill>
[pid=26385] <will force kill>
Call log:
[2m  - waiting for locator('#accept')[22m
[2m    - locator resolved to <button disabled id="accept" type="submit" class="button button-left button-positive button-ok ">↵⇆⇆Save Test Case⇆</button>[22m
[2m  - attempting click action[22m
[2m    2 × waiting for element to be visible, enabled and stable[22m
[2m      - element is not enabled[22m
[2m    - retrying click action[22m
[2m    - waiting 20ms[22m
[2m    2 × waiting for element to be visible, enabled and stable[22m
[2m      - element is not enabled[22m
[2m    - retrying click action[22m
[2m      - waiting 100ms[22m
[2m    - waiting for element to be visible, enabled and stable[22m
[2m    - element is not enabled[22m
[2m  - retrying click action[22m
[2m    - waiting 500ms[22m

    at /home/user/Manual-test-Cases/build/testing-tools/surgical_replace.mjs:111:16

Node.js v22.22.2
