
=== C44988 ===
  field0: fr-view=false blocks=false escaped=false :: 
  field1: fr-view=true blocks=true escaped=false ::  <p>1. In the top menu, click “Work Orders”, then open a work order wh
  field2: fr-view=true blocks=true escaped=false ::  <p>1. Open the work order and look at each work order line's Parts se
  field3: fr-view=true blocks=true escaped=false ::  <p>1. Each work order line displays an “Add Part” button in its Parts
  field4: fr-view=false blocks=false escaped=false :: 

=== C44989 ===
  field0: fr-view=false blocks=false escaped=false :: 
  field1: fr-view=true blocks=true escaped=false ::  <p>1. In the top menu click “Work Orders”, then open a work order who
  field2: fr-view=true blocks=true escaped=false ::  <p>1. Select “Add Part” on a work order line.</p> 
  field3: fr-view=true blocks=true escaped=false ::  <p>1. An editable inline row opens directly below the Add Part contro
  field4: fr-view=false blocks=false escaped=false :: 

=== C44990 ===
  field0: fr-view=false blocks=false escaped=false :: 
  field1: fr-view=true blocks=true escaped=false ::  <p>1. In the top menu click “Work Orders”, then open a work order who
  field2: fr-view=true blocks=true escaped=false ::  <p>1. As a Tech View user, select “Add Part” and note the fields show
  field3: fr-view=true blocks=true escaped=false ::  <p>1. For a Tech View user the inline row follows Story 2 (three fiel
  field4: fr-view=false blocks=false escaped=false :: 

=== C44991 ===
  field0: fr-view=false blocks=false escaped=false :: 
  field1: fr-view=true blocks=true escaped=false ::  <p>1. In the top menu click “Work Orders”, then open a work order who
  field2: fr-view=true blocks=true escaped=false ::  <p>1. Hover the mouse over an existing part line.<br>2. Move keyboard
  field3: fr-view=true blocks=true escaped=false ::  <p>1. An Edit control is displayed on the part line when you hover ov
  field4: fr-view=false blocks=false escaped=false :: 

=== C44992 ===
  field0: fr-view=false blocks=false escaped=false :: 
  field1: fr-view=true blocks=true escaped=false ::  <p>1. In the top menu click “Work Orders”, then open a work order who
  field2: fr-view=true blocks=true escaped=false ::  <p>1. As a Tech View user, select Edit on an existing part line.<br>2
  field3: fr-view=true blocks=true escaped=false ::  <p>1. For a Tech View user, selecting Edit follows Story 3 (inline ed
  field4: fr-view=false blocks=false escaped=false :: 

=== C44993 ===
  field0: fr-view=false blocks=false escaped=false :: 
  field1: fr-view=true blocks=true escaped=false ::  <p>1. Your user’s role can edit work order lines. To check it: open “
  field2: fr-view=true blocks=true escaped=false ::  <p>1. For each work order status you can reach (Complete, Invoiced, P
  field3: fr-view=true blocks=true escaped=false ::  <p>1. The “Add Part” button is not displayed on any work order line w
  field4: fr-view=false blocks=false escaped=false :: 

=== C44994 ===
  field0: fr-view=false blocks=false escaped=false :: 
  field1: fr-view=true blocks=true escaped=false ::  <p>1. Your user’s role can edit work order lines. To check it: open “
  field2: fr-view=true blocks=true escaped=false ::  <p>1. For each work order status you can reach (Complete, Invoiced, P
  field3: fr-view=true blocks=true escaped=false ::  <p>1. The Edit control is not displayed on part lines when the work o
  field4: fr-view=false blocks=false escaped=false :: 

=== C44995 ===
  field0: fr-view=false blocks=false escaped=false :: 
  field1: fr-view=true blocks=true escaped=false ::  <p>1. In the top menu click “Work Orders”, then open a work order who
  field2: fr-view=true blocks=true escaped=false ::  <p>1. Open the work order and look at the Parts section and existing 
  field3: fr-view=true blocks=true escaped=false ::  <p>1. The “Add Part” button is not displayed.<br>2. The Edit control 
  field4: fr-view=false blocks=false escaped=false :: 

=== C44997 ===
  field0: fr-view=false blocks=false escaped=false :: 
  field1: fr-view=true blocks=true escaped=false ::  <p>1. In the top menu click “Work Orders”, then open a work order who
  field2: fr-view=true blocks=true escaped=false ::  <p>1. Select “Add Part” on a different work order line.</p> 
  field3: fr-view=true blocks=true escaped=false ::  <p>1. The unsaved-data confirmation from S6-R5 is shown before the re
  field4: fr-view=false blocks=false escaped=false :: 

=== C45250 ===
  field0: fr-view=false blocks=false escaped=false :: 
  field1: fr-view=true blocks=true escaped=false ::  <p>1. You have a work order line whose status is Complete and that ha
  field2: fr-view=true blocks=true escaped=false ::  <p>1. In the top menu, click “Work Orders”, then create a new work or
  field3: fr-view=true blocks=true escaped=false ::  <p>1. On the now-Complete line, the “+ Add Part” button is still avai
  field4: fr-view=false blocks=false escaped=false :: 

=== C45251 ===
  field0: fr-view=false blocks=false escaped=false :: 
  field1: fr-view=true blocks=true escaped=false ::  <ol><li>You have a work order line in Complete status with a part on 
  field2: fr-view=true blocks=true escaped=false ::  <ol><li>In the top menu, click “Work Orders”, then create a new work 
  field3: fr-view=true blocks=true escaped=false ::  <p>1. For an INVENTORY part, only these fields are editable (all othe
  field4: fr-view=false blocks=false escaped=false :: 

=== C45252 ===
  field0: fr-view=false blocks=false escaped=false :: 
  field1: fr-view=true blocks=true escaped=false ::  <ol><li>In the top menu, click “Work Orders”, create a new work order
  field2: fr-view=true blocks=true escaped=false ::  <ol><li>In the line's Parts section, click “+ Add Part”.</li><li>In t
  field3: fr-view=true blocks=true escaped=false ::  <p>1. Entering the Cost fills in the Sell Price automatically, calcul
  field4: fr-view=false blocks=false escaped=false :: 

=== C45253 ===
  field0: fr-view=false blocks=false escaped=false :: 
  field1: fr-view=true blocks=true escaped=false ::  <ol><li>In the top menu, click “Work Orders”, create a new work order
  field2: fr-view=true blocks=true escaped=false ::  <ol><li>In the line's Parts section, click “+ Add Part”.</li><li>Fill
  field3: fr-view=true blocks=true escaped=false ::  <p>1. The Sell Price changes according to the selected category, for 
  field4: fr-view=false blocks=false escaped=false :: 

=== C45254 ===
  field0: fr-view=false blocks=false escaped=false :: 
  field1: fr-view=true blocks=true escaped=false ::  <ol><li>In the top menu, click “Work Orders”, then open a work order 
  field2: fr-view=true blocks=true escaped=false ::  <ol><li>In the work order line's Parts section, click “+ Add Part”.</
  field3: fr-view=true blocks=true escaped=false ::  <ol><li>You are NOT allowed to enter a custom Cost for an inventory p
  field4: fr-view=false blocks=false escaped=false :: 

=== C44998 ===
  field0: fr-view=false blocks=false escaped=false :: 
  field1: fr-view=true blocks=true escaped=false ::  <p>1. In the top menu click “Work Orders”, then open a work order who
  field2: fr-view=true blocks=true escaped=false ::  <p>1. Select “Add Part” and inspect the fields in the inline row.</p>
  field3: fr-view=true blocks=true escaped=false ::  <p>1. The inline row displays exactly three editable fields, in order
  field4: fr-view=false blocks=false escaped=false :: 

=== C44999 ===
  field0: fr-view=false blocks=false escaped=false :: 
  field1: fr-view=true blocks=true escaped=false ::  <p>1. In the top menu click “Work Orders”, then open a work order who
  field2: fr-view=true blocks=true escaped=false ::  <p>1. Open the inline row and type into the part number field.</p> 
  field3: fr-view=true blocks=true escaped=false ::  <p>1. The part number field is the same catalog typeahead used in the
  field4: fr-view=false blocks=false escaped=false :: 

=== C45000 ===
  field0: fr-view=false blocks=false escaped=false :: 
  field1: fr-view=true blocks=true escaped=false ::  <p>1. In the top menu click “Work Orders”, then open a work order who
  field2: fr-view=true blocks=true escaped=false ::  <p>1. Type a description of your own into the description field.<br>2
  field3: fr-view=true blocks=true escaped=false ::  <p>1. The part number and description populate from the selected part
  field4: fr-view=false blocks=false escaped=false :: 

=== C45001 ===
  field0: fr-view=false blocks=false escaped=false :: 
  field1: fr-view=true blocks=true escaped=false ::  <p>1. In the top menu click “Work Orders”, then open a work order who
  field2: fr-view=true blocks=true escaped=false ::  <p>1. In the open inline add row (see Preconditions), select a catalo
  field3: fr-view=true blocks=true escaped=false ::  <p>1. For a catalog part, the populated description accepts your edit
  field4: fr-view=false blocks=false escaped=false :: 

=== C45002 ===
  field0: fr-view=false blocks=false escaped=false :: 
  field1: fr-view=true blocks=true escaped=false ::  <p>1. In the top menu click “Work Orders”, then open a work order who
  field2: fr-view=true blocks=true escaped=false ::  <p>1. Open the inline row and look at the quantity field before typin
  field3: fr-view=true blocks=true escaped=false ::  <p>1. The quantity field starts empty (it is not pre-filled with 1).<
  field4: fr-view=false blocks=false escaped=false :: 

=== C45003 ===
  field0: fr-view=false blocks=false escaped=false :: 
  field1: fr-view=true blocks=true escaped=false ::  <p>1. In the top menu click “Work Orders”, then open a work order who
  field2: fr-view=true blocks=true escaped=false ::  <p>1. Open the inline row and look at its actions.</p> 
  field3: fr-view=true blocks=true escaped=false ::  <p>1. The inline row displays a Save action and a close action (the “
  field4: fr-view=false blocks=false escaped=false :: 

=== C45004 ===
  field0: fr-view=false blocks=false escaped=false :: 
  field1: fr-view=true blocks=true escaped=false ::  <p>1. In the top menu click “Work Orders”, then open a work order who
  field2: fr-view=true blocks=true escaped=false ::  <p>1. Enter a description and a quantity but leave part number empty,
  field3: fr-view=true blocks=true escaped=false ::  <p>1. With a description and a quantity the part saves even though pa
  field4: fr-view=false blocks=false escaped=false :: 

=== C45005 ===
  field0: fr-view=false blocks=false escaped=false :: 
  field1: fr-view=true blocks=true escaped=false ::  <p>1. A work order is open with status Estimate, Approved, In Progres
  field2: fr-view=true blocks=true escaped=false ::  <p>1. Enter a valid description and quantity and Save the row.</p> 
  field3: fr-view=true blocks=true escaped=false ::  <p>1. The part is added at the top of the line's parts list.<br>2. A 
  field4: fr-view=false blocks=false escaped=false :: 

=== C45006 ===
  field0: fr-view=false blocks=false escaped=false :: 
  field1: fr-view=true blocks=true escaped=false ::  <p>1. In the top menu click “Work Orders”, then open a work order who
  field2: fr-view=true blocks=true escaped=false ::  <p>1. Save a valid inline row.</p> 
  field3: fr-view=true blocks=true escaped=false ::  <p>1. Immediately after the successful save, a new empty inline row o
  field4: fr-view=false blocks=false escaped=false :: 

=== C45007 ===
  field0: fr-view=false blocks=false escaped=false :: 
  field1: fr-view=true blocks=true escaped=false ::  <p>1. In the top menu click “Work Orders”, then open a work order who
  field2: fr-view=true blocks=true escaped=false ::  <p>1. Through the Tech View inline row, add a part that has NO catego
  field3: fr-view=true blocks=true escaped=false ::  <p>1. A part with no category of its own is assigned the category "Un
  field4: fr-view=false blocks=false escaped=false :: 

=== C45008 ===
  field0: fr-view=false blocks=false escaped=false :: 
  field1: fr-view=true blocks=true escaped=false ::  <p>1. In the top menu click “Work Orders”, then open a work order who
  field2: fr-view=true blocks=true escaped=false ::  <p>1. Enter a valid description and quantity.<br>2. With the cursor i
  field3: fr-view=true blocks=true escaped=false ::  <p>1. Pressing Enter saves the row, with the same result as selecting
  field4: fr-view=false blocks=false escaped=false :: 

=== C45009 ===
  field0: fr-view=false blocks=false escaped=false :: 
  field1: fr-view=true blocks=true escaped=false ::  <p>1. In the top menu click “Work Orders”, then open a work order who
  field2: fr-view=true blocks=true escaped=false ::  <p>1. Place the cursor in the description field and press Tab repeate
  field3: fr-view=true blocks=true escaped=false ::  <p>1. Tab moves the cursor forward through the row and does not leave
  field4: fr-view=false blocks=false escaped=false :: 

=== C45010 ===
  field0: fr-view=false blocks=false escaped=false :: 
  field1: fr-view=true blocks=true escaped=false ::  <p>1. In the top menu click “Work Orders”, then open a work order who
  field2: fr-view=true blocks=true escaped=false ::  <p>1. With an empty inline row open, press Escape.</p> 
  field3: fr-view=true blocks=true escaped=false ::  <p>1. Escape closes the inline row, with the same result as selecting
  field4: fr-view=false blocks=false escaped=false :: 

=== C45011 ===
  field0: fr-view=false blocks=false escaped=false :: 
  field1: fr-view=true blocks=true escaped=false ::  <p>1. In the top menu click “Work Orders”, then open a work order who
  field2: fr-view=true blocks=true escaped=false ::  <p>1. With data entered in the row, select the row’s close control (t
  field3: fr-view=true blocks=true escaped=false ::  <p>1. Selecting X closes the inline row without saving.<br>2. Because
  field4: fr-view=false blocks=false escaped=false :: 

=== C45012 ===
  field0: fr-view=false blocks=false escaped=false :: 
  field1: fr-view=true blocks=true escaped=false ::  <p>1. In the top menu click “Work Orders”, then open a work order who
  field2: fr-view=true blocks=true escaped=false ::  <p>1. Click somewhere on the page outside the inline row.</p> 
  field3: fr-view=true blocks=true escaped=false ::  <p>1. The inline row remains open and its data is preserved; the clic
  field4: fr-view=false blocks=false escaped=false :: 

=== C45013 ===
  field0: fr-view=false blocks=false escaped=false :: 
  field1: fr-view=true blocks=true escaped=false ::  <p>1. In the top menu click “Work Orders”, then open a work order who
  field2: fr-view=true blocks=true escaped=false ::  <p>1. Type a description (and optionally a part number) that matches 
  field3: fr-view=true blocks=true escaped=false ::  <p>1. The part is added with the existing Requested status and the pa
  field4: fr-view=false blocks=false escaped=false :: 

=== C45014 ===
  field0: fr-view=false blocks=false escaped=false :: 
  field1: fr-view=true blocks=true escaped=false ::  <p>1. In the top menu click “Work Orders”, then open a work order who
  field2: fr-view=true blocks=true escaped=false ::  <p>1. Open the inline row and read the keyboard hint legend.</p> 
  field3: fr-view=true blocks=true escaped=false ::  <p>1. The inline row displays a keyboard hint legend: Enter — save &a
  field4: fr-view=false blocks=false escaped=false :: 

=== C45015 ===
  field0: fr-view=false blocks=false escaped=false :: 
  field1: fr-view=true blocks=true escaped=false ::  <p>1. In the top menu click “Work Orders”, then open a work order who
  field2: fr-view=true blocks=true escaped=false ::  <p>1. Leave the description and the quantity empty and attempt to Sav
  field3: fr-view=true blocks=true escaped=false ::  <p>1. The row does not save; a single inline validation message names
  field4: fr-view=false blocks=false escaped=false :: 

=== C45016 ===
  field0: fr-view=false blocks=false escaped=false :: 
  field1: fr-view=true blocks=true escaped=false ::  <p>1. In the top menu click “Work Orders”, then open a work order who
  field2: fr-view=true blocks=true escaped=false ::  <p>1. Enter a description and a quantity of 0 (or a negative number) 
  field3: fr-view=true blocks=true escaped=false ::  <p>1. The row does not save and an inline validation message is displ
  field4: fr-view=false blocks=false escaped=false :: 

=== C45017 ===
  field0: fr-view=false blocks=false escaped=false :: 
  field1: fr-view=true blocks=true escaped=false ::  <p>1. In the top menu click “Work Orders”, then open a work order who
  field2: fr-view=true blocks=true escaped=false ::  <p>1. Trigger a validation error by leaving a required field empty an
  field3: fr-view=true blocks=true escaped=false ::  <p>1. The invalid field is highlighted and the cursor moves to the fi
  field4: fr-view=false blocks=false escaped=false :: 

=== C45018 ===
  field0: fr-view=false blocks=false escaped=false :: 
  field1: fr-view=true blocks=true escaped=false ::  <p>1. In the top menu click “Work Orders”, then open a work order who
  field2: fr-view=true blocks=true escaped=false ::  <p>1. Correct the field named in the validation message.</p> 
  field3: fr-view=true blocks=true escaped=false ::  <p>1. The validation message clears as soon as the field is corrected
  field4: fr-view=false blocks=false escaped=false :: 

=== C45019 ===
  field0: fr-view=false blocks=false escaped=false :: 
  field1: fr-view=true blocks=true escaped=false ::  <p>1. In the top menu click “Work Orders”, then open a work order who
  field2: fr-view=true blocks=true escaped=false ::  <p>1. With no data entered in the row, select the row’s close control
  field3: fr-view=true blocks=true escaped=false ::  <p>1. The row closes immediately with no confirmation.</p><p>---<br>T
  field4: fr-view=false blocks=false escaped=false :: 

=== C45020 ===
  field0: fr-view=false blocks=false escaped=false :: 
  field1: fr-view=true blocks=true escaped=false ::  <p>1. In the top menu click “Work Orders”, then open a work order who
  field2: fr-view=true blocks=true escaped=false ::  <p>1. Add a part to the line, then add the exact same part to the sam
  field3: fr-view=true blocks=true escaped=false ::  <p>1. Two separate part lines are created; the quantities are not mer
  field4: fr-view=false blocks=false escaped=false :: 

=== C45021 ===
  field0: fr-view=false blocks=false escaped=false :: 
  field1: fr-view=true blocks=true escaped=false ::  <p>1. In the top menu click “Work Orders”, then open a work order who
  field2: fr-view=true blocks=true escaped=false ::  <p>1. While the row is open, have the work order move to a status tha
  field3: fr-view=true blocks=true escaped=false ::  <p>1. The save fails and an alert is shown: “This work order can no l
  field4: fr-view=false blocks=false escaped=false :: 

=== C45022 ===
  field0: fr-view=false blocks=false escaped=false :: 
  field1: fr-view=true blocks=true escaped=false ::  <p>1. In the top menu click “Work Orders”, then open a work order who
  field2: fr-view=true blocks=true escaped=false ::  <p>1. Cause the save to fail for a reason other than an editability c
  field3: fr-view=true blocks=true escaped=false ::  <p>1. An alert toast is shown: “Couldn't add the part. Please try aga
  field4: fr-view=false blocks=false escaped=false :: 

=== C45023 ===
  field0: fr-view=false blocks=false escaped=false :: 
  field1: fr-view=true blocks=true escaped=false ::  <p>1. In the top menu click “Work Orders”, then open a work order who
  field2: fr-view=true blocks=true escaped=false ::  <p>1. In the work order line's Parts section (see Preconditions), sel
  field3: fr-view=true blocks=true escaped=false ::  <p>1. An inline edit row opens directly below that part line.<br>2. I
  field4: fr-view=false blocks=false escaped=false :: 

=== C45024 ===
  field0: fr-view=false blocks=false escaped=false :: 
  field1: fr-view=true blocks=true escaped=false ::  <p>1. In the top menu click “Work Orders”, then open a work order who
  field2: fr-view=true blocks=true escaped=false ::  <p>1. Select Edit on an existing part line and inspect the row.</p> 
  field3: fr-view=true blocks=true escaped=false ::  <p>1. The inline row is pre-populated with the part's current descrip
  field4: fr-view=false blocks=false escaped=false :: 

=== C45025 ===
  field0: fr-view=false blocks=false escaped=false :: 
  field1: fr-view=true blocks=true escaped=false ::  <p>1. In the top menu click “Work Orders”, then open a work order who
  field2: fr-view=true blocks=true escaped=false ::  <p>1. Open an edit row and exercise the fields, keyboard, and validat
  field3: fr-view=true blocks=true escaped=false ::  <p>1. All field, keyboard, and validation behaviour from Story 2 appl
  field4: fr-view=false blocks=false escaped=false :: 

=== C45026 ===
  field0: fr-view=false blocks=false escaped=false :: 
  field1: fr-view=true blocks=true escaped=false ::  <p>1. A work order is open with status Estimate, Approved, In Progres
  field2: fr-view=true blocks=true escaped=false ::  <p>1. Open an edit row, change a value, and Save.</p> 
  field3: fr-view=true blocks=true escaped=false ::  <p>1. The part line is updated in place and the inline row closes, re
  field4: fr-view=false blocks=false escaped=false :: 

=== C45027 ===
  field0: fr-view=false blocks=false escaped=false :: 
  field1: fr-view=true blocks=true escaped=false ::  <p>1. In the top menu click “Work Orders”, then open a work order who
  field2: fr-view=true blocks=true escaped=false ::  <p>1. Open an edit row, change a value, and Save.<br>2. Observe wheth
  field3: fr-view=true blocks=true escaped=false ::  <p>1. No new empty inline row opens after an edit save; the repeat-en
  field4: fr-view=false blocks=false escaped=false :: 

=== C45028 ===
  field0: fr-view=false blocks=false escaped=false :: 
  field1: fr-view=true blocks=true escaped=false ::  <p>1. In the top menu click “Work Orders”, then open a work order who
  field2: fr-view=true blocks=true escaped=false ::  <p>1. Open the edit row, change only the quantity (do not re-link a c
  field3: fr-view=true blocks=true escaped=false ::  <p>1. Cost, sell price, and category are preserved unchanged when the
  field4: fr-view=false blocks=false escaped=false :: 

=== C45029 ===
  field0: fr-view=false blocks=false escaped=false :: 
  field1: fr-view=true blocks=true escaped=false ::  <p>1. In the top menu click “Work Orders”, then open a work order who
  field2: fr-view=true blocks=true escaped=false ::  <p>1. Open an edit row, change a field, then select the row’s close c
  field3: fr-view=true blocks=true escaped=false ::  <p>1. Because a field was changed, the discard confirmation from S6-R
  field4: fr-view=false blocks=false escaped=false :: 

=== C45030 ===
  field0: fr-view=false blocks=false escaped=false :: 
  field1: fr-view=true blocks=true escaped=false ::  <p>1. In the top menu click “Work Orders”, then open a work order who
  field2: fr-view=true blocks=true escaped=false ::  <p>1. Open an edit row and enter a quantity value.<br>2. In the part 
  field3: fr-view=true blocks=true escaped=false ::  <p>1. The row is repopulated from the newly selected part — descripti
  field4: fr-view=false blocks=false escaped=false :: 

=== C45031 ===
  field0: fr-view=false blocks=false escaped=false :: 
  field1: fr-view=true blocks=true escaped=false ::  <p>1. In the top menu click “Work Orders”, then open a work order who
  field2: fr-view=true blocks=true escaped=false ::  <p>1. Open an edit row, change nothing, and close it.</p> 
  field3: fr-view=true blocks=true escaped=false ::  <p>1. No confirmation is shown and no update is recorded.</p><p>---<b
  field4: fr-view=false blocks=false escaped=false :: 

=== C45032 ===
  field0: fr-view=false blocks=false escaped=false :: 
  field1: fr-view=true blocks=true escaped=false ::  <p>1. In the top menu click “Work Orders”, then open a work order who
  field2: fr-view=true blocks=true escaped=false ::  <p>1. Hover or focus an existing part line.</p> 
  field3: fr-view=true blocks=true escaped=false ::  <p>1. The Edit control is not displayed.</p><p>---<br>This is the exp
  field4: fr-view=false blocks=false escaped=false :: 

=== C45033 ===
  field0: fr-view=false blocks=false escaped=false :: 
  field1: fr-view=true blocks=true escaped=false ::  <p>1. In the top menu click “Work Orders”, then open a work order who
  field2: fr-view=true blocks=true escaped=false ::  <p>1. Open an edit row, clear the description, and attempt to Save.</
  field3: fr-view=true blocks=true escaped=false ::  <p>1. The row does not save and the combined validation from S2-N1 ap
  field4: fr-view=false blocks=false escaped=false :: 

=== C45034 ===
  field0: fr-view=false blocks=false escaped=false :: 
  field1: fr-view=true blocks=true escaped=false ::  <p>1. In the top menu click “Work Orders”, then open a work order who
  field2: fr-view=true blocks=true escaped=false ::  <p>1. Move the mouse over an existing part row and click its “edit” c
  field3: fr-view=true blocks=true escaped=false ::  <p>1. The change saves normally and the row returns to its read-only 
  field4: fr-view=false blocks=false escaped=false :: 

=== C45035 ===
  field0: fr-view=false blocks=false escaped=false :: 
  field1: fr-view=true blocks=true escaped=false ::  <p>1. In the top menu click “Work Orders”, then open a work order who
  field2: fr-view=true blocks=true escaped=false ::  <p>1. Open an edit row with changes.<br>2. Have the work order move t
  field3: fr-view=true blocks=true escaped=false ::  <p>1. The save fails exactly as S2-E3: the alert “This work order can
  field4: fr-view=false blocks=false escaped=false :: 

=== C45036 ===
  field0: fr-view=false blocks=false escaped=false :: 
  field1: fr-view=true blocks=true escaped=false ::  <p>1. In the top menu click “Work Orders”, then open a work order who
  field2: fr-view=true blocks=true escaped=false ::  <p>1. In the work order line's Parts section (see Preconditions), sel
  field3: fr-view=true blocks=true escaped=false ::  <p>1. The inline row displays six editable fields, in order: descript
  field4: fr-view=false blocks=false escaped=false :: 

=== C45037 ===
  field0: fr-view=false blocks=false escaped=false :: 
  field1: fr-view=true blocks=true escaped=false ::  <p>1. In the top menu click “Work Orders”, then open a work order who
  field2: fr-view=true blocks=true escaped=false ::  <p>1. Exercise the description, part number, and quantity fields as i
  field3: fr-view=true blocks=true escaped=false ::  <p>1. Description, part number, and quantity behaviour from Story 2 a
  field4: fr-view=false blocks=false escaped=false :: 

=== C45038 ===
  field0: fr-view=false blocks=false escaped=false :: 
  field1: fr-view=true blocks=true escaped=false ::  <p>1. In the top menu click “Work Orders”, then open a work order who
  field2: fr-view=true blocks=true escaped=false ::  <p>1. On the open inline part row (see Preconditions), select a catal
  field3: fr-view=true blocks=true escaped=false ::  <p>1. Cost and sell price populate automatically from the selected pa
  field4: fr-view=false blocks=false escaped=false :: 

=== C45039 ===
  field0: fr-view=false blocks=false escaped=false :: 
  field1: fr-view=true blocks=true escaped=false ::  <p>1. In the top menu click “Work Orders”, then open a work order who
  field2: fr-view=true blocks=true escaped=false ::  <p>1. With a normal (catalog) part selected, edit the cost and the se
  field3: fr-view=true blocks=true escaped=false ::  <p>1. For a normal part, the populated cost and sell price can both b
  field4: fr-view=false blocks=false escaped=false :: 

=== C45040 ===
  field0: fr-view=false blocks=false escaped=false :: 
  field1: fr-view=true blocks=true escaped=false ::  <p>1. In the top menu click “Work Orders”, then open a work order who
  field2: fr-view=true blocks=true escaped=false ::  <p>1. Open the category field and view the options.<br>2. Leave categ
  field3: fr-view=true blocks=true escaped=false ::  <p>1. The category field is a select of the shop's part categories.<b
  field4: fr-view=false blocks=false escaped=false :: 

=== C45041 ===
  field0: fr-view=false blocks=false escaped=false :: 
  field1: fr-view=true blocks=true escaped=false ::  <p>1. In the top menu click “Work Orders”, then open a work order who
  field2: fr-view=true blocks=true escaped=false ::  <p>1. Open the inline row and look at its actions.</p> 
  field3: fr-view=true blocks=true escaped=false ::  <p>1. The inline row displays a Save action, a “More options” action,
  field4: fr-view=false blocks=false escaped=false :: 

=== C45042 ===
  field0: fr-view=false blocks=false escaped=false :: 
  field1: fr-view=true blocks=true escaped=false ::  <p>1. In the top menu click “Work Orders”, then open a work order who
  field2: fr-view=true blocks=true escaped=false ::  <p>1. Enter description, quantity, cost, and sell price (leave part n
  field3: fr-view=true blocks=true escaped=false ::  <p>1. The part saves; part number and category are optional.<br>2. Om
  field4: fr-view=false blocks=false escaped=false :: 

=== C45043 ===
  field0: fr-view=false blocks=false escaped=false :: 
  field1: fr-view=true blocks=true escaped=false ::  <p>1. In the top menu click “Work Orders”, then open a work order who
  field2: fr-view=true blocks=true escaped=false ::  <p>1. Save a valid six-field inline row.</p> 
  field3: fr-view=true blocks=true escaped=false ::  <p>1. The part is added at the top of the line's parts list.<br>2. Th
  field4: fr-view=false blocks=false escaped=false :: 

=== C45044 ===
  field0: fr-view=false blocks=false escaped=false :: 
  field1: fr-view=true blocks=true escaped=false ::  <p>1. In the top menu click “Work Orders”, then open a work order who
  field2: fr-view=true blocks=true escaped=false ::  <p>1. Select “More options” in the inline row.</p> 
  field3: fr-view=true blocks=true escaped=false ::  <p>1. The part details modal (titled “New Part Request” when you are 
  field4: fr-view=false blocks=false escaped=false :: 

=== C45045 ===
  field0: fr-view=false blocks=false escaped=false :: 
  field1: fr-view=true blocks=true escaped=false ::  <p>1. In the top menu click “Work Orders”, then open a work order who
  field2: fr-view=true blocks=true escaped=false ::  <p>1. On the open inline part row (see Preconditions), select “More o
  field3: fr-view=true blocks=true escaped=false ::  <p>1. All values already entered in the inline row carry over into th
  field4: fr-view=false blocks=false escaped=false :: 

=== C45046 ===
  field0: fr-view=false blocks=false escaped=false :: 
  field1: fr-view=true blocks=true escaped=false ::  <p>1. In the top menu click “Work Orders”, then open a work order who
  field2: fr-view=true blocks=true escaped=false ::  <p>1. Complete the modal and select “Save Part”.</p> 
  field3: fr-view=true blocks=true escaped=false ::  <p>1. The part is added, the modal closes, and the inline row also cl
  field4: fr-view=false blocks=false escaped=false :: 

=== C45047 ===
  field0: fr-view=false blocks=false escaped=false :: 
  field1: fr-view=true blocks=true escaped=false ::  <p>1. In the top menu click “Work Orders”, then open a work order who
  field2: fr-view=true blocks=true escaped=false ::  <p>1. On the Full View inline add row, type some values, then click “
  field3: fr-view=true blocks=true escaped=false ::  <p>1. Cancelling the part details modal - via Cancel, the X, or Escap
  field4: fr-view=false blocks=false escaped=false :: 

=== C45048 ===
  field0: fr-view=false blocks=false escaped=false :: 
  field1: fr-view=true blocks=true escaped=false ::  <p>1. In the top menu click “Work Orders”, then open a work order who
  field2: fr-view=true blocks=true escaped=false ::  <p>1. Enter valid values and press Enter from any field.</p> 
  field3: fr-view=true blocks=true escaped=false ::  <p>1. Pressing Enter saves the row, matching the Tech View behaviour.
  field4: fr-view=false blocks=false escaped=false :: 

=== C45049 ===
  field0: fr-view=false blocks=false escaped=false :: 
  field1: fr-view=true blocks=true escaped=false ::  <p>1. In the top menu click “Work Orders”, then open a work order who
  field2: fr-view=true blocks=true escaped=false ::  <p>1. With the inline row open, press Shift+Enter.</p> 
  field3: fr-view=true blocks=true escaped=false ::  <p>1. The “More options” part details modal (titled “New Part Request
  field4: fr-view=false blocks=false escaped=false :: 

=== C45050 ===
  field0: fr-view=false blocks=false escaped=false :: 
  field1: fr-view=true blocks=true escaped=false ::  <p>1. In the top menu click “Work Orders”, then open a work order who
  field2: fr-view=true blocks=true escaped=false ::  <p>1. Place the cursor in the description field and press Tab repeate
  field3: fr-view=true blocks=true escaped=false ::  <p>1. Tab moves the cursor forward through the row and does not leave
  field4: fr-view=false blocks=false escaped=false :: 

=== C45051 ===
  field0: fr-view=false blocks=false escaped=false :: 
  field1: fr-view=true blocks=true escaped=false ::  <p>1. In the top menu click “Work Orders”, then open a work order who
  field2: fr-view=true blocks=true escaped=false ::  <p>1. With an empty inline row open, press Escape.</p> 
  field3: fr-view=true blocks=true escaped=false ::  <p>1. Escape closes the inline row, matching the Tech View behaviour.
  field4: fr-view=false blocks=false escaped=false :: 

=== C45052 ===
  field0: fr-view=false blocks=false escaped=false :: 
  field1: fr-view=true blocks=true escaped=false ::  <p>1. In the top menu click “Work Orders”, then open a work order who
  field2: fr-view=true blocks=true escaped=false ::  <p>1. Click somewhere on the page outside the inline row.</p> 
  field3: fr-view=true blocks=true escaped=false ::  <p>1. The inline row remains open and its data is preserved, matching
  field4: fr-view=false blocks=false escaped=false :: 

=== C45053 ===
  field0: fr-view=false blocks=false escaped=false :: 
  field1: fr-view=true blocks=true escaped=false ::  <p>1. In the top menu click “Work Orders”, then open a work order who
  field2: fr-view=true blocks=true escaped=false ::  <p>1. On the open inline part row (see Preconditions), read the keybo
  field3: fr-view=true blocks=true escaped=false ::  <p>1. The keyboard hint legend additionally shows: ⇧Enter — more opti
  field4: fr-view=false blocks=false escaped=false :: 

=== C45054 ===
  field0: fr-view=false blocks=false escaped=false :: 
  field1: fr-view=true blocks=true escaped=false ::  <p>1. In the top menu click “Work Orders”, then open a work order who
  field2: fr-view=true blocks=true escaped=false ::  <p>1. Enter a free-typed description with cost and sell price, no cat
  field3: fr-view=true blocks=true escaped=false ::  <p>1. The Requested flow applies equally in Full View: the part is ad
  field4: fr-view=false blocks=false escaped=false :: 

=== C45055 ===
  field0: fr-view=false blocks=false escaped=false :: 
  field1: fr-view=true blocks=true escaped=false ::  <p>1. In the top menu click “Work Orders”, then open a work order who
  field2: fr-view=true blocks=true escaped=false ::  <p>1. Type text that has no catalog match into the part number field 
  field3: fr-view=true blocks=true escaped=false ::  <p>1. The typeahead ends with a “Create &lt;typed text&gt; as a new p
  field4: fr-view=false blocks=false escaped=false :: 

=== C45056 ===
  field0: fr-view=false blocks=false escaped=false :: 
  field1: fr-view=true blocks=true escaped=false ::  <p>1. In the top menu click “Work Orders”, then open a work order who
  field2: fr-view=true blocks=true escaped=false ::  <p>1. Leave cost and sell price empty (with other fields set) and att
  field3: fr-view=true blocks=true escaped=false ::  <p>1. The row does not save and the single combined message names the
  field4: fr-view=false blocks=false escaped=false :: 

=== C45057 ===
  field0: fr-view=false blocks=false escaped=false :: 
  field1: fr-view=true blocks=true escaped=false ::  <p>1. In the top menu click “Work Orders”, then open a work order who
  field2: fr-view=true blocks=true escaped=false ::  <p>1. With an incomplete row (missing required fields), select “More 
  field3: fr-view=true blocks=true escaped=false ::  <p>1. Validation is not enforced when More Options is selected; the u
  field4: fr-view=false blocks=false escaped=false :: 

=== C45058 ===
  field0: fr-view=false blocks=false escaped=false :: 
  field1: fr-view=true blocks=true escaped=false ::  <p>1. In the top menu click “Work Orders”, then open a work order who
  field2: fr-view=true blocks=true escaped=false ::  <p>1. Enter a non-numeric value, then a negative value, in the cost f
  field3: fr-view=true blocks=true escaped=false ::  <p>1. The row does not save and the message names the field: “Cost mu
  field4: fr-view=false blocks=false escaped=false :: 

=== C45059 ===
  field0: fr-view=false blocks=false escaped=false :: 
  field1: fr-view=true blocks=true escaped=false ::  <p>1. In the top menu click “Work Orders”, then open a work order who
  field2: fr-view=true blocks=true escaped=false ::  <p>1. Enter a sell price lower than the cost and Save.</p> 
  field3: fr-view=true blocks=true escaped=false ::  <p>1. A non-blocking note is displayed in the row: “Sell price is bel
  field4: fr-view=false blocks=false escaped=false :: 

=== C45060 ===
  field0: fr-view=false blocks=false escaped=false :: 
  field1: fr-view=true blocks=true escaped=false ::  <p>1. In the top menu click “Work Orders”, then open a work order who
  field2: fr-view=true blocks=true escaped=false ::  <p>1. On the open inline part row (see Preconditions), select a catal
  field3: fr-view=true blocks=true escaped=false ::  <p>1. Those fields open empty and the user must enter them before sav
  field4: fr-view=false blocks=false escaped=false :: 

=== C45061 ===
  field0: fr-view=false blocks=false escaped=false :: 
  field1: fr-view=true blocks=true escaped=false ::  <p>1. In the top menu click “Work Orders”, then open a work order who
  field2: fr-view=true blocks=true escaped=false ::  <p>1. Have the work order move to a status that does not permit editi
  field3: fr-view=true blocks=true escaped=false ::  <p>1. The save fails exactly as S2-E3: the “This work order can no lo
  field4: fr-view=false blocks=false escaped=false :: 

=== C45062 ===
  field0: fr-view=false blocks=false escaped=false :: 
  field1: fr-view=true blocks=true escaped=false ::  <p>1. In the top menu click “Work Orders”, then open a work order who
  field2: fr-view=true blocks=true escaped=false ::  <p>1. Cause the save to fail for a reason other than an editability c
  field3: fr-view=true blocks=true escaped=false ::  <p>1. An alert toast is shown: “Couldn't add the part. Please try aga
  field4: fr-view=false blocks=false escaped=false :: 

=== C53477 ===
  field0: fr-view=false blocks=false escaped=false :: 
  field1: fr-view=true blocks=true escaped=false ::  <p>1. In the top menu click “Work Orders”, then open a work order who
  field2: fr-view=true blocks=true escaped=false ::  <p>1. In a work order line’s Parts section, click “Add Part” to open 
  field3: fr-view=true blocks=true escaped=false ::  <p>1. The inline add row shows only three fields: description, part n
  field4: fr-view=false blocks=false escaped=false :: 

=== C45063 ===
  field0: fr-view=false blocks=false escaped=false :: 
  field1: fr-view=true blocks=true escaped=false ::  <p>1. In the top menu click “Work Orders”, then open a work order who
  field2: fr-view=true blocks=true escaped=false ::  <p>1. In the work order line's Parts section (see Preconditions), sel
  field3: fr-view=true blocks=true escaped=false ::  <p>1. The part details modal (titled “New Part Request” when you are 
  field4: fr-view=false blocks=false escaped=false :: 

=== C45064 ===
  field0: fr-view=false blocks=false escaped=false :: 
  field1: fr-view=true blocks=true escaped=false ::  <p>1. In the top menu click “Work Orders”, then open a work order who
  field2: fr-view=true blocks=true escaped=false ::  <p>1. In the work order line's Parts section (see Preconditions), sel
  field3: fr-view=true blocks=true escaped=false ::  <p>1. There is no inline edit row for Full View users; the part line 
  field4: fr-view=false blocks=false escaped=false :: 

=== C45065 ===
  field0: fr-view=false blocks=false escaped=false :: 
  field1: fr-view=true blocks=true escaped=false ::  <p>1. In the top menu click “Work Orders”, then open a work order who
  field2: fr-view=true blocks=true escaped=false ::  <p>1. Change a value and save from the modal.</p> 
  field3: fr-view=true blocks=true escaped=false ::  <p>1. The part line is updated and the modal closes.<br>2. No inline 
  field4: fr-view=false blocks=false escaped=false :: 

=== C45066 ===
  field0: fr-view=false blocks=false escaped=false :: 
  field1: fr-view=true blocks=true escaped=false ::  <p>1. In the top menu click “Work Orders”, then open a work order who
  field2: fr-view=true blocks=true escaped=false ::  <p>1. Hover or focus an existing part line.</p> 
  field3: fr-view=true blocks=true escaped=false ::  <p>1. The Edit control is not displayed.</p><p>---<br>This is the exp
  field4: fr-view=false blocks=false escaped=false :: 

=== C45067 ===
  field0: fr-view=false blocks=false escaped=false :: 
  field1: fr-view=true blocks=true escaped=false ::  <p>1. In the top menu click “Work Orders”, then open a work order who
  field2: fr-view=true blocks=true escaped=false ::  <p>1. Cancel the modal.</p> 
  field3: fr-view=true blocks=true escaped=false ::  <p>1. The changes are discarded and the part line is left unchanged.<
  field4: fr-view=false blocks=false escaped=false :: 

=== C45068 ===
  field0: fr-view=false blocks=false escaped=false :: 
  field1: fr-view=true blocks=true escaped=false ::  <p>1. In the top menu click “Work Orders”, then open a work order who
  field2: fr-view=true blocks=true escaped=false ::  <p>1. In the work order line's Parts section (see Preconditions), sel
  field3: fr-view=true blocks=true escaped=false ::  <p>1. The S6-R5 confirmation applies before the part details modal (t
  field4: fr-view=false blocks=false escaped=false :: 

=== C45069 ===
  field0: fr-view=false blocks=false escaped=false :: 
  field1: fr-view=true blocks=true escaped=false ::  <p>1. In the top menu click “Work Orders”, then open a work order who
  field2: fr-view=true blocks=true escaped=false ::  <p>1. Select the row’s close control (the “×” at the end of the row; 
  field3: fr-view=true blocks=true escaped=false ::  <p>1. A confirmation is displayed — Title: “Discard this part?”, Body
  field4: fr-view=false blocks=false escaped=false :: 

=== C45070 ===
  field0: fr-view=false blocks=false escaped=false :: 
  field1: fr-view=true blocks=true escaped=false ::  <p>1. In the top menu click “Work Orders”, then open a work order who
  field2: fr-view=true blocks=true escaped=false ::  <p>1. Select the row’s close control (the “×” at the end of the row; 
  field3: fr-view=true blocks=true escaped=false ::  <p>1. The same confirmation is shown with edit wording — Title: “Disc
  field4: fr-view=false blocks=false escaped=false :: 

=== C45071 ===
  field0: fr-view=false blocks=false escaped=false :: 
  field1: fr-view=true blocks=true escaped=false ::  <p>1. In the top menu click “Work Orders”, then open a work order who
  field2: fr-view=true blocks=true escaped=false ::  <p>1. On the discard confirmation dialog (see Preconditions), select 
  field3: fr-view=true blocks=true escaped=false ::  <p>1. The confirmation closes and the user is returned to the inline 
  field4: fr-view=false blocks=false escaped=false :: 

=== C45072 ===
  field0: fr-view=false blocks=false escaped=false :: 
  field1: fr-view=true blocks=true escaped=false ::  <p>1. In the top menu click “Work Orders”, then open a work order who
  field2: fr-view=true blocks=true escaped=false ::  <p>1. Select “Discard Part” on an add row.<br>2. Repeat on an edit ro
  field3: fr-view=true blocks=true escaped=false ::  <p>1. On an add row the inline row closes without saving.<br>2. On an
  field4: fr-view=false blocks=false escaped=false :: 

=== C45073 ===
  field0: fr-view=false blocks=false escaped=false :: 
  field1: fr-view=true blocks=true escaped=false ::  <p>1. In the top menu click “Work Orders”, then open a work order who
  field2: fr-view=true blocks=true escaped=false ::  <p>1. Trigger navigation away from the work order via browser back, b
  field3: fr-view=true blocks=true escaped=false ::  <p>1. A confirmation is displayed — Title: “Leave without saving?”, B
  field4: fr-view=false blocks=false escaped=false :: 

=== C45074 ===
  field0: fr-view=false blocks=false escaped=false :: 
  field1: fr-view=true blocks=true escaped=false ::  <p>1. In the top menu click “Work Orders”, then open a work order who
  field2: fr-view=true blocks=true escaped=false ::  <p>1. Select “Add Part” on another work order line, or Edit on anothe
  field3: fr-view=true blocks=true escaped=false ::  <p>1. The S6-R1 confirmation is displayed.<br>2. Selecting “Discard P
  field4: fr-view=false blocks=false escaped=false :: 

=== C45075 ===
  field0: fr-view=false blocks=false escaped=false :: 
  field1: fr-view=true blocks=true escaped=false ::  <p>1. In the top menu click “Work Orders”, then open a work order who
  field2: fr-view=true blocks=true escaped=false ::  <p>1. Attempt to open a second inline row elsewhere on the work order
  field3: fr-view=true blocks=true escaped=false ::  <p>1. Only one inline row may be open on a work order at any time; op
  field4: fr-view=false blocks=false escaped=false :: 

=== C45076 ===
  field0: fr-view=false blocks=false escaped=false :: 
  field1: fr-view=true blocks=true escaped=false ::  <p>1. In the top menu click “Work Orders”, then open a work order who
  field2: fr-view=true blocks=true escaped=false ::  <p>1. On the open inline part row (see Preconditions), select the row
  field3: fr-view=true blocks=true escaped=false ::  <p>1. The row closes immediately with no confirmation.</p><p>---<br>T
  field4: fr-view=false blocks=false escaped=false :: 

=== C45077 ===
  field0: fr-view=false blocks=false escaped=false :: 
  field1: fr-view=true blocks=true escaped=false ::  <p>1. In the top menu click “Work Orders”, then open a work order who
  field2: fr-view=true blocks=true escaped=false ::  <p>1. Navigate away from the work order.</p> 
  field3: fr-view=true blocks=true escaped=false ::  <p>1. Navigation proceeds immediately with no confirmation.</p><p>---
  field4: fr-view=false blocks=false escaped=false :: 

=== C45078 ===
  field0: fr-view=false blocks=false escaped=false :: 
  field1: fr-view=true blocks=true escaped=false ::  <p>1. In the top menu click “Work Orders”, then open a work order who
  field2: fr-view=true blocks=true escaped=false ::  <p>1. Close the edit row, or navigate away.</p> 
  field3: fr-view=true blocks=true escaped=false ::  <p>1. Closing it or navigating away proceeds immediately with no conf
  field4: fr-view=false blocks=false escaped=false :: 

=== C45079 ===
  field0: fr-view=false blocks=false escaped=false :: 
  field1: fr-view=true blocks=true escaped=false ::  <p>1. In the top menu click “Work Orders”, then open a work order who
  field2: fr-view=true blocks=true escaped=false ::  <p>1. Navigate away from the work order.</p> 
  field3: fr-view=true blocks=true escaped=false ::  <p>1. Navigation is unaffected; no confirmation is shown.</p><p>---<b
  field4: fr-view=false blocks=false escaped=false :: 

=== C45080 ===
  field0: fr-view=false blocks=false escaped=false :: 
  field1: fr-view=true blocks=true escaped=false ::  <p>1. In the top menu click “Work Orders”, then open a work order who
  field2: fr-view=true blocks=true escaped=false ::  <p>1. Click somewhere on the page outside the inline row.</p> 
  field3: fr-view=true blocks=true escaped=false ::  <p>1. Clicking outside is not treated as navigating away and never tr
  field4: fr-view=false blocks=false escaped=false :: 

=== C45081 ===
  field0: fr-view=false blocks=false escaped=false :: 
  field1: fr-view=true blocks=true escaped=false ::  <p>1. In the top menu click “Work Orders”, then open a work order who
  field2: fr-view=true blocks=true escaped=false ::  <p>1. Save an inline row so the follow-on empty row opens.<br>2. Leav
  field3: fr-view=true blocks=true escaped=false ::  <p>1. The untouched follow-on empty row does not trigger any confirma
  field4: fr-view=false blocks=false escaped=false :: 

=== C45082 ===
  field0: fr-view=false blocks=false escaped=false :: 
  field1: fr-view=true blocks=true escaped=false ::  <p>1. In the top menu click “Work Orders”, then open a work order who
  field2: fr-view=true blocks=true escaped=false ::  <p>1. On the navigate-away confirmation dialog (see Preconditions), s
  field3: fr-view=true blocks=true escaped=false ::  <p>1. The entered part is discarded and the navigation the user reque
  field4: fr-view=false blocks=false escaped=false :: 

=== C45083 ===
  field0: fr-view=false blocks=false escaped=false :: 
  field1: fr-view=true blocks=true escaped=false ::  <p>1. In the top menu click “Work Orders”, then open a work order who
  field2: fr-view=true blocks=true escaped=false ::  <p>1. Select “Stay on Work Order”.</p> 
  field3: fr-view=true blocks=true escaped=false ::  <p>1. The navigation is cancelled, the user stays on the work order, 
  field4: fr-view=false blocks=false escaped=false :: 

=== C45221 ===
  field0: fr-view=false blocks=false escaped=false :: 
  field1: fr-view=true blocks=true escaped=false ::  <p>1. In the top menu click “Work Orders”, then open a work order who
  field2: fr-view=true blocks=true escaped=false ::  <p>1. On the open inline part row (see Preconditions), look at the se
  field3: fr-view=true blocks=true escaped=false ::  <p>1. Each catalog part carries a set of bins.<br>2. Every bin has a 
  field4: fr-view=false blocks=false escaped=false :: 

=== C45222 ===
  field0: fr-view=false blocks=false escaped=false :: 
  field1: fr-view=true blocks=true escaped=false ::  <p>1. In the top menu click “Work Orders”, then open a work order who
  field2: fr-view=true blocks=true escaped=false ::  <p>1. Open the inline row and search the part number typeahead.<br>2.
  field3: fr-view=true blocks=true escaped=false ::  <p>1. The result card shows the total inventory quantity across all b
  field4: fr-view=false blocks=false escaped=false :: 

=== C45223 ===
  field0: fr-view=false blocks=false escaped=false :: 
  field1: fr-view=true blocks=true escaped=false ::  <p>1. In the top menu click “Work Orders”, then open a work order who
  field2: fr-view=true blocks=true escaped=false ::  <p>1. On the open inline part row (see Preconditions), select a catal
  field3: fr-view=true blocks=true escaped=false ::  <p>1. When the Default bin covers the quantity, the full quantity is 
  field4: fr-view=false blocks=false escaped=false :: 

=== C45224 ===
  field0: fr-view=false blocks=false escaped=false :: 
  field1: fr-view=true blocks=true escaped=false ::  <p>1. In the top menu click “Work Orders”, then open a work order who
  field2: fr-view=true blocks=true escaped=false ::  <p>1. Select a stocked catalog part and look below the inline row.<br
  field3: fr-view=true blocks=true escaped=false ::  <p>1. While an allocation exists, it is displayed below the row as “P
  field4: fr-view=false blocks=false escaped=false :: 

=== C45225 ===
  field0: fr-view=false blocks=false escaped=false :: 
  field1: fr-view=true blocks=true escaped=false ::  <p>1. In the top menu click “Work Orders”, then open a work order who
  field2: fr-view=true blocks=true escaped=false ::  <p>1. Allocate the whole quantity to a single bin and read the chip l
  field3: fr-view=true blocks=true escaped=false ::  <p>1. For a single-bin allocation the chip label is the bin name.<br>
  field4: fr-view=false blocks=false escaped=false :: 

=== C45226 ===
  field0: fr-view=false blocks=false escaped=false :: 
  field1: fr-view=true blocks=true escaped=false ::  <p>1. In the top menu click “Work Orders”, then open a work order who
  field2: fr-view=true blocks=true escaped=false ::  <p>1. Select the “Pulled from” chip.</p> 
  field3: fr-view=true blocks=true escaped=false ::  <p>1. A picker opens listing every bin in catalog order, each with it
  field4: fr-view=false blocks=false escaped=false :: 

=== C45227 ===
  field0: fr-view=false blocks=false escaped=false :: 
  field1: fr-view=true blocks=true escaped=false ::  <p>1. In the top menu click “Work Orders”, then open a work order who
  field2: fr-view=true blocks=true escaped=false ::  <p>1. Choose a bin other than the current one from the picker.</p> 
  field3: fr-view=true blocks=true escaped=false ::  <p>1. The full quantity moves into the chosen bin.<br>2. The allocati
  field4: fr-view=false blocks=false escaped=false :: 

=== C45228 ===
  field0: fr-view=false blocks=false escaped=false :: 
  field1: fr-view=true blocks=true escaped=false ::  <p>1. In the top menu click “Work Orders”, then open a work order who
  field2: fr-view=true blocks=true escaped=false ::  <p>1. Allocate a quantity larger than the chosen bin's on-hand quanti
  field3: fr-view=true blocks=true escaped=false ::  <p>1. Allocating more than a bin's on-hand quantity is permitted; the
  field4: fr-view=false blocks=false escaped=false :: 

=== C45229 ===
  field0: fr-view=false blocks=false escaped=false :: 
  field1: fr-view=true blocks=true escaped=false ::  <p>1. In the top menu click “Work Orders”, then open a work order who
  field2: fr-view=true blocks=true escaped=false ::  <p>1. Look at the chip and the note beside it.</p> 
  field3: fr-view=true blocks=true escaped=false ::  <p>1. The chip is shown in warning styling.<br>2. This warning is dis
  field4: fr-view=false blocks=false escaped=false :: 

=== C45230 ===
  field0: fr-view=false blocks=false escaped=false :: 
  field1: fr-view=true blocks=true escaped=false ::  <p>1. In the top menu click “Work Orders”, then open a work order who
  field2: fr-view=true blocks=true escaped=false ::  <p>1. Look at the note beside the chip.</p> 
  field3: fr-view=true blocks=true escaped=false ::  <p>1. This informational note is displayed beside the chip: “Default 
  field4: fr-view=false blocks=false escaped=false :: 

=== C45231 ===
  field0: fr-view=false blocks=false escaped=false :: 
  field1: fr-view=true blocks=true escaped=false ::  <p>1. In the top menu click “Work Orders”, then open a work order who
  field2: fr-view=true blocks=true escaped=false ::  <p>1. With a manually chosen single bin, change the quantity.<br>2. W
  field3: fr-view=true blocks=true escaped=false ::  <p>1. When the user manually chose a single bin, that bin is kept and
  field4: fr-view=false blocks=false escaped=false :: 

=== C45232 ===
  field0: fr-view=false blocks=false escaped=false :: 
  field1: fr-view=true blocks=true escaped=false ::  <p>1. In the top menu click “Work Orders”, then open a work order who
  field2: fr-view=true blocks=true escaped=false ::  <p>1. As a Tech View user, select “Split across bins…” and note which
  field3: fr-view=true blocks=true escaped=false ::  <p>1. For a Tech View user - and for a Full View user WITHOUT the See
  field4: fr-view=false blocks=false escaped=false :: 

=== C45233 ===
  field0: fr-view=false blocks=false escaped=false :: 
  field1: fr-view=true blocks=true escaped=false ::  <p>1. In the top menu click “Work Orders”, then open a work order who
  field2: fr-view=true blocks=true escaped=false ::  <p>1. Inspect the modal's rows and actions.<br>2. Select the Auto act
  field3: fr-view=true blocks=true escaped=false ::  <p>1. The modal lists one row per bin, each showing name, a Default b
  field4: fr-view=false blocks=false escaped=false :: 

=== C45234 ===
  field0: fr-view=false blocks=false escaped=false :: 
  field1: fr-view=true blocks=true escaped=false ::  <p>1. In the top menu click “Work Orders”, then open a work order who
  field2: fr-view=true blocks=true escaped=false ::  <p>1. Enter allocations across two or more bins and select Apply.</p>
  field3: fr-view=true blocks=true escaped=false ::  <p>1. The split is written back to the inline row.<br>2. The row's qu
  field4: fr-view=false blocks=false escaped=false :: 

=== C45235 ===
  field0: fr-view=false blocks=false escaped=false :: 
  field1: fr-view=true blocks=true escaped=false ::  <p>1. In the top menu click “Work Orders”, then open a work order who
  field2: fr-view=true blocks=true escaped=false ::  <p>1. Look at the row for the already-negative bin.<br>2. Enter an al
  field3: fr-view=true blocks=true escaped=false ::  <p>1. Bins already at a negative on-hand quantity are displayed in er
  field4: fr-view=false blocks=false escaped=false :: 

=== C45236 ===
  field0: fr-view=false blocks=false escaped=false :: 
  field1: fr-view=true blocks=true escaped=false ::  <p>1. In the top menu click “Work Orders”, then open a work order who
  field2: fr-view=true blocks=true escaped=false ::  <p>1. Open the Tech View inline edit row on a part that already has a
  field3: fr-view=true blocks=true escaped=false ::  <p>1. The inline edit row carries the same chip, picker, warnings and
  field4: fr-view=false blocks=false escaped=false :: 

=== C45237 ===
  field0: fr-view=false blocks=false escaped=false :: 
  field1: fr-view=true blocks=true escaped=false ::  <p>1. In the top menu click “Work Orders”, then open a work order who
  field2: fr-view=true blocks=true escaped=false ::  <p>1. Allocate a bin, save the part, and look at the saved part row.<
  field3: fr-view=true blocks=true escaped=false ::  <p>1. The allocation is stored with the part line on save.<br>2. It i
  field4: fr-view=false blocks=false escaped=false :: 

=== C45238 ===
  field0: fr-view=false blocks=false escaped=false :: 
  field1: fr-view=true blocks=true escaped=false ::  <p>1. In the top menu click “Work Orders”, then open a work order who
  field2: fr-view=true blocks=true escaped=false ::  <p>1. From the row's last field, Tab toward the chip (per the spec's 
  field3: fr-view=true blocks=true escaped=false ::  <p>1. The “Pulled from” chip is reachable by Tab; it is the last Tab 
  field4: fr-view=false blocks=false escaped=false :: 

=== C45239 ===
  field0: fr-view=false blocks=false escaped=false :: 
  field1: fr-view=true blocks=true escaped=false ::  <p>1. In the top menu click “Work Orders”, then open a work order who
  field2: fr-view=true blocks=true escaped=false ::  <p>1. On the open inline part row (see Preconditions), select a catal
  field3: fr-view=true blocks=true escaped=false ::  <p>1. The part gets no allocation and no chip.<br>2. The “Pulled from
  field4: fr-view=false blocks=false escaped=false :: 

=== C45240 ===
  field0: fr-view=false blocks=false escaped=false :: 
  field1: fr-view=true blocks=true escaped=false ::  <p>1. In the top menu click “Work Orders”, then open a work order who
  field2: fr-view=true blocks=true escaped=false ::  <p>1. Free-type a description with no catalog part selected.</p> 
  field3: fr-view=true blocks=true escaped=false ::  <p>1. A part not linked to the catalog gets no allocation and no chip
  field4: fr-view=false blocks=false escaped=false :: 

=== C45242 ===
  field0: fr-view=false blocks=false escaped=false :: 
  field1: fr-view=true blocks=true escaped=false ::  <p>1. In the top menu click “Work Orders”, then open a work order who
  field2: fr-view=true blocks=true escaped=false ::  <p>1. On the open inline part row (see Preconditions), select the par
  field3: fr-view=true blocks=true escaped=false ::  <p>1. When the Default bin covers the quantity, no note is shown even
  field4: fr-view=false blocks=false escaped=false :: 

=== C45243 ===
  field0: fr-view=false blocks=false escaped=false :: 
  field1: fr-view=true blocks=true escaped=false ::  <p>1. In the top menu click “Work Orders”, then open a work order who
  field2: fr-view=true blocks=true escaped=false ::  <p>1. On the open inline part row (see Preconditions), create a split
  field3: fr-view=true blocks=true escaped=false ::  <p>1. A split allocation never shows the takes-negative warning from 
  field4: fr-view=false blocks=false escaped=false :: 

=== C45084 ===
  field0: fr-view=false blocks=false escaped=false :: 
  field1: fr-view=true blocks=true escaped=false ::  <p>1. In the top menu click “Work Orders” and open a work order by cl
  field2: fr-view=true blocks=true escaped=false ::  <p>1. Open the More (overflow/actions) menu on the work order toolbar
  field3: fr-view=true blocks=true escaped=false ::  <p>1. A “Print Work Order” option appears in the More menu.</p><p>---
  field4: fr-view=false blocks=false escaped=false :: 

=== C45085 ===
  field0: fr-view=false blocks=false escaped=false :: 
  field1: fr-view=true blocks=true escaped=false ::  <p>1. In the top menu click “Work Orders” and open a work order by cl
  field2: fr-view=true blocks=true escaped=false ::  <p>1. Open the More menu and inspect the Print item.</p> 
  field3: fr-view=true blocks=true escaped=false ::  <p>1. The menu item displays the label “Print Work Order”.<br>2. It i
  field4: fr-view=false blocks=false escaped=false :: 

=== C45086 ===
  field0: fr-view=false blocks=false escaped=false :: 
  field1: fr-view=true blocks=true escaped=false ::  <p>1. In the top menu click “Work Orders” and open a work order by cl
  field2: fr-view=true blocks=true escaped=false ::  <p>1. Open the More menu and note the order of items.</p> 
  field3: fr-view=true blocks=true escaped=false ::  <p>1. The Print Work Order item is positioned below the Timesheets op
  field4: fr-view=false blocks=false escaped=false :: 

=== C45087 ===
  field0: fr-view=false blocks=false escaped=false :: 
  field1: fr-view=true blocks=true escaped=false ::  <p>1. In the top menu click “Work Orders” and open a work order by cl
  field2: fr-view=true blocks=true escaped=false ::  <p>1. Select “Print Work Order” from the More menu.</p> 
  field3: fr-view=true blocks=true escaped=false ::  <p>1. The browser's native print dialog opens.</p><p>---<br>This is t
  field4: fr-view=false blocks=false escaped=false :: 

=== C45088 ===
  field0: fr-view=false blocks=false escaped=false :: 
  field1: fr-view=true blocks=true escaped=false ::  <p>1. In the top menu click “Work Orders” and open a work order by cl
  field2: fr-view=true blocks=true escaped=false ::  <p>1. Open work orders with each status: Estimate, Approved, In Progr
  field3: fr-view=true blocks=true escaped=false ::  <p>1. The Print option is available on all of those statuses.</p><p>N
  field4: fr-view=false blocks=false escaped=false :: 

=== C45089 ===
  field0: fr-view=false blocks=false escaped=false :: 
  field1: fr-view=true blocks=true escaped=false ::  <p>1. In the top menu click “Work Orders” and open a work order by cl
  field2: fr-view=true blocks=true escaped=false ::  <p>1. Open the More menu on a desktop view.<br>2. Open the More menu 
  field3: fr-view=true blocks=true escaped=false ::  <p>1. The Print option is available on both desktop and mobile views.
  field4: fr-view=false blocks=false escaped=false :: 

=== C45090 ===
  field0: fr-view=false blocks=false escaped=false :: 
  field1: fr-view=true blocks=true escaped=false ::  <p>1. Sign in as a user whose role cannot view work orders, or have a
  field2: fr-view=true blocks=true escaped=false ::  <p>1. Attempt to open the work order detail page.</p> 
  field3: fr-view=true blocks=true escaped=false ::  <p>1. You cannot access the work order detail page and therefore cann
  field4: fr-view=false blocks=false escaped=false :: 

=== C45091 ===
  field0: fr-view=false blocks=false escaped=false :: 
  field1: fr-view=true blocks=true escaped=false ::  <p>1. In the top menu click “Work Orders” and open a work order by cl
  field2: fr-view=true blocks=true escaped=false ::  <p>1. Open the work order and open the More menu while line item data
  field3: fr-view=true blocks=true escaped=false ::  <p>1. The Print option is disabled (grayed out and non-clickable) unt
  field4: fr-view=false blocks=false escaped=false :: 

=== C45092 ===
  field0: fr-view=false blocks=false escaped=false :: 
  field1: fr-view=true blocks=true escaped=false ::  <p>1. In the top menu click “Work Orders” and open a work order by cl
  field2: fr-view=true blocks=true escaped=false ::  <p>1. Look at the top of the printed page.</p> 
  field3: fr-view=true blocks=true escaped=false ::  <p>1. The printed page displays the work order number prominently at 
  field4: fr-view=false blocks=false escaped=false :: 

=== C45093 ===
  field0: fr-view=false blocks=false escaped=false :: 
  field1: fr-view=true blocks=true escaped=false ::  <p>1. In the top menu click “Work Orders” and open a work order by cl
  field2: fr-view=true blocks=true escaped=false ::  <p>1. Look at the top of the printed page next to the work order numb
  field3: fr-view=true blocks=true escaped=false ::  <p>1. The work order status is displayed next to the work order numbe
  field4: fr-view=false blocks=false escaped=false :: 

=== C45094 ===
  field0: fr-view=false blocks=false escaped=false :: 
  field1: fr-view=true blocks=true escaped=false ::  <p>1. In the top menu click “Work Orders” and open a work order by cl
  field2: fr-view=true blocks=true escaped=false ::  <p>1. On the Print Work Order view (see Preconditions), read the head
  field3: fr-view=true blocks=true escaped=false ::  <p>1. The header displays: customer name (and company name if present
  field4: fr-view=false blocks=false escaped=false :: 

=== C45095 ===
  field0: fr-view=false blocks=false escaped=false :: 
  field1: fr-view=true blocks=true escaped=false ::  <p>1. In the top menu click “Work Orders” and open a work order by cl
  field2: fr-view=true blocks=true escaped=false ::  <p>1. On the Print Work Order view (see Preconditions), read the head
  field3: fr-view=true blocks=true escaped=false ::  <p>1. Fields that have no value are omitted from the printout rather 
  field4: fr-view=false blocks=false escaped=false :: 

=== C45096 ===
  field0: fr-view=false blocks=false escaped=false :: 
  field1: fr-view=true blocks=true escaped=false ::  <p>1. In the top menu click “Work Orders” and open a work order by cl
  field2: fr-view=true blocks=true escaped=false ::  <p>1. On the Print Work Order view (see Preconditions), read the head
  field3: fr-view=true blocks=true escaped=false ::  <p>1. The shop name or organization name appears in the header area t
  field4: fr-view=false blocks=false escaped=false :: 

=== C45097 ===
  field0: fr-view=false blocks=false escaped=false :: 
  field1: fr-view=true blocks=true escaped=false ::  <p>1. In the top menu click “Work Orders” and open a work order by cl
  field2: fr-view=true blocks=true escaped=false ::  <p>1. Read the customer section of the printout.</p> 
  field3: fr-view=true blocks=true escaped=false ::  <p>1. The customer section displays “No customer assigned”.</p><p>NOT
  field4: fr-view=false blocks=false escaped=false :: 

=== C45098 ===
  field0: fr-view=false blocks=false escaped=false :: 
  field1: fr-view=true blocks=true escaped=false ::  <p>1. In the top menu click “Work Orders” and open a work order by cl
  field2: fr-view=true blocks=true escaped=false ::  <p>1. Read the vehicle section of the printout.</p> 
  field3: fr-view=true blocks=true escaped=false ::  <p>1. The vehicle section displays “No vehicle assigned”.</p><p>NOTE 
  field4: fr-view=false blocks=false escaped=false :: 

=== C45099 ===
  field0: fr-view=false blocks=false escaped=false :: 
  field1: fr-view=true blocks=true escaped=false ::  <p>1. In the top menu click “Work Orders” and open a work order by cl
  field2: fr-view=true blocks=true escaped=false ::  <p>1. On the Print Work Order view (see Preconditions), read a line i
  field3: fr-view=true blocks=true escaped=false ::  <p>1. Each line item displays: line number; line description (name); 
  field4: fr-view=false blocks=false escaped=false :: 

=== C45100 ===
  field0: fr-view=false blocks=false escaped=false :: 
  field1: fr-view=true blocks=true escaped=false ::  <p>1. In the top menu click “Work Orders” and open a work order by cl
  field2: fr-view=true blocks=true escaped=false ::  <p>1. Read the parts listed under a line on the printout.</p> 
  field3: fr-view=true blocks=true escaped=false ::  <p>1. Parts associated with each line are listed showing: part descri
  field4: fr-view=false blocks=false escaped=false :: 

=== C45101 ===
  field0: fr-view=false blocks=false escaped=false :: 
  field1: fr-view=true blocks=true escaped=false ::  <p>1. In the top menu click “Work Orders” and open a work order by cl
  field2: fr-view=true blocks=true escaped=false ::  <p>1. Inspect the line items and parts on the printout for any pricin
  field3: fr-view=true blocks=true escaped=false ::  <p>1. No pricing is shown — no labor rates, margins, line totals, par
  field4: fr-view=false blocks=false escaped=false :: 

=== C45102 ===
  field0: fr-view=false blocks=false escaped=false :: 
  field1: fr-view=true blocks=true escaped=false ::  <p>1. In the top menu click “Work Orders” and open a work order by cl
  field2: fr-view=true blocks=true escaped=false ::  <p>1. Inspect the line items on the printout.</p> 
  field3: fr-view=true blocks=true escaped=false ::  <p>1. The Action column (Approve, Decline, Complete buttons) and the 
  field4: fr-view=false blocks=false escaped=false :: 

=== C45103 ===
  field0: fr-view=false blocks=false escaped=false :: 
  field1: fr-view=true blocks=true escaped=false ::  <p>1. In the top menu click “Work Orders” and open a work order by cl
  field2: fr-view=true blocks=true escaped=false ::  <p>1. Compare the line order on the printout with the on-screen order
  field3: fr-view=true blocks=true escaped=false ::  <p>1. Lines are printed in the same order they appear on screen (by l
  field4: fr-view=false blocks=false escaped=false :: 

=== C45104 ===
  field0: fr-view=false blocks=false escaped=false :: 
  field1: fr-view=true blocks=true escaped=false ::  <p>1. In the top menu click “Work Orders” and open a work order by cl
  field2: fr-view=true blocks=true escaped=false ::  <p>1. On the Print Work Order view (see Preconditions), read the prin
  field3: fr-view=true blocks=true escaped=false ::  <p>1. Line items with a status of “Cancelled” still appear on the pri
  field4: fr-view=false blocks=false escaped=false :: 

=== C45105 ===
  field0: fr-view=false blocks=false escaped=false :: 
  field1: fr-view=true blocks=true escaped=false ::  <p>1. In the top menu click “Work Orders” and open a work order by cl
  field2: fr-view=true blocks=true escaped=false ::  <p>1. On the Print Work Order view (see Preconditions), look at the s
  field3: fr-view=true blocks=true escaped=false ::  <p>1. Each work order line group (main line plus its sub-rows for tec
  field4: fr-view=false blocks=false escaped=false :: 

=== C45106 ===
  field0: fr-view=false blocks=false escaped=false :: 
  field1: fr-view=true blocks=true escaped=false ::  <p>1. In the top menu click “Work Orders” and open a work order by cl
  field2: fr-view=true blocks=true escaped=false ::  <p>1. On the Print Work Order view (see Preconditions), read a line t
  field3: fr-view=true blocks=true escaped=false ::  <p>1. The tech story row is omitted entirely — no placeholder text (f
  field4: fr-view=false blocks=false escaped=false :: 

=== C45107 ===
  field0: fr-view=false blocks=false escaped=false :: 
  field1: fr-view=true blocks=true escaped=false ::  <p>1. In the top menu click “Work Orders” and open a work order by cl
  field2: fr-view=true blocks=true escaped=false ::  <p>1. Read the line items section of the printout.</p> 
  field3: fr-view=true blocks=true escaped=false ::  <p>1. The line items section displays “No lines on this work order”.<
  field4: fr-view=false blocks=false escaped=false :: 

=== C45108 ===
  field0: fr-view=false blocks=false escaped=false :: 
  field1: fr-view=true blocks=true escaped=false ::  <p>1. In the top menu click “Work Orders” and open a work order by cl
  field2: fr-view=true blocks=true escaped=false ::  <p>1. Read a line that has no parts on the printout.</p> 
  field3: fr-view=true blocks=true escaped=false ::  <p>1. No parts section appears for a line that has no parts.</p><p>--
  field4: fr-view=false blocks=false escaped=false :: 

=== C45109 ===
  field0: fr-view=false blocks=false escaped=false :: 
  field1: fr-view=true blocks=true escaped=false ::  <p>1. In the top menu click “Work Orders” and open a work order by cl
  field2: fr-view=true blocks=true escaped=false ::  <p>1. On the Print Work Order view (see Preconditions), read a line w
  field3: fr-view=true blocks=true escaped=false ::  <p>1. The technician area is omitted for a line that has no assigned 
  field4: fr-view=false blocks=false escaped=false :: 

=== C45110 ===
  field0: fr-view=false blocks=false escaped=false :: 
  field1: fr-view=true blocks=true escaped=false ::  <p>1. In the top menu click “Work Orders” and open a work order by cl
  field2: fr-view=true blocks=true escaped=false ::  <p>1. Print and review the multi-page output.</p> 
  field3: fr-view=true blocks=true escaped=false ::  <p>1. The printout flows across multiple pages with line items contin
  field4: fr-view=false blocks=false escaped=false :: 

=== C45111 ===
  field0: fr-view=false blocks=false escaped=false :: 
  field1: fr-view=true blocks=true escaped=false ::  <p>1. In the top menu click “Work Orders” and open a work order by cl
  field2: fr-view=true blocks=true escaped=false ::  <p>1. On the Print Work Order view (see Preconditions), read the long
  field3: fr-view=true blocks=true escaped=false ::  <p>1. The tech story wraps and prints in full; it is not truncated.</
  field4: fr-view=false blocks=false escaped=false :: 

=== C45112 ===
  field0: fr-view=false blocks=false escaped=false :: 
  field1: fr-view=true blocks=true escaped=false ::  <p>1. In the top menu click “Work Orders” and open a work order by cl
  field2: fr-view=true blocks=true escaped=false ::  <p>1. Read the summary section that appears after all line items.</p>
  field3: fr-view=true blocks=true escaped=false ::  <p>1. A summary section appears after all line items, displaying tota
  field4: fr-view=false blocks=false escaped=false :: 

=== C45113 ===
  field0: fr-view=false blocks=false escaped=false :: 
  field1: fr-view=true blocks=true escaped=false ::  <p>1. In the top menu click “Work Orders” and open a work order by cl
  field2: fr-view=true blocks=true escaped=false ::  <p>1. Inspect the summary section for any pricing.</p> 
  field3: fr-view=true blocks=true escaped=false ::  <p>1. No pricing is shown in the summary — no parts subtotal, labor s
  field4: fr-view=false blocks=false escaped=false :: 

=== C45114 ===
  field0: fr-view=false blocks=false escaped=false :: 
  field1: fr-view=true blocks=true escaped=false ::  <p>1. In the top menu click “Work Orders” and open a work order by cl
  field2: fr-view=true blocks=true escaped=false ::  <p>1. On the Print Work Order view (see Preconditions), look at the b
  field3: fr-view=true blocks=true escaped=false ::  <p>1. The print timestamp (date and time of printing) appears at the 
  field4: fr-view=false blocks=false escaped=false :: 

=== C45115 ===
  field0: fr-view=false blocks=false escaped=false :: 
  field1: fr-view=true blocks=true escaped=false ::  <p>1. In the top menu click “Work Orders” and open a work order by cl
  field2: fr-view=true blocks=true escaped=false ::  <p>1. Review the footer of each printed page.</p> 
  field3: fr-view=true blocks=true escaped=false ::  <p>1. The work order number repeats in the footer of each printed pag
  field4: fr-view=false blocks=false escaped=false :: 

=== C45116 ===
  field0: fr-view=false blocks=false escaped=false :: 
  field1: fr-view=true blocks=true escaped=false ::  <p>1. In the top menu click “Work Orders” and open a work order by cl
  field2: fr-view=true blocks=true escaped=false ::  <p>1. Read the summary section of the printout.</p> 
  field3: fr-view=true blocks=true escaped=false ::  <p>1. The summary shows zero totals rather than being hidden, and the
  field4: fr-view=false blocks=false escaped=false :: 

=== C45117 ===
  field0: fr-view=false blocks=false escaped=false :: 
  field1: fr-view=true blocks=true escaped=false ::  <p>1. In the top menu click “Work Orders” and open a work order by cl
  field2: fr-view=true blocks=true escaped=false ::  <p>1. Inspect the printout for application chrome and interactive con
  field3: fr-view=true blocks=true escaped=false ::  <p>1. The following are hidden: application navigation (sidebar, top 
  field4: fr-view=false blocks=false escaped=false :: 

=== C45118 ===
  field0: fr-view=false blocks=false escaped=false :: 
  field1: fr-view=true blocks=true escaped=false ::  <p>1. In the top menu click “Work Orders” and open a work order by cl
  field2: fr-view=true blocks=true escaped=false ::  <p>1. Trigger print and review the rendered print view.</p> 
  field3: fr-view=true blocks=true escaped=false ::  <p>1. The printout uses black text on a white background regardless o
  field4: fr-view=false blocks=false escaped=false :: 

=== C45119 ===
  field0: fr-view=false blocks=false escaped=false :: 
  field1: fr-view=true blocks=true escaped=false ::  <p>1. In the top menu click “Work Orders” and open a work order by cl
  field2: fr-view=true blocks=true escaped=false ::  <p>1. Review the text size on the printout.</p> 
  field3: fr-view=true blocks=true escaped=false ::  <p>1. Text is sized for comfortable reading on paper (no smaller than
  field4: fr-view=false blocks=false escaped=false :: 

=== C45120 ===
  field0: fr-view=false blocks=false escaped=false :: 
  field1: fr-view=true blocks=true escaped=false ::  <p>1. In the top menu click “Work Orders” and open a work order by cl
  field2: fr-view=true blocks=true escaped=false ::  <p>1. Print with portrait orientation on US Letter or A4 paper and re
  field3: fr-view=true blocks=true escaped=false ::  <p>1. The layout is optimized for portrait orientation on US Letter o
  field4: fr-view=false blocks=false escaped=false :: 

=== C45121 ===
  field0: fr-view=false blocks=false escaped=false :: 
  field1: fr-view=true blocks=true escaped=false ::  <p>1. In the top menu click “Work Orders” and open a work order by cl
  field2: fr-view=true blocks=true escaped=false ::  <p>1. Inspect the status badges on the printout.</p> 
  field3: fr-view=true blocks=true escaped=false ::  <p>1. Status badges print as plain text labels (not colored chips) to
  field4: fr-view=false blocks=false escaped=false :: 

=== C45122 ===
  field0: fr-view=false blocks=false escaped=false :: 
  field1: fr-view=true blocks=true escaped=false ::  <p>1. In the top menu click “Work Orders” and open a work order by cl
  field2: fr-view=true blocks=true escaped=false ::  <p>1. Manually select landscape orientation in the browser print dial
  field3: fr-view=true blocks=true escaped=false ::  <p>1. The layout remains readable; content does not overflow or clip.
  field4: fr-view=false blocks=false escaped=false :: 

=== C45123 ===
  field0: fr-view=false blocks=false escaped=false :: 
  field1: fr-view=true blocks=true escaped=false ::  <p>1. In the top menu click “Work Orders”, then click a work order’s 
  field2: fr-view=true blocks=true escaped=false ::  <p>1. At the top right of the work order, between “SHOPCOACH ANALYSIS
  field3: fr-view=true blocks=true escaped=false ::  <p>1. The top row of the “Event” column reads “Work order printed”, a
  field4: fr-view=false blocks=false escaped=false :: 

=== C45124 ===
  field0: fr-view=false blocks=false escaped=false :: 
  field1: fr-view=true blocks=true escaped=false ::  <p>1. In the top menu click “Work Orders” and open a work order by cl
  field2: fr-view=true blocks=true escaped=false ::  <p>1. Print the work order and open the audit entry.</p> 
  field3: fr-view=true blocks=true escaped=false ::  <p>1. The audit log entry records the user who triggered the print an
  field4: fr-view=false blocks=false escaped=false :: 

=== C45125 ===
  field0: fr-view=false blocks=false escaped=false :: 
  field1: fr-view=true blocks=true escaped=false ::  <p>1. In the top menu click “Work Orders” and open a work order by cl
  field2: fr-view=true blocks=true escaped=false ::  <p>1. Print the work order and open the History tab.</p> 
  field3: fr-view=true blocks=true escaped=false ::  <p>1. The audit log entry is visible in the work order's History tab,
  field4: fr-view=false blocks=false escaped=false :: 

=== C45126 ===
  field0: fr-view=false blocks=false escaped=false :: 
  field1: fr-view=true blocks=true escaped=false ::  <p>1. In the top menu click “Work Orders” and open a work order by cl
  field2: fr-view=true blocks=true escaped=false ::  <p>1. Select “Print Work Order”, then cancel the browser print dialog
  field3: fr-view=true blocks=true escaped=false ::  <p>1. The “Work Order Printed” event is still logged (the system cann
  field4: fr-view=false blocks=false escaped=false :: 

=== C45127 ===
  field0: fr-view=false blocks=false escaped=false :: 
  field1: fr-view=true blocks=true escaped=false ::  <p>1. In the top menu click “Work Orders” and open a work order by cl
  field2: fr-view=true blocks=true escaped=false ::  <p>1. Print the same work order three times.<br>2. Open the audit his
  field3: fr-view=true blocks=true escaped=false ::  <p>1. Each print action creates a separate audit log entry.</p><p>---
  field4: fr-view=false blocks=false escaped=false :: 
DONE
